2024-01-13 00:44:37,003 - INFO: +---------------+--------------------+
| Parameter     | Value              |
+---------------+--------------------+
| dataroot      | ./data             |
+---------------+--------------------+
| word2vec_path | ./word2vec-768.txt |
+---------------+--------------------+
| seed          | 999                |
+---------------+--------------------+
| device        | 0                  |
+---------------+--------------------+
| testing       | False              |
+---------------+--------------------+
| noise         | 1                  |
+---------------+--------------------+
| anti_noise    | True               |
+---------------+--------------------+
| batch_size    | 32                 |
+---------------+--------------------+
| lr            | 0.001              |
+---------------+--------------------+
| max_epoch     | 100                |
+---------------+--------------------+
| encoder_cell  | GRU                |
+---------------+--------------------+
| rnn           | GRU                |
+---------------+--------------------+
| dropout       | 0.200              |
+---------------+--------------------+
| embed_size    | 768                |
+---------------+--------------------+
| hidden_size   | 512                |
+---------------+--------------------+
| num_layer     | 1                  |
+---------------+--------------------+
| num_head      | 8                  |
+---------------+--------------------+
| use_crf       | True               |
+---------------+--------------------+
| model         | transformer        |
+---------------+--------------------+
| vocab_size    | 1741               |
+---------------+--------------------+
| pad_idx       | 0                  |
+---------------+--------------------+
| num_tags      | 74                 |
+---------------+--------------------+
| tag_pad_idx   | 0                  |
+---------------+--------------------+
2024-01-13 00:44:37,007 - INFO: Total training steps: 16000
2024-01-13 00:44:37,007 - INFO: =================Start training =================================
2024-01-13 00:44:43,536 - INFO: Training: 	Epoch: 0	Time: 6.5295	Training Loss: 0.5871
2024-01-13 00:44:44,162 - INFO: Evaluation: 	Epoch: 0	Time: 0.5625	Dev acc: 87.37	Dev fscore(p/r/f): (99.76/88.22/93.64)
2024-01-13 00:44:44,311 - INFO: FINAL BEST RESULT: 	Epoch: 0	Dev loss: 0.0309	Dev acc: 87.3743	Dev fscore(p/r/f): (99.7642/88.2169/93.6359)
