2024-01-12 15:14:29,447 - INFO: +---------------+--------------------+
| Parameter     | Value              |
+---------------+--------------------+
| dataroot      | ./data             |
+---------------+--------------------+
| word2vec_path | ./word2vec-768.txt |
+---------------+--------------------+
| seed          | 999                |
+---------------+--------------------+
| device        | cuda               |
+---------------+--------------------+
| testing       | False              |
+---------------+--------------------+
| batch_size    | 32                 |
+---------------+--------------------+
| lr            | 0.001              |
+---------------+--------------------+
| max_epoch     | 100                |
+---------------+--------------------+
| encoder_cell  | GRU                |
+---------------+--------------------+
| rnn           | GRU                |
+---------------+--------------------+
| dropout       | 0                  |
+---------------+--------------------+
| embed_size    | 768                |
+---------------+--------------------+
| hidden_size   | 128                |
+---------------+--------------------+
| num_layer     | 1                  |
+---------------+--------------------+
| noise         | 1                  |
+---------------+--------------------+
2024-01-12 15:14:39,560 - INFO: train. loss: 6.570964429551654
2024-01-12 15:14:40,498 - INFO: Acc: 0.26145, F1 Score: 0.00000, Avg. Loss: 6.45125
2024-01-12 15:14:40,498 - INFO: New best!
2024-01-12 15:14:48,946 - INFO: train. loss: 6.460059825690419
2024-01-12 15:14:49,853 - INFO: Acc: 0.26145, F1 Score: 0.00000, Avg. Loss: 6.45095
2024-01-12 15:14:58,632 - INFO: train. loss: 6.4598427378111145
2024-01-12 15:14:59,589 - INFO: Acc: 0.26145, F1 Score: 0.00000, Avg. Loss: 6.45079
2024-01-12 15:15:08,532 - INFO: train. loss: 6.459524431043301
2024-01-12 15:15:09,471 - INFO: Acc: 0.26145, F1 Score: 0.00000, Avg. Loss: 6.45073
2024-01-12 15:15:18,014 - INFO: train. loss: 6.4594678283753835
2024-01-12 15:15:18,935 - INFO: Acc: 0.26145, F1 Score: 0.00000, Avg. Loss: 6.45068
2024-01-12 15:15:27,907 - INFO: train. loss: 6.459469826116604
2024-01-12 15:15:28,868 - INFO: Acc: 0.26145, F1 Score: 0.00000, Avg. Loss: 6.45063
2024-01-12 15:15:37,433 - INFO: train. loss: 6.4594445213944764
2024-01-12 15:15:38,428 - INFO: Acc: 0.26145, F1 Score: 0.00000, Avg. Loss: 6.45061
