2024-01-12 23:32:15,617 - INFO: +---------------+--------------------+
| Parameter     | Value              |
+---------------+--------------------+
| dataroot      | ./data             |
+---------------+--------------------+
| word2vec_path | ./word2vec-768.txt |
+---------------+--------------------+
| seed          | 999                |
+---------------+--------------------+
| device        | 0                  |
+---------------+--------------------+
| testing       | False              |
+---------------+--------------------+
| noise         | 1                  |
+---------------+--------------------+
| anti_noise    | True               |
+---------------+--------------------+
| batch_size    | 32                 |
+---------------+--------------------+
| lr            | 0.001              |
+---------------+--------------------+
| max_epoch     | 100                |
+---------------+--------------------+
| encoder_cell  | GRU                |
+---------------+--------------------+
| rnn           | GRU                |
+---------------+--------------------+
| dropout       | 0.200              |
+---------------+--------------------+
| embed_size    | 768                |
+---------------+--------------------+
| hidden_size   | 512                |
+---------------+--------------------+
| num_layer     | 1                  |
+---------------+--------------------+
| num_head      | 8                  |
+---------------+--------------------+
| model         | baseline           |
+---------------+--------------------+
| vocab_size    | 1741               |
+---------------+--------------------+
| pad_idx       | 0                  |
+---------------+--------------------+
| num_tags      | 74                 |
+---------------+--------------------+
| tag_pad_idx   | 0                  |
+---------------+--------------------+
2024-01-12 23:32:15,620 - INFO: Total training steps: 16000
2024-01-12 23:32:15,621 - INFO: =================Start training =================================
2024-01-12 23:32:19,477 - INFO: Training: 	Epoch: 0	Time: 3.8551	Training Loss: 0.9284
