2024-01-13 00:36:07,388 - INFO: +---------------+--------------------+
| Parameter     | Value              |
+---------------+--------------------+
| dataroot      | ./data             |
+---------------+--------------------+
| word2vec_path | ./word2vec-768.txt |
+---------------+--------------------+
| seed          | 999                |
+---------------+--------------------+
| device        | 0                  |
+---------------+--------------------+
| testing       | False              |
+---------------+--------------------+
| noise         | 1                  |
+---------------+--------------------+
| anti_noise    | True               |
+---------------+--------------------+
| batch_size    | 32                 |
+---------------+--------------------+
| lr            | 0.001              |
+---------------+--------------------+
| max_epoch     | 100                |
+---------------+--------------------+
| encoder_cell  | GRU                |
+---------------+--------------------+
| rnn           | GRU                |
+---------------+--------------------+
| dropout       | 0.200              |
+---------------+--------------------+
| embed_size    | 768                |
+---------------+--------------------+
| hidden_size   | 512                |
+---------------+--------------------+
| num_layer     | 1                  |
+---------------+--------------------+
| num_head      | 8                  |
+---------------+--------------------+
| use_crf       | True               |
+---------------+--------------------+
| model         | baseline           |
+---------------+--------------------+
| vocab_size    | 1741               |
+---------------+--------------------+
| pad_idx       | 0                  |
+---------------+--------------------+
| num_tags      | 74                 |
+---------------+--------------------+
| tag_pad_idx   | 0                  |
+---------------+--------------------+
2024-01-13 00:36:07,391 - INFO: Total training steps: 16000
2024-01-13 00:36:07,391 - INFO: =================Start training =================================
2024-01-13 00:36:13,467 - INFO: Training: 	Epoch: 0	Time: 6.0763	Training Loss: 5.4926
2024-01-13 00:36:15,724 - INFO: Evaluation: 	Epoch: 0	Time: 2.2011	Dev acc: 74.19	Dev fscore(p/r/f): (80.98/79.46/80.21)
2024-01-13 00:36:15,780 - INFO: FINAL BEST RESULT: 	Epoch: 0	Dev loss: 3.2206	Dev acc: 74.1899	Dev fscore(p/r/f): (80.9777/79.4578/80.2105)
