2024-01-12 15:19:16,726 - INFO: +---------------+--------------------+
| Parameter     | Value              |
+---------------+--------------------+
| dataroot      | ./data             |
+---------------+--------------------+
| word2vec_path | ./word2vec-768.txt |
+---------------+--------------------+
| seed          | 999                |
+---------------+--------------------+
| device        | cuda               |
+---------------+--------------------+
| testing       | False              |
+---------------+--------------------+
| batch_size    | 32                 |
+---------------+--------------------+
| lr            | 0.001              |
+---------------+--------------------+
| max_epoch     | 100                |
+---------------+--------------------+
| encoder_cell  | GRU                |
+---------------+--------------------+
| rnn           | GRU                |
+---------------+--------------------+
| dropout       | 0                  |
+---------------+--------------------+
| embed_size    | 768                |
+---------------+--------------------+
| hidden_size   | 128                |
+---------------+--------------------+
| num_layer     | 1                  |
+---------------+--------------------+
| noise         | 1                  |
+---------------+--------------------+
2024-01-12 15:19:26,874 - INFO: train. loss: 5.818183573772588
2024-01-12 15:19:27,792 - INFO: Acc: 0.80112, F1 Score: 0.85412, Avg. Loss: 5.88468
2024-01-12 15:19:27,792 - INFO: New best!
2024-01-12 15:19:36,365 - INFO: train. loss: 5.818407320789294
2024-01-12 15:19:37,269 - INFO: Acc: 0.78994, F1 Score: 0.84652, Avg. Loss: 5.88890
2024-01-12 15:19:45,631 - INFO: train. loss: 5.8187222979884075
2024-01-12 15:19:46,522 - INFO: Acc: 0.77318, F1 Score: 0.83135, Avg. Loss: 5.89589
2024-01-12 15:19:54,845 - INFO: train. loss: 5.818665029406751
2024-01-12 15:19:55,773 - INFO: Acc: 0.79441, F1 Score: 0.85056, Avg. Loss: 5.88522
2024-01-12 15:20:04,361 - INFO: train. loss: 5.8188474897715645
2024-01-12 15:20:05,280 - INFO: Acc: 0.79218, F1 Score: 0.84738, Avg. Loss: 5.88924
2024-01-12 15:20:13,843 - INFO: train. loss: 5.818525187521309
2024-01-12 15:20:14,815 - INFO: Acc: 0.80335, F1 Score: 0.85864, Avg. Loss: 5.88576
2024-01-12 15:20:14,815 - INFO: New best!
2024-01-12 15:20:23,972 - INFO: train. loss: 5.818240842354244
2024-01-12 15:20:24,893 - INFO: Acc: 0.78436, F1 Score: 0.83943, Avg. Loss: 5.88881
2024-01-12 15:20:33,184 - INFO: train. loss: 5.818029747698602
2024-01-12 15:20:34,145 - INFO: Acc: 0.79777, F1 Score: 0.85446, Avg. Loss: 5.88656
