2024-01-12 14:06:45,945 - INFO: +---------------+--------------------+
| Parameter     | Value              |
+---------------+--------------------+
| dataroot      | ./data             |
+---------------+--------------------+
| word2vec_path | ./word2vec-768.txt |
+---------------+--------------------+
| seed          | 999                |
+---------------+--------------------+
| device        | 0                  |
+---------------+--------------------+
| testing       | False              |
+---------------+--------------------+
| batch_size    | 32                 |
+---------------+--------------------+
| lr            | 0.001              |
+---------------+--------------------+
| max_epoch     | 100                |
+---------------+--------------------+
| encoder_cell  | LSTM               |
+---------------+--------------------+
| dropout       | 0                  |
+---------------+--------------------+
| embed_size    | 768                |
+---------------+--------------------+
| hidden_size   | 512                |
+---------------+--------------------+
| num_layer     | 2                  |
+---------------+--------------------+
| noise         | 1                  |
+---------------+--------------------+
2024-01-12 14:07:07,605 - INFO: train. loss: 6.506002546454143
2024-01-12 14:07:09,451 - INFO: Acc: 0.26145, F1 Score: 0.00000, Avg. Loss: 6.45053
2024-01-12 14:07:09,451 - INFO: New best!
2024-01-12 14:07:29,088 - INFO: train. loss: 6.459414555276168
2024-01-12 14:07:30,966 - INFO: Acc: 0.26145, F1 Score: 0.00000, Avg. Loss: 6.45053
2024-01-12 14:07:50,453 - INFO: train. loss: 6.459413889362428
2024-01-12 14:07:52,289 - INFO: Acc: 0.26145, F1 Score: 0.00000, Avg. Loss: 6.45053
2024-01-12 14:08:12,756 - INFO: train. loss: 6.45942188032731
2024-01-12 14:08:14,685 - INFO: Acc: 0.26145, F1 Score: 0.00000, Avg. Loss: 6.45053
