2024-01-12 18:59:59,304 - INFO: +---------------+--------------------+
| Parameter     | Value              |
+---------------+--------------------+
| dataroot      | ./data             |
+---------------+--------------------+
| word2vec_path | ./word2vec-768.txt |
+---------------+--------------------+
| seed          | 999                |
+---------------+--------------------+
| device        | cuda               |
+---------------+--------------------+
| testing       | False              |
+---------------+--------------------+
| batch_size    | 32                 |
+---------------+--------------------+
| lr            | 0.010              |
+---------------+--------------------+
| max_epoch     | 100                |
+---------------+--------------------+
| encoder_cell  | GRU                |
+---------------+--------------------+
| rnn           | GRU                |
+---------------+--------------------+
| dropout       | 0                  |
+---------------+--------------------+
| embed_size    | 768                |
+---------------+--------------------+
| hidden_size   | 128                |
+---------------+--------------------+
| num_layer     | 1                  |
+---------------+--------------------+
| noise         | 1                  |
+---------------+--------------------+
2024-01-12 19:00:06,414 - INFO: Epoch: 0  train. loss: 6.479242802804296
2024-01-12 19:00:07,327 - INFO: Acc: 0.26145, F1 Score: 0.00000,0.00000,0.00000, Avg. Loss: 6.45052
2024-01-12 19:00:11,639 - INFO: Epoch: 1  train. loss: 6.384760963603819
2024-01-12 19:00:12,588 - INFO: Acc: 0.26145, F1 Score: 0.00000,0.00000,0.00000, Avg. Loss: 6.27984
2024-01-12 19:00:16,875 - INFO: Epoch: 2  train. loss: 6.284373135441528
2024-01-12 19:00:17,850 - INFO: Acc: 0.26145, F1 Score: 0.00000,0.00000,0.00000, Avg. Loss: 6.25845
2024-01-12 19:00:22,519 - INFO: Epoch: 3  train. loss: 6.225695480310263
2024-01-12 19:00:23,467 - INFO: Acc: 0.43017, F1 Score: 0.79474,0.35446,0.49026, Avg. Loss: 6.12992
2024-01-12 19:00:28,150 - INFO: Epoch: 4  train. loss: 6.144844895371633
2024-01-12 19:00:29,011 - INFO: Acc: 0.42905, F1 Score: 0.83761,0.34507,0.48878, Avg. Loss: 6.13285
2024-01-12 19:00:33,290 - INFO: Epoch: 5  train. loss: 6.140298036353563
2024-01-12 19:00:34,295 - INFO: Acc: 0.42793, F1 Score: 0.76750,0.36033,0.49042, Avg. Loss: 6.12574
2024-01-12 19:00:38,694 - INFO: Epoch: 6  train. loss: 6.132937025869417
2024-01-12 19:00:39,537 - INFO: Acc: 0.42346, F1 Score: 0.79675,0.34507,0.48157, Avg. Loss: 6.13568
2024-01-12 19:00:43,790 - INFO: Epoch: 7  train. loss: 6.13038790807194
2024-01-12 19:00:44,645 - INFO: Acc: 0.43017, F1 Score: 0.79167,0.35681,0.49191, Avg. Loss: 6.13918
2024-01-12 19:00:48,975 - INFO: Epoch: 8  train. loss: 6.130747501491647
2024-01-12 19:00:49,900 - INFO: Acc: 0.43352, F1 Score: 0.75845,0.36854,0.49605, Avg. Loss: 6.12407
2024-01-12 19:00:54,189 - INFO: Epoch: 9  train. loss: 6.123734763893625
2024-01-12 19:00:55,152 - INFO: Acc: 0.43128, F1 Score: 0.79948,0.36033,0.49676, Avg. Loss: 6.12400
2024-01-12 19:00:59,421 - INFO: Epoch: 10  train. loss: 6.119662035458575
2024-01-12 19:01:00,351 - INFO: Acc: 0.43240, F1 Score: 0.84298,0.35915,0.50370, Avg. Loss: 6.12405
2024-01-12 19:01:04,600 - INFO: Epoch: 11  train. loss: 6.117145547434368
2024-01-12 19:01:05,578 - INFO: Acc: 0.43575, F1 Score: 0.81510,0.36737,0.50647, Avg. Loss: 6.12094
2024-01-12 19:01:09,940 - INFO: Epoch: 12  train. loss: 6.118967487427549
2024-01-12 19:01:10,926 - INFO: Acc: 0.43352, F1 Score: 0.79494,0.36854,0.50361, Avg. Loss: 6.11919
2024-01-12 19:01:15,433 - INFO: Epoch: 13  train. loss: 6.116515593036141
2024-01-12 19:01:16,466 - INFO: Acc: 0.37877, F1 Score: 0.77288,0.26761,0.39756, Avg. Loss: 6.17884
2024-01-12 19:01:20,771 - INFO: Epoch: 14  train. loss: 6.124316106588817
2024-01-12 19:01:21,726 - INFO: Acc: 0.44246, F1 Score: 0.79284,0.36385,0.49879, Avg. Loss: 6.11684
2024-01-12 19:01:26,134 - INFO: Epoch: 15  train. loss: 6.116935784606206
2024-01-12 19:01:27,142 - INFO: Acc: 0.42346, F1 Score: 0.80332,0.34038,0.47815, Avg. Loss: 6.12710
2024-01-12 19:01:31,498 - INFO: Epoch: 16  train. loss: 6.119572137103648
2024-01-12 19:01:32,415 - INFO: Acc: 0.43464, F1 Score: 0.80263,0.35798,0.49513, Avg. Loss: 6.12072
2024-01-12 19:01:36,732 - INFO: Epoch: 17  train. loss: 6.118224327693488
2024-01-12 19:01:37,667 - INFO: Acc: 0.43017, F1 Score: 0.77525,0.36033,0.49199, Avg. Loss: 6.11963
2024-01-12 19:01:42,105 - INFO: Epoch: 18  train. loss: 6.104186866050119
2024-01-12 19:01:43,024 - INFO: Acc: 0.48827, F1 Score: 0.81522,0.44014,0.57165, Avg. Loss: 6.10685
2024-01-12 19:01:47,681 - INFO: Epoch: 19  train. loss: 6.091202879943744
2024-01-12 19:01:48,690 - INFO: Acc: 0.47598, F1 Score: 0.74645,0.43192,0.54721, Avg. Loss: 6.10933
2024-01-12 19:01:52,925 - INFO: Epoch: 20  train. loss: 6.085673798158882
2024-01-12 19:01:53,983 - INFO: Acc: 0.48045, F1 Score: 0.75203,0.43427,0.55060, Avg. Loss: 6.10790
2024-01-12 19:01:58,531 - INFO: Epoch: 21  train. loss: 6.082037243223661
2024-01-12 19:01:59,430 - INFO: Acc: 0.48492, F1 Score: 0.76735,0.44131,0.56036, Avg. Loss: 6.10720
2024-01-12 19:02:03,739 - INFO: Epoch: 22  train. loss: 6.079310326457552
2024-01-12 19:02:04,606 - INFO: Acc: 0.48715, F1 Score: 0.77049,0.44131,0.56119, Avg. Loss: 6.10667
2024-01-12 19:02:09,109 - INFO: Epoch: 23  train. loss: 6.076897720976816
2024-01-12 19:02:10,012 - INFO: Acc: 0.48715, F1 Score: 0.77254,0.44249,0.56269, Avg. Loss: 6.10618
2024-01-12 19:02:14,259 - INFO: Epoch: 24  train. loss: 6.0748267292448
2024-01-12 19:02:15,173 - INFO: Acc: 0.48715, F1 Score: 0.77572,0.44249,0.56353, Avg. Loss: 6.10603
2024-01-12 19:02:19,458 - INFO: Epoch: 25  train. loss: 6.073353062137743
2024-01-12 19:02:20,377 - INFO: Acc: 0.48827, F1 Score: 0.77664,0.44484,0.56567, Avg. Loss: 6.10568
2024-01-12 19:02:24,675 - INFO: Epoch: 26  train. loss: 6.072033887018411
2024-01-12 19:02:25,607 - INFO: Acc: 0.48603, F1 Score: 0.77618,0.44366,0.56460, Avg. Loss: 6.10583
2024-01-12 19:02:30,126 - INFO: Epoch: 27  train. loss: 6.070963763637914
2024-01-12 19:02:31,052 - INFO: Acc: 0.48603, F1 Score: 0.77618,0.44366,0.56460, Avg. Loss: 6.10580
2024-01-12 19:02:35,552 - INFO: Epoch: 28  train. loss: 6.07004347084896
2024-01-12 19:02:36,481 - INFO: Acc: 0.48492, F1 Score: 0.77572,0.44249,0.56353, Avg. Loss: 6.10563
2024-01-12 19:02:41,062 - INFO: Epoch: 29  train. loss: 6.069173121590522
2024-01-12 19:02:41,970 - INFO: Acc: 0.48380, F1 Score: 0.77526,0.44131,0.56245, Avg. Loss: 6.10525
2024-01-12 19:02:46,511 - INFO: Epoch: 30  train. loss: 6.068364036396181
2024-01-12 19:02:47,438 - INFO: Acc: 0.48268, F1 Score: 0.77479,0.44014,0.56138, Avg. Loss: 6.10518
2024-01-12 19:02:51,749 - INFO: Epoch: 31  train. loss: 6.067600899249915
2024-01-12 19:02:52,757 - INFO: Acc: 0.48268, F1 Score: 0.77479,0.44014,0.56138, Avg. Loss: 6.10473
2024-01-12 19:02:57,293 - INFO: Epoch: 32  train. loss: 6.066901689822707
2024-01-12 19:02:58,427 - INFO: Acc: 0.48268, F1 Score: 0.77479,0.44014,0.56138, Avg. Loss: 6.10433
2024-01-12 19:03:02,730 - INFO: Epoch: 33  train. loss: 6.0661911598619165
2024-01-12 19:03:03,597 - INFO: Acc: 0.48268, F1 Score: 0.77479,0.44014,0.56138, Avg. Loss: 6.10443
2024-01-12 19:03:07,955 - INFO: Epoch: 34  train. loss: 6.065548553102626
2024-01-12 19:03:08,922 - INFO: Acc: 0.48268, F1 Score: 0.77640,0.44014,0.56180, Avg. Loss: 6.10404
2024-01-12 19:03:13,238 - INFO: Epoch: 35  train. loss: 6.064979862768497
2024-01-12 19:03:14,177 - INFO: Acc: 0.48156, F1 Score: 0.77686,0.44131,0.56287, Avg. Loss: 6.10360
2024-01-12 19:03:18,764 - INFO: Epoch: 36  train. loss: 6.064296635271053
2024-01-12 19:03:19,722 - INFO: Acc: 0.48492, F1 Score: 0.78170,0.44131,0.56414, Avg. Loss: 6.10392
2024-01-12 19:03:24,051 - INFO: Epoch: 37  train. loss: 6.063725281281964
2024-01-12 19:03:24,979 - INFO: Acc: 0.48492, F1 Score: 0.78497,0.44131,0.56499, Avg. Loss: 6.10355
2024-01-12 19:03:29,252 - INFO: Epoch: 38  train. loss: 6.063125958915786
2024-01-12 19:03:30,189 - INFO: Acc: 0.48603, F1 Score: 0.78216,0.44249,0.56522, Avg. Loss: 6.10333
2024-01-12 19:03:34,462 - INFO: Epoch: 39  train. loss: 6.062638510057961
2024-01-12 19:03:35,394 - INFO: Acc: 0.48715, F1 Score: 0.78870,0.44249,0.56692, Avg. Loss: 6.10338
2024-01-12 19:03:39,676 - INFO: Epoch: 40  train. loss: 6.062107776807023
2024-01-12 19:03:40,598 - INFO: Acc: 0.48715, F1 Score: 0.79079,0.44366,0.56842, Avg. Loss: 6.10299
2024-01-12 19:03:44,945 - INFO: Epoch: 41  train. loss: 6.061561727540061
2024-01-12 19:03:45,870 - INFO: Acc: 0.48715, F1 Score: 0.78870,0.44249,0.56692, Avg. Loss: 6.10308
2024-01-12 19:03:50,169 - INFO: Epoch: 42  train. loss: 6.061047642132629
2024-01-12 19:03:51,113 - INFO: Acc: 0.48715, F1 Score: 0.78914,0.44366,0.56799, Avg. Loss: 6.10233
2024-01-12 19:03:55,393 - INFO: Epoch: 43  train. loss: 6.060543545431299
2024-01-12 19:03:56,255 - INFO: Acc: 0.48715, F1 Score: 0.78914,0.44366,0.56799, Avg. Loss: 6.10239
2024-01-12 19:04:00,560 - INFO: Epoch: 44  train. loss: 6.060045441953631
2024-01-12 19:04:01,488 - INFO: Acc: 0.48715, F1 Score: 0.79079,0.44366,0.56842, Avg. Loss: 6.10218
2024-01-12 19:04:05,788 - INFO: Epoch: 45  train. loss: 6.059561322664507
2024-01-12 19:04:06,722 - INFO: Acc: 0.48603, F1 Score: 0.78750,0.44366,0.56757, Avg. Loss: 6.10206
2024-01-12 19:04:11,039 - INFO: Epoch: 46  train. loss: 6.059093185305148
2024-01-12 19:04:11,940 - INFO: Acc: 0.48715, F1 Score: 0.78958,0.44484,0.56907, Avg. Loss: 6.10180
2024-01-12 19:04:16,478 - INFO: Epoch: 47  train. loss: 6.0586889756648485
2024-01-12 19:04:17,410 - INFO: Acc: 0.48715, F1 Score: 0.79123,0.44484,0.56950, Avg. Loss: 6.10176
2024-01-12 19:04:21,716 - INFO: Epoch: 48  train. loss: 6.058177553912376
2024-01-12 19:04:22,673 - INFO: Acc: 0.48492, F1 Score: 0.78947,0.44014,0.56518, Avg. Loss: 6.10189
2024-01-12 19:04:27,317 - INFO: Epoch: 49  train. loss: 6.057715409776679
2024-01-12 19:04:28,235 - INFO: Acc: 0.48380, F1 Score: 0.78903,0.43897,0.56410, Avg. Loss: 6.10212
2024-01-12 19:04:32,571 - INFO: Epoch: 50  train. loss: 6.057287893155472
2024-01-12 19:04:33,489 - INFO: Acc: 0.48380, F1 Score: 0.78903,0.43897,0.56410, Avg. Loss: 6.10193
2024-01-12 19:04:38,017 - INFO: Epoch: 51  train. loss: 6.05680843526253
2024-01-12 19:04:38,929 - INFO: Acc: 0.48380, F1 Score: 0.78571,0.43897,0.56325, Avg. Loss: 6.10174
2024-01-12 19:04:43,536 - INFO: Epoch: 52  train. loss: 6.056362273056597
2024-01-12 19:04:44,437 - INFO: Acc: 0.48380, F1 Score: 0.78170,0.44131,0.56414, Avg. Loss: 6.10143
2024-01-12 19:04:48,848 - INFO: Epoch: 53  train. loss: 6.055966054381179
2024-01-12 19:04:49,779 - INFO: Acc: 0.48492, F1 Score: 0.78497,0.44131,0.56499, Avg. Loss: 6.10153
2024-01-12 19:04:54,465 - INFO: Epoch: 54  train. loss: 6.055520558088987
2024-01-12 19:04:55,401 - INFO: Acc: 0.48156, F1 Score: 0.78316,0.43662,0.56066, Avg. Loss: 6.10237
2024-01-12 19:05:00,224 - INFO: Epoch: 55  train. loss: 6.055128334896011
2024-01-12 19:05:01,154 - INFO: Acc: 0.48380, F1 Score: 0.78407,0.43897,0.56283, Avg. Loss: 6.10191
2024-01-12 19:05:05,611 - INFO: Epoch: 56  train. loss: 6.054660863450392
2024-01-12 19:05:06,590 - INFO: Acc: 0.48156, F1 Score: 0.77778,0.43545,0.55831, Avg. Loss: 6.10195
2024-01-12 19:05:11,231 - INFO: Epoch: 57  train. loss: 6.054189396522332
2024-01-12 19:05:12,158 - INFO: Acc: 0.48268, F1 Score: 0.78316,0.43662,0.56066, Avg. Loss: 6.10217
2024-01-12 19:05:16,809 - INFO: Epoch: 58  train. loss: 6.053720593249233
2024-01-12 19:05:17,908 - INFO: Acc: 0.48268, F1 Score: 0.77871,0.43779,0.56048, Avg. Loss: 6.10146
2024-01-12 19:05:22,611 - INFO: Epoch: 59  train. loss: 6.053227817081487
2024-01-12 19:05:23,545 - INFO: Acc: 0.48156, F1 Score: 0.78298,0.43192,0.55673, Avg. Loss: 6.10258
2024-01-12 19:05:28,100 - INFO: Epoch: 60  train. loss: 6.052659126747358
2024-01-12 19:05:29,135 - INFO: Acc: 0.48492, F1 Score: 0.78407,0.43897,0.56283, Avg. Loss: 6.10091
2024-01-12 19:05:33,512 - INFO: Epoch: 61  train. loss: 6.052107750170474
2024-01-12 19:05:34,371 - INFO: Acc: 0.48268, F1 Score: 0.78801,0.43192,0.55800, Avg. Loss: 6.10215
2024-01-12 19:05:38,772 - INFO: Epoch: 62  train. loss: 6.051594330676782
2024-01-12 19:05:39,687 - INFO: Acc: 0.48492, F1 Score: 0.78692,0.43779,0.56259, Avg. Loss: 6.10092
2024-01-12 19:05:44,020 - INFO: Epoch: 63  train. loss: 6.051003665189226
2024-01-12 19:05:44,976 - INFO: Acc: 0.48603, F1 Score: 0.79060,0.43427,0.56061, Avg. Loss: 6.10099
2024-01-12 19:05:49,268 - INFO: Epoch: 64  train. loss: 6.050439636251278
2024-01-12 19:05:50,212 - INFO: Acc: 0.48715, F1 Score: 0.79140,0.43192,0.55885, Avg. Loss: 6.10087
2024-01-12 19:05:54,516 - INFO: Epoch: 65  train. loss: 6.049894252898056
2024-01-12 19:05:55,383 - INFO: Acc: 0.48827, F1 Score: 0.79185,0.43310,0.55994, Avg. Loss: 6.10022
2024-01-12 19:05:59,652 - INFO: Epoch: 66  train. loss: 6.049323564822707
2024-01-12 19:06:00,589 - INFO: Acc: 0.48380, F1 Score: 0.79130,0.42723,0.55488, Avg. Loss: 6.10094
2024-01-12 19:06:04,876 - INFO: Epoch: 67  train. loss: 6.048865416169451
2024-01-12 19:06:05,831 - INFO: Acc: 0.48827, F1 Score: 0.79570,0.43427,0.56188, Avg. Loss: 6.09972
2024-01-12 19:06:10,449 - INFO: Epoch: 68  train. loss: 6.048294728094102
2024-01-12 19:06:11,392 - INFO: Acc: 0.48827, F1 Score: 0.79482,0.43192,0.55970, Avg. Loss: 6.09961
2024-01-12 19:06:16,429 - INFO: Epoch: 69  train. loss: 6.047843238578247
2024-01-12 19:06:17,350 - INFO: Acc: 0.49162, F1 Score: 0.79531,0.43779,0.56472, Avg. Loss: 6.09863
2024-01-12 19:06:22,047 - INFO: Epoch: 70  train. loss: 6.047421049266962
2024-01-12 19:06:22,904 - INFO: Acc: 0.48939, F1 Score: 0.79015,0.43310,0.55951, Avg. Loss: 6.09886
2024-01-12 19:06:27,662 - INFO: Epoch: 71  train. loss: 6.047005519093079
2024-01-12 19:06:28,592 - INFO: Acc: 0.48492, F1 Score: 0.78326,0.42840,0.55387, Avg. Loss: 6.09955
2024-01-12 19:06:33,357 - INFO: Epoch: 72  train. loss: 6.046570011506989
2024-01-12 19:06:34,254 - INFO: Acc: 0.49050, F1 Score: 0.79149,0.43662,0.56278, Avg. Loss: 6.09836
2024-01-12 19:06:38,601 - INFO: Epoch: 73  train. loss: 6.046196433898738
2024-01-12 19:06:39,651 - INFO: Acc: 0.49274, F1 Score: 0.79574,0.43897,0.56581, Avg. Loss: 6.09845
2024-01-12 19:06:43,972 - INFO: Epoch: 74  train. loss: 6.04576292405387
2024-01-12 19:06:44,997 - INFO: Acc: 0.48603, F1 Score: 0.79095,0.43075,0.55775, Avg. Loss: 6.09973
2024-01-12 19:06:49,347 - INFO: Epoch: 75  train. loss: 6.045301445831913
2024-01-12 19:06:50,303 - INFO: Acc: 0.49162, F1 Score: 0.79149,0.43662,0.56278, Avg. Loss: 6.09852
2024-01-12 19:06:54,682 - INFO: Epoch: 76  train. loss: 6.044936525102284
2024-01-12 19:06:55,543 - INFO: Acc: 0.48827, F1 Score: 0.78846,0.43310,0.55909, Avg. Loss: 6.09859
