2024-01-12 17:56:19,534 - INFO: +---------------+--------------------+
| Parameter     | Value              |
+---------------+--------------------+
| dataroot      | ./data             |
+---------------+--------------------+
| word2vec_path | ./word2vec-768.txt |
+---------------+--------------------+
| seed          | 999                |
+---------------+--------------------+
| device        | cuda               |
+---------------+--------------------+
| testing       | False              |
+---------------+--------------------+
| batch_size    | 32                 |
+---------------+--------------------+
| lr            | 0.010              |
+---------------+--------------------+
| max_epoch     | 100                |
+---------------+--------------------+
| encoder_cell  | GRU                |
+---------------+--------------------+
| rnn           | GRU                |
+---------------+--------------------+
| dropout       | 0                  |
+---------------+--------------------+
| embed_size    | 768                |
+---------------+--------------------+
| hidden_size   | 128                |
+---------------+--------------------+
| num_layer     | 1                  |
+---------------+--------------------+
| noise         | 1                  |
+---------------+--------------------+
2024-01-12 17:56:25,673 - INFO: Epoch: 0  train. loss: 6.479242802804296
2024-01-12 17:56:26,587 - INFO: Acc: 0.26145, F1 Score: 0.00000,0.00000,0.00000, Avg. Loss: 6.45052
2024-01-12 17:56:30,882 - INFO: Epoch: 1  train. loss: 6.384760963603819
2024-01-12 17:56:31,817 - INFO: Acc: 0.26145, F1 Score: 0.00000,0.00000,0.00000, Avg. Loss: 6.27984
2024-01-12 17:56:36,085 - INFO: Epoch: 2  train. loss: 6.284373135441528
2024-01-12 17:56:37,007 - INFO: Acc: 0.26145, F1 Score: 0.00000,0.00000,0.00000, Avg. Loss: 6.25845
2024-01-12 17:56:41,301 - INFO: Epoch: 3  train. loss: 6.225695480310263
2024-01-12 17:56:42,213 - INFO: Acc: 0.43017, F1 Score: 0.79474,0.35446,0.49026, Avg. Loss: 6.12992
2024-01-12 17:56:46,513 - INFO: Epoch: 4  train. loss: 6.144844895371633
2024-01-12 17:56:47,450 - INFO: Acc: 0.42905, F1 Score: 0.83761,0.34507,0.48878, Avg. Loss: 6.13285
2024-01-12 17:56:51,760 - INFO: Epoch: 5  train. loss: 6.140298036353563
2024-01-12 17:56:52,743 - INFO: Acc: 0.42793, F1 Score: 0.76750,0.36033,0.49042, Avg. Loss: 6.12574
2024-01-12 17:56:57,072 - INFO: Epoch: 6  train. loss: 6.132937025869417
2024-01-12 17:56:58,000 - INFO: Acc: 0.42346, F1 Score: 0.79675,0.34507,0.48157, Avg. Loss: 6.13568
2024-01-12 17:57:02,264 - INFO: Epoch: 7  train. loss: 6.13038790807194
2024-01-12 17:57:03,186 - INFO: Acc: 0.43017, F1 Score: 0.79167,0.35681,0.49191, Avg. Loss: 6.13918
2024-01-12 17:57:07,457 - INFO: Epoch: 8  train. loss: 6.130747501491647
2024-01-12 17:57:08,389 - INFO: Acc: 0.43352, F1 Score: 0.75845,0.36854,0.49605, Avg. Loss: 6.12407
2024-01-12 17:57:12,700 - INFO: Epoch: 9  train. loss: 6.123734763893625
2024-01-12 17:57:13,648 - INFO: Acc: 0.43128, F1 Score: 0.79948,0.36033,0.49676, Avg. Loss: 6.12400
2024-01-12 17:57:17,933 - INFO: Epoch: 10  train. loss: 6.119662035458575
2024-01-12 17:57:18,868 - INFO: Acc: 0.43240, F1 Score: 0.84298,0.35915,0.50370, Avg. Loss: 6.12405
2024-01-12 17:57:23,147 - INFO: Epoch: 11  train. loss: 6.117145547434368
2024-01-12 17:57:24,079 - INFO: Acc: 0.43575, F1 Score: 0.81510,0.36737,0.50647, Avg. Loss: 6.12094
2024-01-12 17:57:28,383 - INFO: Epoch: 12  train. loss: 6.118967487427549
2024-01-12 17:57:29,230 - INFO: Acc: 0.43352, F1 Score: 0.79494,0.36854,0.50361, Avg. Loss: 6.11919
2024-01-12 17:57:33,496 - INFO: Epoch: 13  train. loss: 6.116515593036141
2024-01-12 17:57:34,410 - INFO: Acc: 0.37877, F1 Score: 0.77288,0.26761,0.39756, Avg. Loss: 6.17884
2024-01-12 17:57:38,688 - INFO: Epoch: 14  train. loss: 6.124316106588817
2024-01-12 17:57:39,627 - INFO: Acc: 0.44246, F1 Score: 0.79284,0.36385,0.49879, Avg. Loss: 6.11684
2024-01-12 17:57:43,926 - INFO: Epoch: 15  train. loss: 6.112436205463689
2024-01-12 17:57:44,848 - INFO: Acc: 0.43799, F1 Score: 0.80159,0.35563,0.49268, Avg. Loss: 6.11699
2024-01-12 17:57:49,143 - INFO: Epoch: 16  train. loss: 6.102960252940675
2024-01-12 17:57:50,064 - INFO: Acc: 0.43911, F1 Score: 0.79793,0.36150,0.49758, Avg. Loss: 6.11800
2024-01-12 17:57:54,343 - INFO: Epoch: 17  train. loss: 6.098347468462325
2024-01-12 17:57:55,253 - INFO: Acc: 0.43911, F1 Score: 0.80362,0.36502,0.50202, Avg. Loss: 6.11906
2024-01-12 17:57:59,498 - INFO: Epoch: 18  train. loss: 6.095370168129901
2024-01-12 17:58:00,415 - INFO: Acc: 0.43687, F1 Score: 0.79381,0.36150,0.49677, Avg. Loss: 6.11840
2024-01-12 17:58:04,669 - INFO: Epoch: 19  train. loss: 6.0924101815547225
2024-01-12 17:58:05,525 - INFO: Acc: 0.43799, F1 Score: 0.79540,0.36502,0.50040, Avg. Loss: 6.11994
2024-01-12 17:58:09,797 - INFO: Epoch: 20  train. loss: 6.08398504091374
2024-01-12 17:58:10,717 - INFO: Acc: 0.47933, F1 Score: 0.75403,0.43897,0.55490, Avg. Loss: 6.10592
2024-01-12 17:58:14,995 - INFO: Epoch: 21  train. loss: 6.068769577863962
2024-01-12 17:58:15,920 - INFO: Acc: 0.48715, F1 Score: 0.77526,0.44131,0.56245, Avg. Loss: 6.10439
2024-01-12 17:58:20,246 - INFO: Epoch: 22  train. loss: 6.06418609359018
2024-01-12 17:58:21,164 - INFO: Acc: 0.47933, F1 Score: 0.78013,0.43310,0.55698, Avg. Loss: 6.10704
2024-01-12 17:58:25,428 - INFO: Epoch: 23  train. loss: 6.060809910927378
2024-01-12 17:58:26,347 - INFO: Acc: 0.48045, F1 Score: 0.79266,0.43075,0.55817, Avg. Loss: 6.10668
2024-01-12 17:58:30,619 - INFO: Epoch: 24  train. loss: 6.0580310528895325
2024-01-12 17:58:31,547 - INFO: Acc: 0.47933, F1 Score: 0.78788,0.42723,0.55403, Avg. Loss: 6.10741
2024-01-12 17:58:35,836 - INFO: Epoch: 25  train. loss: 6.055228887870781
2024-01-12 17:58:36,766 - INFO: Acc: 0.48156, F1 Score: 0.77542,0.42958,0.55287, Avg. Loss: 6.10575
2024-01-12 17:58:41,025 - INFO: Epoch: 26  train. loss: 6.052131057151381
2024-01-12 17:58:41,953 - INFO: Acc: 0.49050, F1 Score: 0.78706,0.44249,0.56649, Avg. Loss: 6.10127
2024-01-12 17:58:46,234 - INFO: Epoch: 27  train. loss: 6.049739760910331
2024-01-12 17:58:47,158 - INFO: Acc: 0.48492, F1 Score: 0.78858,0.43779,0.56302, Avg. Loss: 6.10425
2024-01-12 17:58:51,426 - INFO: Epoch: 28  train. loss: 6.047187979457893
2024-01-12 17:58:52,344 - INFO: Acc: 0.48715, F1 Score: 0.78981,0.43662,0.56236, Avg. Loss: 6.10222
2024-01-12 17:58:56,693 - INFO: Epoch: 29  train. loss: 6.044987134546539
2024-01-12 17:58:57,589 - INFO: Acc: 0.48827, F1 Score: 0.77871,0.43779,0.56048, Avg. Loss: 6.10180
2024-01-12 17:59:01,857 - INFO: Epoch: 30  train. loss: 6.043183174224343
2024-01-12 17:59:02,765 - INFO: Acc: 0.48492, F1 Score: 0.78373,0.42958,0.55497, Avg. Loss: 6.10305
2024-01-12 17:59:07,062 - INFO: Epoch: 31  train. loss: 6.042831571769519
2024-01-12 17:59:07,922 - INFO: Acc: 0.48492, F1 Score: 0.78252,0.43075,0.55564, Avg. Loss: 6.10245
2024-01-12 17:59:12,194 - INFO: Epoch: 32  train. loss: 6.042575860893283
2024-01-12 17:59:13,101 - INFO: Acc: 0.48603, F1 Score: 0.77684,0.43310,0.55614, Avg. Loss: 6.10183
2024-01-12 17:59:17,371 - INFO: Epoch: 33  train. loss: 6.0423367978605524
2024-01-12 17:59:18,285 - INFO: Acc: 0.48603, F1 Score: 0.78373,0.42958,0.55497, Avg. Loss: 6.10207
2024-01-12 17:59:22,542 - INFO: Epoch: 34  train. loss: 6.042104393965223
2024-01-12 17:59:23,473 - INFO: Acc: 0.48492, F1 Score: 0.78326,0.42840,0.55387, Avg. Loss: 6.10209
2024-01-12 17:59:27,727 - INFO: Epoch: 35  train. loss: 6.041834032986703
2024-01-12 17:59:28,661 - INFO: Acc: 0.48603, F1 Score: 0.78373,0.42958,0.55497, Avg. Loss: 6.10147
2024-01-12 17:59:32,929 - INFO: Epoch: 36  train. loss: 6.041549687819638
2024-01-12 17:59:33,860 - INFO: Acc: 0.48603, F1 Score: 0.77801,0.43192,0.55547, Avg. Loss: 6.10091
2024-01-12 17:59:38,134 - INFO: Epoch: 37  train. loss: 6.041306629304467
2024-01-12 17:59:39,056 - INFO: Acc: 0.48492, F1 Score: 0.78158,0.42840,0.55345, Avg. Loss: 6.10115
2024-01-12 17:59:43,315 - INFO: Epoch: 38  train. loss: 6.041072893581657
2024-01-12 17:59:44,165 - INFO: Acc: 0.48827, F1 Score: 0.78390,0.43427,0.55891, Avg. Loss: 6.10057
2024-01-12 17:59:48,419 - INFO: Epoch: 39  train. loss: 6.0408464829099895
2024-01-12 17:59:49,342 - INFO: Acc: 0.48603, F1 Score: 0.77895,0.43427,0.55765, Avg. Loss: 6.10034
2024-01-12 17:59:53,609 - INFO: Epoch: 40  train. loss: 6.040586776551312
2024-01-12 17:59:54,544 - INFO: Acc: 0.48603, F1 Score: 0.77778,0.43545,0.55831, Avg. Loss: 6.10006
2024-01-12 17:59:58,813 - INFO: Epoch: 41  train. loss: 6.040346381691101
2024-01-12 17:59:59,741 - INFO: Acc: 0.48715, F1 Score: 0.78587,0.43075,0.55648, Avg. Loss: 6.10082
2024-01-12 18:00:04,012 - INFO: Epoch: 42  train. loss: 6.040062702437777
2024-01-12 18:00:04,928 - INFO: Acc: 0.48603, F1 Score: 0.78541,0.42958,0.55539, Avg. Loss: 6.10101
2024-01-12 18:00:09,198 - INFO: Epoch: 43  train. loss: 6.0398329621974085
2024-01-12 18:00:10,049 - INFO: Acc: 0.48603, F1 Score: 0.78059,0.43427,0.55807, Avg. Loss: 6.10057
2024-01-12 18:00:14,281 - INFO: Epoch: 44  train. loss: 6.039631856247869
2024-01-12 18:00:15,192 - INFO: Acc: 0.48603, F1 Score: 0.76289,0.43427,0.55348, Avg. Loss: 6.10031
2024-01-12 18:00:19,568 - INFO: Epoch: 45  train. loss: 6.039450061796795
2024-01-12 18:00:20,493 - INFO: Acc: 0.48603, F1 Score: 0.76605,0.43427,0.55431, Avg. Loss: 6.10037
2024-01-12 18:00:24,748 - INFO: Epoch: 46  train. loss: 6.039443402659393
2024-01-12 18:00:25,669 - INFO: Acc: 0.48603, F1 Score: 0.76605,0.43427,0.55431, Avg. Loss: 6.10042
2024-01-12 18:00:29,930 - INFO: Epoch: 47  train. loss: 6.039423425247187
2024-01-12 18:00:30,887 - INFO: Acc: 0.48603, F1 Score: 0.76605,0.43427,0.55431, Avg. Loss: 6.10041
2024-01-12 18:00:35,154 - INFO: Epoch: 48  train. loss: 6.0394027819212415
2024-01-12 18:00:36,075 - INFO: Acc: 0.48603, F1 Score: 0.76605,0.43427,0.55431, Avg. Loss: 6.10043
2024-01-12 18:00:40,353 - INFO: Epoch: 49  train. loss: 6.0393887977326965
2024-01-12 18:00:41,273 - INFO: Acc: 0.48603, F1 Score: 0.76605,0.43427,0.55431, Avg. Loss: 6.10044
2024-01-12 18:00:45,528 - INFO: Epoch: 50  train. loss: 6.039372149889192
2024-01-12 18:00:46,443 - INFO: Acc: 0.48603, F1 Score: 0.76605,0.43427,0.55431, Avg. Loss: 6.10046
2024-01-12 18:00:50,717 - INFO: Epoch: 51  train. loss: 6.0393308632373
2024-01-12 18:00:51,636 - INFO: Acc: 0.48603, F1 Score: 0.76605,0.43427,0.55431, Avg. Loss: 6.10054
2024-01-12 18:00:55,905 - INFO: Epoch: 52  train. loss: 6.039327533668598
2024-01-12 18:00:56,809 - INFO: Acc: 0.48603, F1 Score: 0.76605,0.43427,0.55431, Avg. Loss: 6.10052
2024-01-12 18:01:01,205 - INFO: Epoch: 53  train. loss: 6.03929690163655
2024-01-12 18:01:02,219 - INFO: Acc: 0.48603, F1 Score: 0.76605,0.43427,0.55431, Avg. Loss: 6.10055
2024-01-12 18:01:06,495 - INFO: Epoch: 54  train. loss: 6.039268267345721
2024-01-12 18:01:07,416 - INFO: Acc: 0.48603, F1 Score: 0.76605,0.43427,0.55431, Avg. Loss: 6.10052
2024-01-12 18:01:11,701 - INFO: Epoch: 55  train. loss: 6.0392496217609954
2024-01-12 18:01:12,629 - INFO: Acc: 0.48603, F1 Score: 0.76605,0.43427,0.55431, Avg. Loss: 6.10053
2024-01-12 18:01:16,876 - INFO: Epoch: 56  train. loss: 6.039224317038868
2024-01-12 18:01:17,821 - INFO: Acc: 0.48603, F1 Score: 0.76605,0.43427,0.55431, Avg. Loss: 6.10047
2024-01-12 18:01:22,094 - INFO: Epoch: 57  train. loss: 6.03919701457552
2024-01-12 18:01:23,019 - INFO: Acc: 0.48603, F1 Score: 0.76715,0.43310,0.55364, Avg. Loss: 6.10058
2024-01-12 18:01:27,279 - INFO: Epoch: 58  train. loss: 6.039177703077054
2024-01-12 18:01:28,206 - INFO: Acc: 0.48603, F1 Score: 0.76715,0.43310,0.55364, Avg. Loss: 6.10061
2024-01-12 18:01:32,463 - INFO: Epoch: 59  train. loss: 6.039145739217525
2024-01-12 18:01:33,379 - INFO: Acc: 0.48603, F1 Score: 0.76667,0.43192,0.55255, Avg. Loss: 6.10066
2024-01-12 18:01:37,657 - INFO: Epoch: 60  train. loss: 6.039086472894647
2024-01-12 18:01:38,573 - INFO: Acc: 0.48603, F1 Score: 0.76667,0.43192,0.55255, Avg. Loss: 6.10066
2024-01-12 18:01:42,847 - INFO: Epoch: 61  train. loss: 6.039093132032049
2024-01-12 18:01:43,781 - INFO: Acc: 0.48603, F1 Score: 0.76667,0.43192,0.55255, Avg. Loss: 6.10065
2024-01-12 18:01:48,075 - INFO: Epoch: 62  train. loss: 6.039091800204568
2024-01-12 18:01:48,980 - INFO: Acc: 0.48603, F1 Score: 0.76667,0.43192,0.55255, Avg. Loss: 6.10066
2024-01-12 18:01:53,230 - INFO: Epoch: 63  train. loss: 6.039091134290828
2024-01-12 18:01:54,108 - INFO: Acc: 0.48603, F1 Score: 0.76667,0.43192,0.55255, Avg. Loss: 6.10066
2024-01-12 18:01:58,429 - INFO: Epoch: 64  train. loss: 6.039090468377088
2024-01-12 18:01:59,375 - INFO: Acc: 0.48603, F1 Score: 0.76667,0.43192,0.55255, Avg. Loss: 6.10066
2024-01-12 18:02:03,626 - INFO: Epoch: 65  train. loss: 6.0390924661183085
2024-01-12 18:02:04,548 - INFO: Acc: 0.48603, F1 Score: 0.76458,0.43075,0.55105, Avg. Loss: 6.10067
2024-01-12 18:02:08,830 - INFO: Epoch: 66  train. loss: 6.039083143325946
2024-01-12 18:02:09,748 - INFO: Acc: 0.48603, F1 Score: 0.76458,0.43075,0.55105, Avg. Loss: 6.10066
2024-01-12 18:02:14,000 - INFO: Epoch: 67  train. loss: 6.039075152361064
2024-01-12 18:02:14,922 - INFO: Acc: 0.48603, F1 Score: 0.76458,0.43075,0.55105, Avg. Loss: 6.10067
2024-01-12 18:02:19,180 - INFO: Epoch: 68  train. loss: 6.039081811498466
2024-01-12 18:02:20,095 - INFO: Acc: 0.48603, F1 Score: 0.76458,0.43075,0.55105, Avg. Loss: 6.10066
2024-01-12 18:02:24,357 - INFO: Epoch: 69  train. loss: 6.039071156878623
2024-01-12 18:02:25,268 - INFO: Acc: 0.48603, F1 Score: 0.76458,0.43075,0.55105, Avg. Loss: 6.10066
2024-01-12 18:02:29,512 - INFO: Epoch: 70  train. loss: 6.039066495482441
2024-01-12 18:02:30,438 - INFO: Acc: 0.48603, F1 Score: 0.76458,0.43075,0.55105, Avg. Loss: 6.10067
2024-01-12 18:02:34,728 - INFO: Epoch: 71  train. loss: 6.039057838603819
2024-01-12 18:02:35,564 - INFO: Acc: 0.48603, F1 Score: 0.76458,0.43075,0.55105, Avg. Loss: 6.10067
2024-01-12 18:02:39,802 - INFO: Epoch: 72  train. loss: 6.039056506776339
2024-01-12 18:02:40,731 - INFO: Acc: 0.48603, F1 Score: 0.76458,0.43075,0.55105, Avg. Loss: 6.10067
2024-01-12 18:02:44,981 - INFO: Epoch: 73  train. loss: 6.0390605022587796
2024-01-12 18:02:45,897 - INFO: Acc: 0.48603, F1 Score: 0.76458,0.43075,0.55105, Avg. Loss: 6.10067
2024-01-12 18:02:50,178 - INFO: Epoch: 74  train. loss: 6.039053843121377
2024-01-12 18:02:51,102 - INFO: Acc: 0.48603, F1 Score: 0.76458,0.43075,0.55105, Avg. Loss: 6.10067
2024-01-12 18:02:55,365 - INFO: Epoch: 75  train. loss: 6.0390465180702355
2024-01-12 18:02:56,288 - INFO: Acc: 0.48603, F1 Score: 0.76458,0.43075,0.55105, Avg. Loss: 6.10067
2024-01-12 18:03:00,570 - INFO: Epoch: 76  train. loss: 6.039038527105353
2024-01-12 18:03:01,513 - INFO: Acc: 0.48603, F1 Score: 0.76458,0.43075,0.55105, Avg. Loss: 6.10067
2024-01-12 18:03:05,770 - INFO: Epoch: 77  train. loss: 6.039042522587794
2024-01-12 18:03:06,682 - INFO: Acc: 0.48603, F1 Score: 0.76458,0.43075,0.55105, Avg. Loss: 6.10067
2024-01-12 18:03:10,969 - INFO: Epoch: 78  train. loss: 6.039048515811456
2024-01-12 18:03:11,888 - INFO: Acc: 0.48603, F1 Score: 0.76458,0.43075,0.55105, Avg. Loss: 6.10067
2024-01-12 18:03:16,141 - INFO: Epoch: 79  train. loss: 6.039047849897716
2024-01-12 18:03:17,083 - INFO: Acc: 0.48603, F1 Score: 0.76458,0.43075,0.55105, Avg. Loss: 6.10067
2024-01-12 18:03:21,367 - INFO: Epoch: 80  train. loss: 6.039052511293897
2024-01-12 18:03:22,283 - INFO: Acc: 0.48603, F1 Score: 0.76458,0.43075,0.55105, Avg. Loss: 6.10067
2024-01-12 18:03:26,525 - INFO: Epoch: 81  train. loss: 6.039043854415274
2024-01-12 18:03:27,444 - INFO: Acc: 0.48603, F1 Score: 0.76458,0.43075,0.55105, Avg. Loss: 6.10067
2024-01-12 18:03:31,716 - INFO: Epoch: 82  train. loss: 6.039049847638936
2024-01-12 18:03:32,612 - INFO: Acc: 0.48603, F1 Score: 0.76458,0.43075,0.55105, Avg. Loss: 6.10067
2024-01-12 18:03:36,894 - INFO: Epoch: 83  train. loss: 6.039047849897716
2024-01-12 18:03:37,824 - INFO: Acc: 0.48603, F1 Score: 0.76458,0.43075,0.55105, Avg. Loss: 6.10067
2024-01-12 18:03:42,091 - INFO: Epoch: 84  train. loss: 6.039044520329015
2024-01-12 18:03:43,013 - INFO: Acc: 0.48603, F1 Score: 0.76458,0.43075,0.55105, Avg. Loss: 6.10067
2024-01-12 18:03:47,267 - INFO: Epoch: 85  train. loss: 6.039040524846573
2024-01-12 18:03:48,196 - INFO: Acc: 0.48603, F1 Score: 0.76458,0.43075,0.55105, Avg. Loss: 6.10067
2024-01-12 18:03:52,465 - INFO: Epoch: 86  train. loss: 6.039042522587794
2024-01-12 18:03:53,375 - INFO: Acc: 0.48603, F1 Score: 0.76458,0.43075,0.55105, Avg. Loss: 6.10067
2024-01-12 18:03:57,631 - INFO: Epoch: 87  train. loss: 6.039041190760313
2024-01-12 18:03:58,573 - INFO: Acc: 0.48603, F1 Score: 0.76458,0.43075,0.55105, Avg. Loss: 6.10067
2024-01-12 18:04:02,852 - INFO: Epoch: 88  train. loss: 6.039041190760313
2024-01-12 18:04:03,774 - INFO: Acc: 0.48603, F1 Score: 0.76458,0.43075,0.55105, Avg. Loss: 6.10067
2024-01-12 18:04:08,034 - INFO: Epoch: 89  train. loss: 6.039043188501534
2024-01-12 18:04:08,963 - INFO: Acc: 0.48603, F1 Score: 0.76458,0.43075,0.55105, Avg. Loss: 6.10067
2024-01-12 18:04:13,210 - INFO: Epoch: 90  train. loss: 6.039042522587794
2024-01-12 18:04:14,128 - INFO: Acc: 0.48603, F1 Score: 0.76458,0.43075,0.55105, Avg. Loss: 6.10067
2024-01-12 18:04:18,388 - INFO: Epoch: 91  train. loss: 6.0390371952778725
2024-01-12 18:04:19,308 - INFO: Acc: 0.48603, F1 Score: 0.76458,0.43075,0.55105, Avg. Loss: 6.10067
2024-01-12 18:04:23,581 - INFO: Epoch: 92  train. loss: 6.039035863450392
2024-01-12 18:04:24,505 - INFO: Acc: 0.48603, F1 Score: 0.76458,0.43075,0.55105, Avg. Loss: 6.10067
2024-01-12 18:04:28,776 - INFO: Epoch: 93  train. loss: 6.039039858932833
2024-01-12 18:04:29,700 - INFO: Acc: 0.48603, F1 Score: 0.76458,0.43075,0.55105, Avg. Loss: 6.10067
2024-01-12 18:04:33,957 - INFO: Epoch: 94  train. loss: 6.039035863450392
2024-01-12 18:04:34,883 - INFO: Acc: 0.48603, F1 Score: 0.76458,0.43075,0.55105, Avg. Loss: 6.10067
2024-01-12 18:04:39,141 - INFO: Epoch: 95  train. loss: 6.03903120205421
2024-01-12 18:04:40,070 - INFO: Acc: 0.48603, F1 Score: 0.76458,0.43075,0.55105, Avg. Loss: 6.10067
2024-01-12 18:04:44,339 - INFO: Epoch: 96  train. loss: 6.039034531622912
2024-01-12 18:04:45,262 - INFO: Acc: 0.48603, F1 Score: 0.76458,0.43075,0.55105, Avg. Loss: 6.10067
2024-01-12 18:04:49,512 - INFO: Epoch: 97  train. loss: 6.039037861191613
2024-01-12 18:04:50,394 - INFO: Acc: 0.48603, F1 Score: 0.76458,0.43075,0.55105, Avg. Loss: 6.10067
2024-01-12 18:04:54,641 - INFO: Epoch: 98  train. loss: 6.039038527105353
2024-01-12 18:04:55,552 - INFO: Acc: 0.48603, F1 Score: 0.76458,0.43075,0.55105, Avg. Loss: 6.10067
2024-01-12 18:04:59,892 - INFO: Epoch: 99  train. loss: 6.039037861191613
2024-01-12 18:05:00,809 - INFO: Acc: 0.48603, F1 Score: 0.76458,0.43075,0.55105, Avg. Loss: 6.10067
2024-01-12 18:05:05,087 - INFO: Epoch: 0  train. loss: 6.475740096530855
2024-01-12 18:05:06,005 - INFO: Acc: 0.26145, F1 Score: 0.00000,0.00000,0.00000, Avg. Loss: 6.45053
2024-01-12 18:05:10,442 - INFO: Epoch: 1  train. loss: 6.459423878068531
2024-01-12 18:05:11,306 - INFO: Acc: 0.26145, F1 Score: 0.00000,0.00000,0.00000, Avg. Loss: 6.45053
2024-01-12 18:05:15,585 - INFO: Epoch: 2  train. loss: 6.459417884844869
2024-01-12 18:05:16,510 - INFO: Acc: 0.26145, F1 Score: 0.00000,0.00000,0.00000, Avg. Loss: 6.45053
2024-01-12 18:05:20,787 - INFO: Epoch: 3  train. loss: 6.459423212154791
2024-01-12 18:05:21,728 - INFO: Acc: 0.26145, F1 Score: 0.00000,0.00000,0.00000, Avg. Loss: 6.45053
2024-01-12 18:05:25,999 - INFO: Epoch: 4  train. loss: 6.459430537205932
2024-01-12 18:05:26,910 - INFO: Acc: 0.26145, F1 Score: 0.00000,0.00000,0.00000, Avg. Loss: 6.45053
2024-01-12 18:05:31,176 - INFO: Epoch: 5  train. loss: 6.459425875809751
2024-01-12 18:05:32,019 - INFO: Acc: 0.26145, F1 Score: 0.00000,0.00000,0.00000, Avg. Loss: 6.45053
2024-01-12 18:05:36,283 - INFO: Epoch: 6  train. loss: 6.459429871292192
2024-01-12 18:05:37,187 - INFO: Acc: 0.26145, F1 Score: 0.00000,0.00000,0.00000, Avg. Loss: 6.45053
2024-01-12 18:05:41,478 - INFO: Epoch: 7  train. loss: 6.459425209896011
2024-01-12 18:05:42,385 - INFO: Acc: 0.26145, F1 Score: 0.00000,0.00000,0.00000, Avg. Loss: 6.45053
2024-01-12 18:05:46,663 - INFO: Epoch: 8  train. loss: 6.459443189566996
2024-01-12 18:05:47,519 - INFO: Acc: 0.26145, F1 Score: 0.00000,0.00000,0.00000, Avg. Loss: 6.45053
2024-01-12 18:05:51,789 - INFO: Epoch: 9  train. loss: 6.459427207637232
2024-01-12 18:05:52,713 - INFO: Acc: 0.26145, F1 Score: 0.00000,0.00000,0.00000, Avg. Loss: 6.45053
2024-01-12 18:05:56,987 - INFO: Epoch: 10  train. loss: 6.459428539464712
2024-01-12 18:05:57,894 - INFO: Acc: 0.26145, F1 Score: 0.00000,0.00000,0.00000, Avg. Loss: 6.45053
2024-01-12 18:06:02,160 - INFO: Epoch: 11  train. loss: 6.459418550758609
2024-01-12 18:06:03,085 - INFO: Acc: 0.26145, F1 Score: 0.00000,0.00000,0.00000, Avg. Loss: 6.45053
2024-01-12 18:06:07,354 - INFO: Epoch: 12  train. loss: 6.459432534947153
2024-01-12 18:06:08,281 - INFO: Acc: 0.26145, F1 Score: 0.00000,0.00000,0.00000, Avg. Loss: 6.45053
2024-01-12 18:06:12,551 - INFO: Epoch: 13  train. loss: 6.459419882586089
2024-01-12 18:06:13,460 - INFO: Acc: 0.26145, F1 Score: 0.00000,0.00000,0.00000, Avg. Loss: 6.45053
2024-01-12 18:06:17,717 - INFO: Epoch: 14  train. loss: 6.459418550758609
2024-01-12 18:06:18,585 - INFO: Acc: 0.26145, F1 Score: 0.00000,0.00000,0.00000, Avg. Loss: 6.45053
2024-01-12 18:06:22,857 - INFO: Epoch: 15  train. loss: 6.459413223448688
2024-01-12 18:06:23,777 - INFO: Acc: 0.26145, F1 Score: 0.00000,0.00000,0.00000, Avg. Loss: 6.45053
2024-01-12 18:06:28,072 - INFO: Epoch: 16  train. loss: 6.459429871292192
2024-01-12 18:06:28,982 - INFO: Acc: 0.26145, F1 Score: 0.00000,0.00000,0.00000, Avg. Loss: 6.45053
2024-01-12 18:06:33,281 - INFO: Epoch: 17  train. loss: 6.4594351986021135
2024-01-12 18:06:34,205 - INFO: Acc: 0.26145, F1 Score: 0.00000,0.00000,0.00000, Avg. Loss: 6.45053
2024-01-12 18:06:38,512 - INFO: Epoch: 18  train. loss: 6.459430537205932
2024-01-12 18:06:39,453 - INFO: Acc: 0.26145, F1 Score: 0.00000,0.00000,0.00000, Avg. Loss: 6.45053
2024-01-12 18:06:43,723 - INFO: Epoch: 19  train. loss: 6.45942254624105
2024-01-12 18:06:44,646 - INFO: Acc: 0.26145, F1 Score: 0.00000,0.00000,0.00000, Avg. Loss: 6.45053
2024-01-12 18:06:48,935 - INFO: Epoch: 20  train. loss: 6.459423212154791
2024-01-12 18:06:49,861 - INFO: Acc: 0.26145, F1 Score: 0.00000,0.00000,0.00000, Avg. Loss: 6.45053
2024-01-12 18:06:54,181 - INFO: Epoch: 21  train. loss: 6.459425875809751
2024-01-12 18:06:55,105 - INFO: Acc: 0.26145, F1 Score: 0.00000,0.00000,0.00000, Avg. Loss: 6.45053
2024-01-12 18:06:59,383 - INFO: Epoch: 22  train. loss: 6.459432534947153
2024-01-12 18:07:00,330 - INFO: Acc: 0.26145, F1 Score: 0.00000,0.00000,0.00000, Avg. Loss: 6.45053
2024-01-12 18:07:04,599 - INFO: Epoch: 23  train. loss: 6.45942254624105
2024-01-12 18:07:05,533 - INFO: Acc: 0.26145, F1 Score: 0.00000,0.00000,0.00000, Avg. Loss: 6.45053
2024-01-12 18:07:09,794 - INFO: Epoch: 24  train. loss: 6.459431869033413
2024-01-12 18:07:10,709 - INFO: Acc: 0.26145, F1 Score: 0.00000,0.00000,0.00000, Avg. Loss: 6.45053
2024-01-12 18:07:14,993 - INFO: Epoch: 25  train. loss: 6.45942254624105
2024-01-12 18:07:15,918 - INFO: Acc: 0.26145, F1 Score: 0.00000,0.00000,0.00000, Avg. Loss: 6.45053
2024-01-12 18:07:20,204 - INFO: Epoch: 26  train. loss: 6.459416553017388
2024-01-12 18:07:21,114 - INFO: Acc: 0.26145, F1 Score: 0.00000,0.00000,0.00000, Avg. Loss: 6.45053
2024-01-12 18:07:25,381 - INFO: Epoch: 27  train. loss: 6.45942188032731
2024-01-12 18:07:26,319 - INFO: Acc: 0.26145, F1 Score: 0.00000,0.00000,0.00000, Avg. Loss: 6.45053
2024-01-12 18:07:30,584 - INFO: Epoch: 28  train. loss: 6.459421214413569
2024-01-12 18:07:31,494 - INFO: Acc: 0.26145, F1 Score: 0.00000,0.00000,0.00000, Avg. Loss: 6.45052
2024-01-12 18:07:35,759 - INFO: Epoch: 29  train. loss: 6.459427873550972
2024-01-12 18:07:36,687 - INFO: Acc: 0.26145, F1 Score: 0.00000,0.00000,0.00000, Avg. Loss: 6.45053
2024-01-12 18:07:40,955 - INFO: Epoch: 30  train. loss: 6.459419216672349
2024-01-12 18:07:41,807 - INFO: Acc: 0.26145, F1 Score: 0.00000,0.00000,0.00000, Avg. Loss: 6.45053
2024-01-12 18:07:46,068 - INFO: Epoch: 31  train. loss: 6.459413223448688
2024-01-12 18:07:47,005 - INFO: Acc: 0.26145, F1 Score: 0.00000,0.00000,0.00000, Avg. Loss: 6.45053
2024-01-12 18:07:51,285 - INFO: Epoch: 32  train. loss: 6.459420548499829
2024-01-12 18:07:52,223 - INFO: Acc: 0.26145, F1 Score: 0.00000,0.00000,0.00000, Avg. Loss: 6.45053
2024-01-12 18:07:56,480 - INFO: Epoch: 33  train. loss: 6.459436530429595
2024-01-12 18:07:57,420 - INFO: Acc: 0.26145, F1 Score: 0.00000,0.00000,0.00000, Avg. Loss: 6.45053
2024-01-12 18:08:01,784 - INFO: Epoch: 34  train. loss: 6.459421214413569
2024-01-12 18:08:02,712 - INFO: Acc: 0.26145, F1 Score: 0.00000,0.00000,0.00000, Avg. Loss: 6.45053
2024-01-12 18:08:06,987 - INFO: Epoch: 35  train. loss: 6.459423212154791
2024-01-12 18:08:07,909 - INFO: Acc: 0.26145, F1 Score: 0.00000,0.00000,0.00000, Avg. Loss: 6.45053
2024-01-12 18:08:12,195 - INFO: Epoch: 36  train. loss: 6.459437196343335
2024-01-12 18:08:13,111 - INFO: Acc: 0.26145, F1 Score: 0.00000,0.00000,0.00000, Avg. Loss: 6.45053
2024-01-12 18:08:17,371 - INFO: Epoch: 37  train. loss: 6.459415221189908
2024-01-12 18:08:18,303 - INFO: Acc: 0.26145, F1 Score: 0.00000,0.00000,0.00000, Avg. Loss: 6.45053
2024-01-12 18:08:22,579 - INFO: Epoch: 38  train. loss: 6.4594172189311285
2024-01-12 18:08:23,491 - INFO: Acc: 0.26145, F1 Score: 0.00000,0.00000,0.00000, Avg. Loss: 6.45053
2024-01-12 18:08:27,772 - INFO: Epoch: 39  train. loss: 6.45942188032731
2024-01-12 18:08:28,703 - INFO: Acc: 0.26145, F1 Score: 0.00000,0.00000,0.00000, Avg. Loss: 6.45053
2024-01-12 18:08:32,977 - INFO: Epoch: 40  train. loss: 6.4594125575349475
2024-01-12 18:08:33,888 - INFO: Acc: 0.26145, F1 Score: 0.00000,0.00000,0.00000, Avg. Loss: 6.45053
2024-01-12 18:08:38,162 - INFO: Epoch: 41  train. loss: 6.459418550758609
2024-01-12 18:08:39,075 - INFO: Acc: 0.26145, F1 Score: 0.00000,0.00000,0.00000, Avg. Loss: 6.45053
2024-01-12 18:08:43,335 - INFO: Epoch: 42  train. loss: 6.459403900656325
2024-01-12 18:08:44,232 - INFO: Acc: 0.26145, F1 Score: 0.00000,0.00000,0.00000, Avg. Loss: 6.45053
2024-01-12 18:08:48,507 - INFO: Epoch: 43  train. loss: 6.459416553017388
2024-01-12 18:08:49,437 - INFO: Acc: 0.26145, F1 Score: 0.00000,0.00000,0.00000, Avg. Loss: 6.45053
2024-01-12 18:08:53,704 - INFO: Epoch: 44  train. loss: 6.459423212154791
2024-01-12 18:08:54,644 - INFO: Acc: 0.26145, F1 Score: 0.00000,0.00000,0.00000, Avg. Loss: 6.45053
2024-01-12 18:08:58,934 - INFO: Epoch: 45  train. loss: 6.45942188032731
2024-01-12 18:08:59,884 - INFO: Acc: 0.26145, F1 Score: 0.00000,0.00000,0.00000, Avg. Loss: 6.45053
2024-01-12 18:09:04,150 - INFO: Epoch: 46  train. loss: 6.459427873550972
2024-01-12 18:09:04,987 - INFO: Acc: 0.26145, F1 Score: 0.00000,0.00000,0.00000, Avg. Loss: 6.45053
2024-01-12 18:09:09,256 - INFO: Epoch: 47  train. loss: 6.459400571087624
2024-01-12 18:09:10,198 - INFO: Acc: 0.26145, F1 Score: 0.00000,0.00000,0.00000, Avg. Loss: 6.45053
2024-01-12 18:09:14,473 - INFO: Epoch: 48  train. loss: 6.459424543982271
2024-01-12 18:09:15,383 - INFO: Acc: 0.26145, F1 Score: 0.00000,0.00000,0.00000, Avg. Loss: 6.45053
2024-01-12 18:09:19,673 - INFO: Epoch: 49  train. loss: 6.459420548499829
2024-01-12 18:09:20,580 - INFO: Acc: 0.26145, F1 Score: 0.00000,0.00000,0.00000, Avg. Loss: 6.45053
2024-01-12 18:09:24,852 - INFO: Epoch: 50  train. loss: 6.459407230225025
2024-01-12 18:09:25,764 - INFO: Acc: 0.26145, F1 Score: 0.00000,0.00000,0.00000, Avg. Loss: 6.45053
2024-01-12 18:09:30,063 - INFO: Epoch: 51  train. loss: 6.459421214413569
2024-01-12 18:09:30,926 - INFO: Acc: 0.26145, F1 Score: 0.00000,0.00000,0.00000, Avg. Loss: 6.45053
2024-01-12 18:09:35,208 - INFO: Epoch: 52  train. loss: 6.459414555276168
2024-01-12 18:09:36,136 - INFO: Acc: 0.26145, F1 Score: 0.00000,0.00000,0.00000, Avg. Loss: 6.45053
2024-01-12 18:09:40,436 - INFO: Epoch: 53  train. loss: 6.459419216672349
2024-01-12 18:09:41,351 - INFO: Acc: 0.26145, F1 Score: 0.00000,0.00000,0.00000, Avg. Loss: 6.45053
2024-01-12 18:09:45,621 - INFO: Epoch: 54  train. loss: 6.45942188032731
2024-01-12 18:09:46,529 - INFO: Acc: 0.26145, F1 Score: 0.00000,0.00000,0.00000, Avg. Loss: 6.45053
2024-01-12 18:09:50,836 - INFO: Epoch: 55  train. loss: 6.459419216672349
2024-01-12 18:09:51,756 - INFO: Acc: 0.26145, F1 Score: 0.00000,0.00000,0.00000, Avg. Loss: 6.45053
2024-01-12 18:09:56,051 - INFO: Epoch: 56  train. loss: 6.459415887103648
2024-01-12 18:09:56,961 - INFO: Acc: 0.26145, F1 Score: 0.00000,0.00000,0.00000, Avg. Loss: 6.45053
2024-01-12 18:10:01,246 - INFO: Epoch: 57  train. loss: 6.459423878068531
2024-01-12 18:10:02,171 - INFO: Acc: 0.26145, F1 Score: 0.00000,0.00000,0.00000, Avg. Loss: 6.45053
2024-01-12 18:10:06,426 - INFO: Epoch: 58  train. loss: 6.459427207637232
2024-01-12 18:10:07,339 - INFO: Acc: 0.26145, F1 Score: 0.00000,0.00000,0.00000, Avg. Loss: 6.45053
2024-01-12 18:10:11,627 - INFO: Epoch: 59  train. loss: 6.459418550758609
2024-01-12 18:10:12,549 - INFO: Acc: 0.26145, F1 Score: 0.00000,0.00000,0.00000, Avg. Loss: 6.45053
2024-01-12 18:10:16,811 - INFO: Epoch: 60  train. loss: 6.459425875809751
2024-01-12 18:10:17,734 - INFO: Acc: 0.26145, F1 Score: 0.00000,0.00000,0.00000, Avg. Loss: 6.45053
2024-01-12 18:10:22,010 - INFO: Epoch: 61  train. loss: 6.459419882586089
2024-01-12 18:10:22,923 - INFO: Acc: 0.26145, F1 Score: 0.00000,0.00000,0.00000, Avg. Loss: 6.45053
2024-01-12 18:10:27,199 - INFO: Epoch: 62  train. loss: 6.45942254624105
2024-01-12 18:10:28,079 - INFO: Acc: 0.26145, F1 Score: 0.00000,0.00000,0.00000, Avg. Loss: 6.45053
2024-01-12 18:10:32,374 - INFO: Epoch: 63  train. loss: 6.45942188032731
2024-01-12 18:10:33,296 - INFO: Acc: 0.26145, F1 Score: 0.00000,0.00000,0.00000, Avg. Loss: 6.45053
2024-01-12 18:10:37,572 - INFO: Epoch: 64  train. loss: 6.4594172189311285
2024-01-12 18:10:38,510 - INFO: Acc: 0.26145, F1 Score: 0.00000,0.00000,0.00000, Avg. Loss: 6.45053
2024-01-12 18:10:42,791 - INFO: Epoch: 65  train. loss: 6.459434532688373
2024-01-12 18:10:43,715 - INFO: Acc: 0.26145, F1 Score: 0.00000,0.00000,0.00000, Avg. Loss: 6.45053
2024-01-12 18:10:47,993 - INFO: Epoch: 66  train. loss: 6.459423212154791
2024-01-12 18:10:48,932 - INFO: Acc: 0.26145, F1 Score: 0.00000,0.00000,0.00000, Avg. Loss: 6.45053
2024-01-12 18:10:53,198 - INFO: Epoch: 67  train. loss: 6.459423878068531
2024-01-12 18:10:54,117 - INFO: Acc: 0.26145, F1 Score: 0.00000,0.00000,0.00000, Avg. Loss: 6.45053
2024-01-12 18:10:58,410 - INFO: Epoch: 68  train. loss: 6.45942254624105
2024-01-12 18:10:59,465 - INFO: Acc: 0.26145, F1 Score: 0.00000,0.00000,0.00000, Avg. Loss: 6.45053
2024-01-12 18:11:04,153 - INFO: Epoch: 69  train. loss: 6.45942188032731
2024-01-12 18:11:05,156 - INFO: Acc: 0.26145, F1 Score: 0.00000,0.00000,0.00000, Avg. Loss: 6.45053
2024-01-12 18:11:09,416 - INFO: Epoch: 70  train. loss: 6.459432534947153
2024-01-12 18:11:10,342 - INFO: Acc: 0.26145, F1 Score: 0.00000,0.00000,0.00000, Avg. Loss: 6.45053
2024-01-12 18:11:14,610 - INFO: Epoch: 71  train. loss: 6.459415887103648
2024-01-12 18:11:15,524 - INFO: Acc: 0.26145, F1 Score: 0.00000,0.00000,0.00000, Avg. Loss: 6.45053
2024-01-12 18:11:19,848 - INFO: Epoch: 72  train. loss: 6.459434532688373
2024-01-12 18:11:20,781 - INFO: Acc: 0.26145, F1 Score: 0.00000,0.00000,0.00000, Avg. Loss: 6.45053
2024-01-12 18:11:25,029 - INFO: Epoch: 73  train. loss: 6.459423878068531
2024-01-12 18:11:25,955 - INFO: Acc: 0.26145, F1 Score: 0.00000,0.00000,0.00000, Avg. Loss: 6.45053
2024-01-12 18:11:30,255 - INFO: Epoch: 74  train. loss: 6.459432534947153
2024-01-12 18:11:31,182 - INFO: Acc: 0.26145, F1 Score: 0.00000,0.00000,0.00000, Avg. Loss: 6.45053
2024-01-12 18:11:35,446 - INFO: Epoch: 75  train. loss: 6.459424543982271
2024-01-12 18:11:36,361 - INFO: Acc: 0.26145, F1 Score: 0.00000,0.00000,0.00000, Avg. Loss: 6.45053
2024-01-12 18:11:40,634 - INFO: Epoch: 76  train. loss: 6.459436530429595
2024-01-12 18:11:41,548 - INFO: Acc: 0.26145, F1 Score: 0.00000,0.00000,0.00000, Avg. Loss: 6.45053
2024-01-12 18:11:45,820 - INFO: Epoch: 77  train. loss: 6.459439194084555
2024-01-12 18:11:46,730 - INFO: Acc: 0.26145, F1 Score: 0.00000,0.00000,0.00000, Avg. Loss: 6.45053
2024-01-12 18:11:51,014 - INFO: Epoch: 78  train. loss: 6.459419216672349
2024-01-12 18:11:51,863 - INFO: Acc: 0.26145, F1 Score: 0.00000,0.00000,0.00000, Avg. Loss: 6.45053
2024-01-12 18:11:56,134 - INFO: Epoch: 79  train. loss: 6.45942188032731
2024-01-12 18:11:57,045 - INFO: Acc: 0.26145, F1 Score: 0.00000,0.00000,0.00000, Avg. Loss: 6.45053
2024-01-12 18:12:01,332 - INFO: Epoch: 80  train. loss: 6.459416553017388
2024-01-12 18:12:02,250 - INFO: Acc: 0.26145, F1 Score: 0.00000,0.00000,0.00000, Avg. Loss: 6.45053
2024-01-12 18:12:06,503 - INFO: Epoch: 81  train. loss: 6.459420548499829
2024-01-12 18:12:07,424 - INFO: Acc: 0.26145, F1 Score: 0.00000,0.00000,0.00000, Avg. Loss: 6.45053
2024-01-12 18:12:11,698 - INFO: Epoch: 82  train. loss: 6.459419216672349
2024-01-12 18:12:12,627 - INFO: Acc: 0.26145, F1 Score: 0.00000,0.00000,0.00000, Avg. Loss: 6.45053
2024-01-12 18:12:16,884 - INFO: Epoch: 83  train. loss: 6.459431869033413
2024-01-12 18:12:17,803 - INFO: Acc: 0.26145, F1 Score: 0.00000,0.00000,0.00000, Avg. Loss: 6.45053
2024-01-12 18:12:22,080 - INFO: Epoch: 84  train. loss: 6.4594125575349475
2024-01-12 18:12:22,954 - INFO: Acc: 0.26145, F1 Score: 0.00000,0.00000,0.00000, Avg. Loss: 6.45053
2024-01-12 18:12:27,215 - INFO: Epoch: 85  train. loss: 6.459423878068531
2024-01-12 18:12:28,143 - INFO: Acc: 0.26145, F1 Score: 0.00000,0.00000,0.00000, Avg. Loss: 6.45053
2024-01-12 18:12:32,415 - INFO: Epoch: 86  train. loss: 6.459409227966246
2024-01-12 18:12:33,332 - INFO: Acc: 0.26145, F1 Score: 0.00000,0.00000,0.00000, Avg. Loss: 6.45053
2024-01-12 18:12:37,593 - INFO: Epoch: 87  train. loss: 6.459433200860893
2024-01-12 18:12:38,552 - INFO: Acc: 0.26145, F1 Score: 0.00000,0.00000,0.00000, Avg. Loss: 6.45053
2024-01-12 18:12:42,820 - INFO: Epoch: 88  train. loss: 6.459420548499829
2024-01-12 18:12:43,739 - INFO: Acc: 0.26145, F1 Score: 0.00000,0.00000,0.00000, Avg. Loss: 6.45053
2024-01-12 18:12:47,996 - INFO: Epoch: 89  train. loss: 6.459437196343335
2024-01-12 18:12:48,927 - INFO: Acc: 0.26145, F1 Score: 0.00000,0.00000,0.00000, Avg. Loss: 6.45053
2024-01-12 18:12:53,200 - INFO: Epoch: 90  train. loss: 6.459419216672349
2024-01-12 18:12:54,120 - INFO: Acc: 0.26145, F1 Score: 0.00000,0.00000,0.00000, Avg. Loss: 6.45053
2024-01-12 18:12:58,392 - INFO: Epoch: 91  train. loss: 6.459421214413569
2024-01-12 18:12:59,303 - INFO: Acc: 0.26145, F1 Score: 0.00000,0.00000,0.00000, Avg. Loss: 6.45053
2024-01-12 18:13:03,559 - INFO: Epoch: 92  train. loss: 6.459415221189908
2024-01-12 18:13:04,410 - INFO: Acc: 0.26145, F1 Score: 0.00000,0.00000,0.00000, Avg. Loss: 6.45053
2024-01-12 18:13:08,680 - INFO: Epoch: 93  train. loss: 6.459423878068531
2024-01-12 18:13:09,615 - INFO: Acc: 0.26145, F1 Score: 0.00000,0.00000,0.00000, Avg. Loss: 6.45053
2024-01-12 18:13:13,889 - INFO: Epoch: 94  train. loss: 6.459423878068531
2024-01-12 18:13:14,811 - INFO: Acc: 0.26145, F1 Score: 0.00000,0.00000,0.00000, Avg. Loss: 6.45053
2024-01-12 18:13:19,088 - INFO: Epoch: 95  train. loss: 6.459411891621207
2024-01-12 18:13:20,013 - INFO: Acc: 0.26145, F1 Score: 0.00000,0.00000,0.00000, Avg. Loss: 6.45053
2024-01-12 18:13:24,277 - INFO: Epoch: 96  train. loss: 6.4594265417234915
2024-01-12 18:13:25,198 - INFO: Acc: 0.26145, F1 Score: 0.00000,0.00000,0.00000, Avg. Loss: 6.45053
2024-01-12 18:13:29,472 - INFO: Epoch: 97  train. loss: 6.459428539464712
2024-01-12 18:13:30,376 - INFO: Acc: 0.26145, F1 Score: 0.00000,0.00000,0.00000, Avg. Loss: 6.45053
2024-01-12 18:13:34,650 - INFO: Epoch: 98  train. loss: 6.459419216672349
2024-01-12 18:13:35,487 - INFO: Acc: 0.26145, F1 Score: 0.00000,0.00000,0.00000, Avg. Loss: 6.45053
2024-01-12 18:13:39,765 - INFO: Epoch: 99  train. loss: 6.459418550758609
2024-01-12 18:13:40,685 - INFO: Acc: 0.26145, F1 Score: 0.00000,0.00000,0.00000, Avg. Loss: 6.45053
2024-01-12 18:13:44,966 - INFO: Epoch: 0  train. loss: 6.481365069894307
2024-01-12 18:13:45,890 - INFO: Acc: 0.26145, F1 Score: 0.00000,0.00000,0.00000, Avg. Loss: 6.45053
2024-01-12 18:13:50,246 - INFO: Epoch: 1  train. loss: 6.459421214413569
2024-01-12 18:13:51,178 - INFO: Acc: 0.26145, F1 Score: 0.00000,0.00000,0.00000, Avg. Loss: 6.45053
2024-01-12 18:13:55,461 - INFO: Epoch: 2  train. loss: 6.459417884844869
2024-01-12 18:13:56,384 - INFO: Acc: 0.26145, F1 Score: 0.00000,0.00000,0.00000, Avg. Loss: 6.45053
2024-01-12 18:14:00,692 - INFO: Epoch: 3  train. loss: 6.459419216672349
2024-01-12 18:14:01,639 - INFO: Acc: 0.26145, F1 Score: 0.00000,0.00000,0.00000, Avg. Loss: 6.45053
2024-01-12 18:14:05,951 - INFO: Epoch: 4  train. loss: 6.4594358645158545
2024-01-12 18:14:06,896 - INFO: Acc: 0.26145, F1 Score: 0.00000,0.00000,0.00000, Avg. Loss: 6.45053
2024-01-12 18:14:11,178 - INFO: Epoch: 5  train. loss: 6.459415221189908
2024-01-12 18:14:12,076 - INFO: Acc: 0.26145, F1 Score: 0.00000,0.00000,0.00000, Avg. Loss: 6.45053
2024-01-12 18:14:16,354 - INFO: Epoch: 6  train. loss: 6.459425875809751
2024-01-12 18:14:17,279 - INFO: Acc: 0.26145, F1 Score: 0.00000,0.00000,0.00000, Avg. Loss: 6.45053
2024-01-12 18:14:21,542 - INFO: Epoch: 7  train. loss: 6.459425875809751
2024-01-12 18:14:22,478 - INFO: Acc: 0.26145, F1 Score: 0.00000,0.00000,0.00000, Avg. Loss: 6.45053
2024-01-12 18:14:26,754 - INFO: Epoch: 8  train. loss: 6.4594265417234915
2024-01-12 18:14:27,678 - INFO: Acc: 0.26145, F1 Score: 0.00000,0.00000,0.00000, Avg. Loss: 6.45053
2024-01-12 18:14:31,968 - INFO: Epoch: 9  train. loss: 6.459415221189908
2024-01-12 18:14:32,883 - INFO: Acc: 0.26145, F1 Score: 0.00000,0.00000,0.00000, Avg. Loss: 6.45053
2024-01-12 18:14:37,142 - INFO: Epoch: 10  train. loss: 6.459431869033413
2024-01-12 18:14:38,062 - INFO: Acc: 0.26145, F1 Score: 0.00000,0.00000,0.00000, Avg. Loss: 6.45053
2024-01-12 18:14:42,359 - INFO: Epoch: 11  train. loss: 6.459434532688373
2024-01-12 18:14:43,290 - INFO: Acc: 0.26145, F1 Score: 0.00000,0.00000,0.00000, Avg. Loss: 6.45053
2024-01-12 18:14:47,575 - INFO: Epoch: 12  train. loss: 6.459431869033413
2024-01-12 18:14:48,490 - INFO: Acc: 0.26145, F1 Score: 0.00000,0.00000,0.00000, Avg. Loss: 6.45053
2024-01-12 18:14:52,758 - INFO: Epoch: 13  train. loss: 6.459423212154791
2024-01-12 18:14:53,677 - INFO: Acc: 0.26145, F1 Score: 0.00000,0.00000,0.00000, Avg. Loss: 6.45053
2024-01-12 18:14:57,942 - INFO: Epoch: 14  train. loss: 6.459423212154791
2024-01-12 18:14:58,868 - INFO: Acc: 0.26145, F1 Score: 0.00000,0.00000,0.00000, Avg. Loss: 6.45053
2024-01-12 18:15:03,156 - INFO: Epoch: 15  train. loss: 6.459419882586089
2024-01-12 18:15:04,080 - INFO: Acc: 0.26145, F1 Score: 0.00000,0.00000,0.00000, Avg. Loss: 6.45053
2024-01-12 18:15:08,347 - INFO: Epoch: 16  train. loss: 6.459421214413569
2024-01-12 18:15:09,290 - INFO: Acc: 0.26145, F1 Score: 0.00000,0.00000,0.00000, Avg. Loss: 6.45053
2024-01-12 18:15:13,557 - INFO: Epoch: 17  train. loss: 6.459425875809751
2024-01-12 18:15:14,495 - INFO: Acc: 0.26145, F1 Score: 0.00000,0.00000,0.00000, Avg. Loss: 6.45053
2024-01-12 18:15:18,760 - INFO: Epoch: 18  train. loss: 6.459423212154791
2024-01-12 18:15:19,700 - INFO: Acc: 0.26145, F1 Score: 0.00000,0.00000,0.00000, Avg. Loss: 6.45053
2024-01-12 18:15:23,982 - INFO: Epoch: 19  train. loss: 6.459418550758609
2024-01-12 18:15:24,876 - INFO: Acc: 0.26145, F1 Score: 0.00000,0.00000,0.00000, Avg. Loss: 6.45053
2024-01-12 18:15:29,149 - INFO: Epoch: 20  train. loss: 6.459415887103648
2024-01-12 18:15:30,087 - INFO: Acc: 0.26145, F1 Score: 0.00000,0.00000,0.00000, Avg. Loss: 6.45053
2024-01-12 18:15:34,334 - INFO: Epoch: 21  train. loss: 6.459424543982271
2024-01-12 18:15:35,277 - INFO: Acc: 0.26145, F1 Score: 0.00000,0.00000,0.00000, Avg. Loss: 6.45053
2024-01-12 18:15:39,581 - INFO: Epoch: 22  train. loss: 6.459429205378452
2024-01-12 18:15:40,479 - INFO: Acc: 0.26145, F1 Score: 0.00000,0.00000,0.00000, Avg. Loss: 6.45053
2024-01-12 18:15:44,721 - INFO: Epoch: 23  train. loss: 6.4594125575349475
2024-01-12 18:15:45,573 - INFO: Acc: 0.26145, F1 Score: 0.00000,0.00000,0.00000, Avg. Loss: 6.45053
2024-01-12 18:15:49,838 - INFO: Epoch: 24  train. loss: 6.459418550758609
2024-01-12 18:15:50,769 - INFO: Acc: 0.26145, F1 Score: 0.00000,0.00000,0.00000, Avg. Loss: 6.45053
2024-01-12 18:15:55,028 - INFO: Epoch: 25  train. loss: 6.45942188032731
2024-01-12 18:15:55,914 - INFO: Acc: 0.26145, F1 Score: 0.00000,0.00000,0.00000, Avg. Loss: 6.45053
2024-01-12 18:16:00,172 - INFO: Epoch: 26  train. loss: 6.459415221189908
2024-01-12 18:16:01,101 - INFO: Acc: 0.26145, F1 Score: 0.00000,0.00000,0.00000, Avg. Loss: 6.45052
2024-01-12 18:16:05,408 - INFO: Epoch: 27  train. loss: 6.459420548499829
2024-01-12 18:16:06,350 - INFO: Acc: 0.26145, F1 Score: 0.00000,0.00000,0.00000, Avg. Loss: 6.45052
2024-01-12 18:16:10,623 - INFO: Epoch: 28  train. loss: 6.459421214413569
2024-01-12 18:16:11,571 - INFO: Acc: 0.26145, F1 Score: 0.00000,0.00000,0.00000, Avg. Loss: 6.45053
2024-01-12 18:16:15,835 - INFO: Epoch: 29  train. loss: 6.459431869033413
2024-01-12 18:16:16,763 - INFO: Acc: 0.26145, F1 Score: 0.00000,0.00000,0.00000, Avg. Loss: 6.45053
2024-01-12 18:16:21,042 - INFO: Epoch: 30  train. loss: 6.4594265417234915
2024-01-12 18:16:21,975 - INFO: Acc: 0.26145, F1 Score: 0.00000,0.00000,0.00000, Avg. Loss: 6.45053
2024-01-12 18:16:26,239 - INFO: Epoch: 31  train. loss: 6.459425209896011
2024-01-12 18:16:27,179 - INFO: Acc: 0.26145, F1 Score: 0.00000,0.00000,0.00000, Avg. Loss: 6.45053
2024-01-12 18:16:31,458 - INFO: Epoch: 32  train. loss: 6.459423212154791
2024-01-12 18:16:32,392 - INFO: Acc: 0.26145, F1 Score: 0.00000,0.00000,0.00000, Avg. Loss: 6.45053
2024-01-12 18:16:36,644 - INFO: Epoch: 33  train. loss: 6.459413223448688
2024-01-12 18:16:37,553 - INFO: Acc: 0.26145, F1 Score: 0.00000,0.00000,0.00000, Avg. Loss: 6.45053
2024-01-12 18:16:41,862 - INFO: Epoch: 34  train. loss: 6.459429205378452
2024-01-12 18:16:42,794 - INFO: Acc: 0.26145, F1 Score: 0.00000,0.00000,0.00000, Avg. Loss: 6.45053
2024-01-12 18:16:47,056 - INFO: Epoch: 35  train. loss: 6.459429205378452
2024-01-12 18:16:47,981 - INFO: Acc: 0.26145, F1 Score: 0.00000,0.00000,0.00000, Avg. Loss: 6.45053
2024-01-12 18:16:52,250 - INFO: Epoch: 36  train. loss: 6.459419216672349
2024-01-12 18:16:53,174 - INFO: Acc: 0.26145, F1 Score: 0.00000,0.00000,0.00000, Avg. Loss: 6.45053
2024-01-12 18:16:57,448 - INFO: Epoch: 37  train. loss: 6.459413889362428
2024-01-12 18:16:58,373 - INFO: Acc: 0.26145, F1 Score: 0.00000,0.00000,0.00000, Avg. Loss: 6.45053
2024-01-12 18:17:02,667 - INFO: Epoch: 38  train. loss: 6.459419216672349
2024-01-12 18:17:03,593 - INFO: Acc: 0.26145, F1 Score: 0.00000,0.00000,0.00000, Avg. Loss: 6.45053
2024-01-12 18:17:07,899 - INFO: Epoch: 39  train. loss: 6.459423212154791
2024-01-12 18:17:08,844 - INFO: Acc: 0.26145, F1 Score: 0.00000,0.00000,0.00000, Avg. Loss: 6.45053
2024-01-12 18:17:13,112 - INFO: Epoch: 40  train. loss: 6.459413223448688
2024-01-12 18:17:14,048 - INFO: Acc: 0.26145, F1 Score: 0.00000,0.00000,0.00000, Avg. Loss: 6.45053
2024-01-12 18:17:18,323 - INFO: Epoch: 41  train. loss: 6.459411225707467
2024-01-12 18:17:19,249 - INFO: Acc: 0.26145, F1 Score: 0.00000,0.00000,0.00000, Avg. Loss: 6.45053
2024-01-12 18:17:23,521 - INFO: Epoch: 42  train. loss: 6.459424543982271
2024-01-12 18:17:24,448 - INFO: Acc: 0.26145, F1 Score: 0.00000,0.00000,0.00000, Avg. Loss: 6.45053
2024-01-12 18:17:28,707 - INFO: Epoch: 43  train. loss: 6.459431869033413
2024-01-12 18:17:29,639 - INFO: Acc: 0.26145, F1 Score: 0.00000,0.00000,0.00000, Avg. Loss: 6.45053
2024-01-12 18:17:33,898 - INFO: Epoch: 44  train. loss: 6.459409227966246
2024-01-12 18:17:34,825 - INFO: Acc: 0.26145, F1 Score: 0.00000,0.00000,0.00000, Avg. Loss: 6.45053
2024-01-12 18:17:39,088 - INFO: Epoch: 45  train. loss: 6.4594265417234915
2024-01-12 18:17:39,968 - INFO: Acc: 0.26145, F1 Score: 0.00000,0.00000,0.00000, Avg. Loss: 6.45053
2024-01-12 18:17:44,251 - INFO: Epoch: 46  train. loss: 6.459411891621207
2024-01-12 18:17:45,177 - INFO: Acc: 0.26145, F1 Score: 0.00000,0.00000,0.00000, Avg. Loss: 6.45053
2024-01-12 18:17:49,432 - INFO: Epoch: 47  train. loss: 6.459431203119673
2024-01-12 18:17:50,360 - INFO: Acc: 0.26145, F1 Score: 0.00000,0.00000,0.00000, Avg. Loss: 6.45053
2024-01-12 18:17:54,596 - INFO: Epoch: 48  train. loss: 6.4594358645158545
2024-01-12 18:17:55,510 - INFO: Acc: 0.26145, F1 Score: 0.00000,0.00000,0.00000, Avg. Loss: 6.45053
2024-01-12 18:17:59,778 - INFO: Epoch: 49  train. loss: 6.459415221189908
2024-01-12 18:18:00,693 - INFO: Acc: 0.26145, F1 Score: 0.00000,0.00000,0.00000, Avg. Loss: 6.45053
2024-01-12 18:18:04,971 - INFO: Epoch: 50  train. loss: 6.459415887103648
2024-01-12 18:18:05,837 - INFO: Acc: 0.26145, F1 Score: 0.00000,0.00000,0.00000, Avg. Loss: 6.45053
2024-01-12 18:18:10,109 - INFO: Epoch: 51  train. loss: 6.459418550758609
2024-01-12 18:18:11,053 - INFO: Acc: 0.26145, F1 Score: 0.00000,0.00000,0.00000, Avg. Loss: 6.45053
2024-01-12 18:18:15,316 - INFO: Epoch: 52  train. loss: 6.459420548499829
2024-01-12 18:18:16,255 - INFO: Acc: 0.26145, F1 Score: 0.00000,0.00000,0.00000, Avg. Loss: 6.45053
2024-01-12 18:18:20,526 - INFO: Epoch: 53  train. loss: 6.4594265417234915
2024-01-12 18:18:21,444 - INFO: Acc: 0.26145, F1 Score: 0.00000,0.00000,0.00000, Avg. Loss: 6.45053
2024-01-12 18:18:25,702 - INFO: Epoch: 54  train. loss: 6.459423212154791
2024-01-12 18:18:26,630 - INFO: Acc: 0.26145, F1 Score: 0.00000,0.00000,0.00000, Avg. Loss: 6.45053
2024-01-12 18:18:30,910 - INFO: Epoch: 55  train. loss: 6.459431869033413
2024-01-12 18:18:31,831 - INFO: Acc: 0.26145, F1 Score: 0.00000,0.00000,0.00000, Avg. Loss: 6.45053
2024-01-12 18:18:36,086 - INFO: Epoch: 56  train. loss: 6.459429871292192
2024-01-12 18:18:37,012 - INFO: Acc: 0.26145, F1 Score: 0.00000,0.00000,0.00000, Avg. Loss: 6.45053
2024-01-12 18:18:41,295 - INFO: Epoch: 57  train. loss: 6.459415887103648
2024-01-12 18:18:42,192 - INFO: Acc: 0.26145, F1 Score: 0.00000,0.00000,0.00000, Avg. Loss: 6.45053
2024-01-12 18:18:46,458 - INFO: Epoch: 58  train. loss: 6.459423878068531
2024-01-12 18:18:47,388 - INFO: Acc: 0.26145, F1 Score: 0.00000,0.00000,0.00000, Avg. Loss: 6.45053
2024-01-12 18:18:51,660 - INFO: Epoch: 59  train. loss: 6.459433866774633
2024-01-12 18:18:52,584 - INFO: Acc: 0.26145, F1 Score: 0.00000,0.00000,0.00000, Avg. Loss: 6.45053
2024-01-12 18:18:56,876 - INFO: Epoch: 60  train. loss: 6.4594358645158545
2024-01-12 18:18:57,718 - INFO: Acc: 0.26145, F1 Score: 0.00000,0.00000,0.00000, Avg. Loss: 6.45053
2024-01-12 18:19:02,004 - INFO: Epoch: 61  train. loss: 6.459423212154791
2024-01-12 18:19:02,947 - INFO: Acc: 0.26145, F1 Score: 0.00000,0.00000,0.00000, Avg. Loss: 6.45053
2024-01-12 18:19:07,195 - INFO: Epoch: 62  train. loss: 6.459425209896011
2024-01-12 18:19:08,129 - INFO: Acc: 0.26145, F1 Score: 0.00000,0.00000,0.00000, Avg. Loss: 6.45053
2024-01-12 18:19:12,392 - INFO: Epoch: 63  train. loss: 6.459414555276168
2024-01-12 18:19:13,316 - INFO: Acc: 0.26145, F1 Score: 0.00000,0.00000,0.00000, Avg. Loss: 6.45053
2024-01-12 18:19:17,572 - INFO: Epoch: 64  train. loss: 6.459418550758609
2024-01-12 18:19:18,490 - INFO: Acc: 0.26145, F1 Score: 0.00000,0.00000,0.00000, Avg. Loss: 6.45053
2024-01-12 18:19:22,798 - INFO: Epoch: 65  train. loss: 6.45942188032731
2024-01-12 18:19:23,665 - INFO: Acc: 0.26145, F1 Score: 0.00000,0.00000,0.00000, Avg. Loss: 6.45053
2024-01-12 18:19:27,915 - INFO: Epoch: 66  train. loss: 6.459415221189908
2024-01-12 18:19:28,758 - INFO: Acc: 0.26145, F1 Score: 0.00000,0.00000,0.00000, Avg. Loss: 6.45053
2024-01-12 18:19:33,045 - INFO: Epoch: 67  train. loss: 6.459430537205932
2024-01-12 18:19:33,974 - INFO: Acc: 0.26145, F1 Score: 0.00000,0.00000,0.00000, Avg. Loss: 6.45053
2024-01-12 18:19:38,232 - INFO: Epoch: 68  train. loss: 6.45942188032731
2024-01-12 18:19:39,160 - INFO: Acc: 0.26145, F1 Score: 0.00000,0.00000,0.00000, Avg. Loss: 6.45053
2024-01-12 18:19:43,451 - INFO: Epoch: 69  train. loss: 6.4594265417234915
2024-01-12 18:19:44,440 - INFO: Acc: 0.26145, F1 Score: 0.00000,0.00000,0.00000, Avg. Loss: 6.45053
2024-01-12 18:19:49,213 - INFO: Epoch: 70  train. loss: 6.459423878068531
2024-01-12 18:19:50,147 - INFO: Acc: 0.26145, F1 Score: 0.00000,0.00000,0.00000, Avg. Loss: 6.45053
2024-01-12 18:19:54,983 - INFO: Epoch: 71  train. loss: 6.459428539464712
2024-01-12 18:19:55,985 - INFO: Acc: 0.26145, F1 Score: 0.00000,0.00000,0.00000, Avg. Loss: 6.45053
2024-01-12 18:20:00,338 - INFO: Epoch: 72  train. loss: 6.459427207637232
2024-01-12 18:20:01,192 - INFO: Acc: 0.26145, F1 Score: 0.00000,0.00000,0.00000, Avg. Loss: 6.45053
2024-01-12 18:20:05,571 - INFO: Epoch: 73  train. loss: 6.459425209896011
2024-01-12 18:20:06,487 - INFO: Acc: 0.26145, F1 Score: 0.00000,0.00000,0.00000, Avg. Loss: 6.45053
2024-01-12 18:20:10,765 - INFO: Epoch: 74  train. loss: 6.459423878068531
2024-01-12 18:20:11,689 - INFO: Acc: 0.26145, F1 Score: 0.00000,0.00000,0.00000, Avg. Loss: 6.45053
2024-01-12 18:20:16,078 - INFO: Epoch: 75  train. loss: 6.459423878068531
2024-01-12 18:20:17,087 - INFO: Acc: 0.26145, F1 Score: 0.00000,0.00000,0.00000, Avg. Loss: 6.45053
2024-01-12 18:20:21,379 - INFO: Epoch: 76  train. loss: 6.459417884844869
2024-01-12 18:20:22,336 - INFO: Acc: 0.26145, F1 Score: 0.00000,0.00000,0.00000, Avg. Loss: 6.45053
2024-01-12 18:20:26,671 - INFO: Epoch: 77  train. loss: 6.459420548499829
2024-01-12 18:20:27,595 - INFO: Acc: 0.26145, F1 Score: 0.00000,0.00000,0.00000, Avg. Loss: 6.45053
2024-01-12 18:20:31,899 - INFO: Epoch: 78  train. loss: 6.459424543982271
2024-01-12 18:20:32,835 - INFO: Acc: 0.26145, F1 Score: 0.00000,0.00000,0.00000, Avg. Loss: 6.45053
2024-01-12 18:20:37,128 - INFO: Epoch: 79  train. loss: 6.459419216672349
2024-01-12 18:20:38,061 - INFO: Acc: 0.26145, F1 Score: 0.00000,0.00000,0.00000, Avg. Loss: 6.45053
2024-01-12 18:20:42,354 - INFO: Epoch: 80  train. loss: 6.459429871292192
2024-01-12 18:20:43,297 - INFO: Acc: 0.26145, F1 Score: 0.00000,0.00000,0.00000, Avg. Loss: 6.45053
2024-01-12 18:20:47,602 - INFO: Epoch: 81  train. loss: 6.459431869033413
2024-01-12 18:20:48,544 - INFO: Acc: 0.26145, F1 Score: 0.00000,0.00000,0.00000, Avg. Loss: 6.45053
2024-01-12 18:20:53,030 - INFO: Epoch: 82  train. loss: 6.459413889362428
2024-01-12 18:20:53,951 - INFO: Acc: 0.26145, F1 Score: 0.00000,0.00000,0.00000, Avg. Loss: 6.45053
2024-01-12 18:38:08,896 - INFO: Epoch: 83  train. loss: 6.459428539464712
2024-01-12 18:38:09,928 - INFO: Acc: 0.26145, F1 Score: 0.00000,0.00000,0.00000, Avg. Loss: 6.45053
2024-01-12 18:38:14,723 - INFO: Epoch: 84  train. loss: 6.459419882586089
2024-01-12 18:38:15,644 - INFO: Acc: 0.26145, F1 Score: 0.00000,0.00000,0.00000, Avg. Loss: 6.45053
2024-01-12 18:38:20,006 - INFO: Epoch: 85  train. loss: 6.459423212154791
2024-01-12 18:38:20,921 - INFO: Acc: 0.26145, F1 Score: 0.00000,0.00000,0.00000, Avg. Loss: 6.45053
2024-01-12 18:38:25,276 - INFO: Epoch: 86  train. loss: 6.459411891621207
2024-01-12 18:38:26,231 - INFO: Acc: 0.26145, F1 Score: 0.00000,0.00000,0.00000, Avg. Loss: 6.45053
2024-01-12 18:38:30,619 - INFO: Epoch: 87  train. loss: 6.459429205378452
2024-01-12 18:38:31,502 - INFO: Acc: 0.26145, F1 Score: 0.00000,0.00000,0.00000, Avg. Loss: 6.45053
2024-01-12 18:38:35,994 - INFO: Epoch: 88  train. loss: 6.459428539464712
2024-01-12 18:38:36,932 - INFO: Acc: 0.26145, F1 Score: 0.00000,0.00000,0.00000, Avg. Loss: 6.45053
2024-01-12 18:38:41,409 - INFO: Epoch: 89  train. loss: 6.459428539464712
2024-01-12 18:38:42,312 - INFO: Acc: 0.26145, F1 Score: 0.00000,0.00000,0.00000, Avg. Loss: 6.45053
2024-01-12 18:38:46,640 - INFO: Epoch: 90  train. loss: 6.459421214413569
2024-01-12 18:38:47,571 - INFO: Acc: 0.26145, F1 Score: 0.00000,0.00000,0.00000, Avg. Loss: 6.45053
2024-01-12 18:38:51,920 - INFO: Epoch: 91  train. loss: 6.459425209896011
2024-01-12 18:38:52,853 - INFO: Acc: 0.26145, F1 Score: 0.00000,0.00000,0.00000, Avg. Loss: 6.45053
2024-01-12 18:38:57,357 - INFO: Epoch: 92  train. loss: 6.459433200860893
2024-01-12 18:38:58,211 - INFO: Acc: 0.26145, F1 Score: 0.00000,0.00000,0.00000, Avg. Loss: 6.45053
2024-01-12 18:39:02,612 - INFO: Epoch: 93  train. loss: 6.459424543982271
2024-01-12 18:39:03,507 - INFO: Acc: 0.26145, F1 Score: 0.00000,0.00000,0.00000, Avg. Loss: 6.45053
2024-01-12 18:39:07,984 - INFO: Epoch: 94  train. loss: 6.45942254624105
2024-01-12 18:39:09,015 - INFO: Acc: 0.26145, F1 Score: 0.00000,0.00000,0.00000, Avg. Loss: 6.45053
2024-01-12 18:39:13,501 - INFO: Epoch: 95  train. loss: 6.459423212154791
2024-01-12 18:39:14,350 - INFO: Acc: 0.26145, F1 Score: 0.00000,0.00000,0.00000, Avg. Loss: 6.45053
2024-01-12 18:39:18,620 - INFO: Epoch: 96  train. loss: 6.459416553017388
2024-01-12 18:39:19,557 - INFO: Acc: 0.26145, F1 Score: 0.00000,0.00000,0.00000, Avg. Loss: 6.45053
2024-01-12 18:39:23,836 - INFO: Epoch: 97  train. loss: 6.459431869033413
2024-01-12 18:39:24,761 - INFO: Acc: 0.26145, F1 Score: 0.00000,0.00000,0.00000, Avg. Loss: 6.45053
2024-01-12 18:39:29,033 - INFO: Epoch: 98  train. loss: 6.459411225707467
2024-01-12 18:39:29,944 - INFO: Acc: 0.26145, F1 Score: 0.00000,0.00000,0.00000, Avg. Loss: 6.45053
2024-01-12 18:39:34,215 - INFO: Epoch: 99  train. loss: 6.459425875809751
2024-01-12 18:39:35,112 - INFO: Acc: 0.26145, F1 Score: 0.00000,0.00000,0.00000, Avg. Loss: 6.45053
2024-01-12 18:39:39,398 - INFO: Epoch: 0  train. loss: 6.477757149249915
2024-01-12 18:39:40,331 - INFO: Acc: 0.26145, F1 Score: 0.00000,0.00000,0.00000, Avg. Loss: 6.45053
2024-01-12 18:39:44,694 - INFO: Epoch: 1  train. loss: 6.459427873550972
2024-01-12 18:39:45,538 - INFO: Acc: 0.26145, F1 Score: 0.00000,0.00000,0.00000, Avg. Loss: 6.45052
2024-01-12 18:39:49,827 - INFO: Epoch: 2  train. loss: 6.459427873550972
2024-01-12 18:39:50,753 - INFO: Acc: 0.26145, F1 Score: 0.00000,0.00000,0.00000, Avg. Loss: 6.45053
2024-01-12 18:39:55,048 - INFO: Epoch: 3  train. loss: 6.459421214413569
2024-01-12 18:39:55,979 - INFO: Acc: 0.26145, F1 Score: 0.00000,0.00000,0.00000, Avg. Loss: 6.45053
2024-01-12 18:40:00,285 - INFO: Epoch: 4  train. loss: 6.459438528170815
2024-01-12 18:40:01,211 - INFO: Acc: 0.26145, F1 Score: 0.00000,0.00000,0.00000, Avg. Loss: 6.45053
2024-01-12 18:40:05,483 - INFO: Epoch: 5  train. loss: 6.459429871292192
2024-01-12 18:40:06,389 - INFO: Acc: 0.26145, F1 Score: 0.00000,0.00000,0.00000, Avg. Loss: 6.45053
2024-01-12 18:40:10,690 - INFO: Epoch: 6  train. loss: 6.45942254624105
2024-01-12 18:40:11,609 - INFO: Acc: 0.26145, F1 Score: 0.00000,0.00000,0.00000, Avg. Loss: 6.45053
2024-01-12 18:40:15,887 - INFO: Epoch: 7  train. loss: 6.459411891621207
2024-01-12 18:40:16,820 - INFO: Acc: 0.26145, F1 Score: 0.00000,0.00000,0.00000, Avg. Loss: 6.45053
2024-01-12 18:40:21,097 - INFO: Epoch: 8  train. loss: 6.459417884844869
2024-01-12 18:40:22,030 - INFO: Acc: 0.26145, F1 Score: 0.00000,0.00000,0.00000, Avg. Loss: 6.45053
2024-01-12 18:40:26,326 - INFO: Epoch: 9  train. loss: 6.459420548499829
2024-01-12 18:40:27,247 - INFO: Acc: 0.26145, F1 Score: 0.00000,0.00000,0.00000, Avg. Loss: 6.45053
2024-01-12 18:40:31,537 - INFO: Epoch: 10  train. loss: 6.459432534947153
2024-01-12 18:40:32,467 - INFO: Acc: 0.26145, F1 Score: 0.00000,0.00000,0.00000, Avg. Loss: 6.45053
2024-01-12 18:40:36,741 - INFO: Epoch: 11  train. loss: 6.459433866774633
2024-01-12 18:40:37,670 - INFO: Acc: 0.26145, F1 Score: 0.00000,0.00000,0.00000, Avg. Loss: 6.45053
2024-01-12 18:40:41,964 - INFO: Epoch: 12  train. loss: 6.459429205378452
2024-01-12 18:40:42,858 - INFO: Acc: 0.26145, F1 Score: 0.00000,0.00000,0.00000, Avg. Loss: 6.45053
2024-01-12 18:40:47,125 - INFO: Epoch: 13  train. loss: 6.4594125575349475
2024-01-12 18:40:48,010 - INFO: Acc: 0.26145, F1 Score: 0.00000,0.00000,0.00000, Avg. Loss: 6.45053
2024-01-12 18:40:52,302 - INFO: Epoch: 14  train. loss: 6.459429871292192
2024-01-12 18:40:53,235 - INFO: Acc: 0.26145, F1 Score: 0.00000,0.00000,0.00000, Avg. Loss: 6.45053
2024-01-12 18:40:57,539 - INFO: Epoch: 15  train. loss: 6.4594125575349475
2024-01-12 18:40:58,474 - INFO: Acc: 0.26145, F1 Score: 0.00000,0.00000,0.00000, Avg. Loss: 6.45053
2024-01-12 18:41:02,750 - INFO: Epoch: 16  train. loss: 6.459427873550972
2024-01-12 18:41:03,679 - INFO: Acc: 0.26145, F1 Score: 0.00000,0.00000,0.00000, Avg. Loss: 6.45053
2024-01-12 18:41:08,187 - INFO: Epoch: 17  train. loss: 6.459425209896011
2024-01-12 18:41:09,169 - INFO: Acc: 0.26145, F1 Score: 0.00000,0.00000,0.00000, Avg. Loss: 6.45053
2024-01-12 18:41:13,840 - INFO: Epoch: 18  train. loss: 6.459424543982271
2024-01-12 18:41:14,848 - INFO: Acc: 0.26145, F1 Score: 0.00000,0.00000,0.00000, Avg. Loss: 6.45053
2024-01-12 18:41:19,305 - INFO: Epoch: 19  train. loss: 6.459407230225025
2024-01-12 18:41:20,251 - INFO: Acc: 0.26145, F1 Score: 0.00000,0.00000,0.00000, Avg. Loss: 6.45053
2024-01-12 18:41:24,518 - INFO: Epoch: 20  train. loss: 6.459423878068531
2024-01-12 18:41:25,453 - INFO: Acc: 0.26145, F1 Score: 0.00000,0.00000,0.00000, Avg. Loss: 6.45053
2024-01-12 18:41:29,731 - INFO: Epoch: 21  train. loss: 6.459429871292192
2024-01-12 18:41:30,644 - INFO: Acc: 0.26145, F1 Score: 0.00000,0.00000,0.00000, Avg. Loss: 6.45053
2024-01-12 18:41:34,902 - INFO: Epoch: 22  train. loss: 6.459423212154791
2024-01-12 18:41:35,802 - INFO: Acc: 0.26145, F1 Score: 0.00000,0.00000,0.00000, Avg. Loss: 6.45053
2024-01-12 18:41:40,085 - INFO: Epoch: 23  train. loss: 6.459413223448688
2024-01-12 18:41:41,012 - INFO: Acc: 0.26145, F1 Score: 0.00000,0.00000,0.00000, Avg. Loss: 6.45053
2024-01-12 18:41:45,280 - INFO: Epoch: 24  train. loss: 6.459417884844869
2024-01-12 18:41:46,235 - INFO: Acc: 0.26145, F1 Score: 0.00000,0.00000,0.00000, Avg. Loss: 6.45053
2024-01-12 18:41:50,513 - INFO: Epoch: 25  train. loss: 6.459419882586089
2024-01-12 18:41:51,444 - INFO: Acc: 0.26145, F1 Score: 0.00000,0.00000,0.00000, Avg. Loss: 6.45053
2024-01-12 18:41:55,692 - INFO: Epoch: 26  train. loss: 6.459432534947153
2024-01-12 18:41:56,645 - INFO: Acc: 0.26145, F1 Score: 0.00000,0.00000,0.00000, Avg. Loss: 6.45053
2024-01-12 18:42:00,933 - INFO: Epoch: 27  train. loss: 6.459430537205932
2024-01-12 18:42:01,864 - INFO: Acc: 0.26145, F1 Score: 0.00000,0.00000,0.00000, Avg. Loss: 6.45053
2024-01-12 18:42:06,132 - INFO: Epoch: 28  train. loss: 6.459424543982271
2024-01-12 18:42:07,071 - INFO: Acc: 0.26145, F1 Score: 0.00000,0.00000,0.00000, Avg. Loss: 6.45053
2024-01-12 18:42:11,334 - INFO: Epoch: 29  train. loss: 6.459419216672349
2024-01-12 18:42:12,263 - INFO: Acc: 0.26145, F1 Score: 0.00000,0.00000,0.00000, Avg. Loss: 6.45053
2024-01-12 18:42:16,528 - INFO: Epoch: 30  train. loss: 6.459419882586089
2024-01-12 18:42:17,450 - INFO: Acc: 0.26145, F1 Score: 0.00000,0.00000,0.00000, Avg. Loss: 6.45053
2024-01-12 18:42:21,717 - INFO: Epoch: 31  train. loss: 6.459423212154791
2024-01-12 18:42:22,640 - INFO: Acc: 0.26145, F1 Score: 0.00000,0.00000,0.00000, Avg. Loss: 6.45053
2024-01-12 18:42:26,901 - INFO: Epoch: 32  train. loss: 6.459423212154791
2024-01-12 18:42:27,818 - INFO: Acc: 0.26145, F1 Score: 0.00000,0.00000,0.00000, Avg. Loss: 6.45053
2024-01-12 18:42:32,076 - INFO: Epoch: 33  train. loss: 6.459427207637232
2024-01-12 18:42:33,004 - INFO: Acc: 0.26145, F1 Score: 0.00000,0.00000,0.00000, Avg. Loss: 6.45053
2024-01-12 18:42:37,275 - INFO: Epoch: 34  train. loss: 6.459429205378452
2024-01-12 18:42:38,164 - INFO: Acc: 0.26145, F1 Score: 0.00000,0.00000,0.00000, Avg. Loss: 6.45053
2024-01-12 18:42:42,441 - INFO: Epoch: 35  train. loss: 6.4594172189311285
2024-01-12 18:42:43,387 - INFO: Acc: 0.26145, F1 Score: 0.00000,0.00000,0.00000, Avg. Loss: 6.45053
2024-01-12 18:42:47,662 - INFO: Epoch: 36  train. loss: 6.459423878068531
2024-01-12 18:42:48,565 - INFO: Acc: 0.26145, F1 Score: 0.00000,0.00000,0.00000, Avg. Loss: 6.45053
2024-01-12 18:42:52,821 - INFO: Epoch: 37  train. loss: 6.4594265417234915
2024-01-12 18:42:53,733 - INFO: Acc: 0.26145, F1 Score: 0.00000,0.00000,0.00000, Avg. Loss: 6.45053
2024-01-12 18:42:58,082 - INFO: Epoch: 38  train. loss: 6.459417884844869
2024-01-12 18:42:59,018 - INFO: Acc: 0.26145, F1 Score: 0.00000,0.00000,0.00000, Avg. Loss: 6.45053
2024-01-12 18:43:03,285 - INFO: Epoch: 39  train. loss: 6.459424543982271
2024-01-12 18:43:04,220 - INFO: Acc: 0.26145, F1 Score: 0.00000,0.00000,0.00000, Avg. Loss: 6.45053
2024-01-12 18:43:08,498 - INFO: Epoch: 40  train. loss: 6.45942254624105
2024-01-12 18:43:09,453 - INFO: Acc: 0.26145, F1 Score: 0.00000,0.00000,0.00000, Avg. Loss: 6.45052
2024-01-12 18:43:13,715 - INFO: Epoch: 41  train. loss: 6.459425209896011
2024-01-12 18:43:14,651 - INFO: Acc: 0.26145, F1 Score: 0.00000,0.00000,0.00000, Avg. Loss: 6.45052
2024-01-12 18:43:18,918 - INFO: Epoch: 42  train. loss: 6.459433866774633
2024-01-12 18:43:19,855 - INFO: Acc: 0.26145, F1 Score: 0.00000,0.00000,0.00000, Avg. Loss: 6.45052
2024-01-12 18:43:24,123 - INFO: Epoch: 43  train. loss: 6.459416553017388
2024-01-12 18:43:25,047 - INFO: Acc: 0.26145, F1 Score: 0.00000,0.00000,0.00000, Avg. Loss: 6.45052
2024-01-12 18:43:29,313 - INFO: Epoch: 44  train. loss: 6.459423212154791
2024-01-12 18:43:30,243 - INFO: Acc: 0.26145, F1 Score: 0.00000,0.00000,0.00000, Avg. Loss: 6.45052
2024-01-12 18:43:34,494 - INFO: Epoch: 45  train. loss: 6.459433200860893
2024-01-12 18:43:35,414 - INFO: Acc: 0.26145, F1 Score: 0.00000,0.00000,0.00000, Avg. Loss: 6.45052
2024-01-12 18:43:39,707 - INFO: Epoch: 46  train. loss: 6.459431869033413
2024-01-12 18:43:40,615 - INFO: Acc: 0.26145, F1 Score: 0.00000,0.00000,0.00000, Avg. Loss: 6.45052
2024-01-12 18:43:44,881 - INFO: Epoch: 47  train. loss: 6.4594265417234915
2024-01-12 18:43:45,813 - INFO: Acc: 0.26145, F1 Score: 0.00000,0.00000,0.00000, Avg. Loss: 6.45052
2024-01-12 18:43:50,168 - INFO: Epoch: 48  train. loss: 6.459437862257075
2024-01-12 18:43:51,091 - INFO: Acc: 0.26145, F1 Score: 0.00000,0.00000,0.00000, Avg. Loss: 6.45052
2024-01-12 18:43:55,347 - INFO: Epoch: 49  train. loss: 6.459433200860893
2024-01-12 18:43:56,274 - INFO: Acc: 0.26145, F1 Score: 0.00000,0.00000,0.00000, Avg. Loss: 6.45052
2024-01-12 18:44:00,563 - INFO: Epoch: 50  train. loss: 6.459433200860893
2024-01-12 18:44:01,593 - INFO: Acc: 0.26145, F1 Score: 0.00000,0.00000,0.00000, Avg. Loss: 6.45052
2024-01-12 18:44:05,877 - INFO: Epoch: 51  train. loss: 6.4594358645158545
2024-01-12 18:44:06,821 - INFO: Acc: 0.26145, F1 Score: 0.00000,0.00000,0.00000, Avg. Loss: 6.45052
2024-01-12 18:44:11,087 - INFO: Epoch: 52  train. loss: 6.459415887103648
2024-01-12 18:44:12,019 - INFO: Acc: 0.26145, F1 Score: 0.00000,0.00000,0.00000, Avg. Loss: 6.45052
2024-01-12 18:44:16,320 - INFO: Epoch: 53  train. loss: 6.45942254624105
2024-01-12 18:44:17,268 - INFO: Acc: 0.26145, F1 Score: 0.00000,0.00000,0.00000, Avg. Loss: 6.45052
2024-01-12 18:44:21,542 - INFO: Epoch: 54  train. loss: 6.4594125575349475
2024-01-12 18:44:22,444 - INFO: Acc: 0.26145, F1 Score: 0.00000,0.00000,0.00000, Avg. Loss: 6.45052
2024-01-12 18:44:26,748 - INFO: Epoch: 55  train. loss: 6.459424543982271
2024-01-12 18:44:27,887 - INFO: Acc: 0.26145, F1 Score: 0.00000,0.00000,0.00000, Avg. Loss: 6.45052
2024-01-12 18:44:32,265 - INFO: Epoch: 56  train. loss: 6.459429871292192
2024-01-12 18:44:33,228 - INFO: Acc: 0.26145, F1 Score: 0.00000,0.00000,0.00000, Avg. Loss: 6.45052
