2024-01-13 00:21:47,626 - INFO: +---------------+--------------------+
| Parameter     | Value              |
+---------------+--------------------+
| dataroot      | ./data             |
+---------------+--------------------+
| word2vec_path | ./word2vec-768.txt |
+---------------+--------------------+
| seed          | 999                |
+---------------+--------------------+
| device        | 0                  |
+---------------+--------------------+
| testing       | False              |
+---------------+--------------------+
| noise         | 1                  |
+---------------+--------------------+
| anti_noise    | True               |
+---------------+--------------------+
| batch_size    | 32                 |
+---------------+--------------------+
| lr            | 0.001              |
+---------------+--------------------+
| max_epoch     | 100                |
+---------------+--------------------+
| encoder_cell  | GRU                |
+---------------+--------------------+
| rnn           | GRU                |
+---------------+--------------------+
| dropout       | 0.200              |
+---------------+--------------------+
| embed_size    | 768                |
+---------------+--------------------+
| hidden_size   | 512                |
+---------------+--------------------+
| num_layer     | 1                  |
+---------------+--------------------+
| num_head      | 8                  |
+---------------+--------------------+
| model         | bilstm_crf         |
+---------------+--------------------+
| vocab_size    | 1741               |
+---------------+--------------------+
| pad_idx       | 0                  |
+---------------+--------------------+
| num_tags      | 74                 |
+---------------+--------------------+
| tag_pad_idx   | 0                  |
+---------------+--------------------+
2024-01-13 00:21:47,629 - INFO: Total training steps: 16000
2024-01-13 00:21:47,630 - INFO: =================Start training =================================
2024-01-13 00:21:53,750 - INFO: Training: 	Epoch: 0	Time: 6.1196	Training Loss: 5.4926
2024-01-13 00:21:56,137 - INFO: Evaluation: 	Epoch: 0	Time: 2.3258	Dev acc: 74.19	Dev fscore(p/r/f): (81.08/79.56/80.32)
2024-01-13 00:21:56,196 - INFO: FINAL BEST RESULT: 	Epoch: 0	Dev loss: 3.2206	Dev acc: 74.1899	Dev fscore(p/r/f): (81.0840/79.5620/80.3158)
2024-01-13 00:22:02,361 - INFO: Training: 	Epoch: 1	Time: 6.1645	Training Loss: 2.2753
2024-01-13 00:22:04,362 - INFO: Evaluation: 	Epoch: 1	Time: 1.9448	Dev acc: 76.09	Dev fscore(p/r/f): (84.83/79.87/82.28)
2024-01-13 00:22:04,412 - INFO: FINAL BEST RESULT: 	Epoch: 1	Dev loss: 3.1479	Dev acc: 76.0894	Dev fscore(p/r/f): (84.8283/79.8749/82.2771)
