2024-01-12 17:49:33,048 - INFO: +---------------+--------------------+
| Parameter     | Value              |
+---------------+--------------------+
| dataroot      | ./data             |
+---------------+--------------------+
| word2vec_path | ./word2vec-768.txt |
+---------------+--------------------+
| seed          | 999                |
+---------------+--------------------+
| device        | cuda               |
+---------------+--------------------+
| testing       | False              |
+---------------+--------------------+
| batch_size    | 32                 |
+---------------+--------------------+
| lr            | 0.010              |
+---------------+--------------------+
| max_epoch     | 100                |
+---------------+--------------------+
| encoder_cell  | GRU                |
+---------------+--------------------+
| rnn           | GRU                |
+---------------+--------------------+
| dropout       | 0                  |
+---------------+--------------------+
| embed_size    | 768                |
+---------------+--------------------+
| hidden_size   | 128                |
+---------------+--------------------+
| num_layer     | 1                  |
+---------------+--------------------+
| noise         | 1                  |
+---------------+--------------------+
2024-01-12 17:49:39,222 - INFO: Epoch: 0  train. loss: 6.479242802804296
2024-01-12 17:49:40,412 - INFO: Acc: 0.26145, F1 Score: 0.00000,0.00000,0.00000, Avg. Loss: 6.45052
2024-01-12 17:49:44,734 - INFO: Epoch: 1  train. loss: 6.384760963603819
2024-01-12 17:49:45,654 - INFO: Acc: 0.26145, F1 Score: 0.00000,0.00000,0.00000, Avg. Loss: 6.27984
2024-01-12 17:49:49,927 - INFO: Epoch: 2  train. loss: 6.284373135441528
2024-01-12 17:49:50,837 - INFO: Acc: 0.26145, F1 Score: 0.00000,0.00000,0.00000, Avg. Loss: 6.25845
2024-01-12 17:49:55,089 - INFO: Epoch: 3  train. loss: 6.225695480310263
2024-01-12 17:49:56,012 - INFO: Acc: 0.43017, F1 Score: 0.79474,0.35446,0.49026, Avg. Loss: 6.12992
2024-01-12 17:50:00,700 - INFO: Epoch: 4  train. loss: 6.144844895371633
2024-01-12 17:50:01,643 - INFO: Acc: 0.42905, F1 Score: 0.83761,0.34507,0.48878, Avg. Loss: 6.13285
2024-01-12 17:50:06,117 - INFO: Epoch: 5  train. loss: 6.140298036353563
2024-01-12 17:50:07,094 - INFO: Acc: 0.42793, F1 Score: 0.76750,0.36033,0.49042, Avg. Loss: 6.12574
2024-01-12 17:50:12,095 - INFO: Epoch: 6  train. loss: 6.132937025869417
2024-01-12 17:50:13,165 - INFO: Acc: 0.42346, F1 Score: 0.79675,0.34507,0.48157, Avg. Loss: 6.13568
2024-01-12 17:50:17,421 - INFO: Epoch: 7  train. loss: 6.13038790807194
2024-01-12 17:50:18,355 - INFO: Acc: 0.43017, F1 Score: 0.79167,0.35681,0.49191, Avg. Loss: 6.13918
2024-01-12 17:50:22,610 - INFO: Epoch: 8  train. loss: 6.130747501491647
2024-01-12 17:50:23,813 - INFO: Acc: 0.43352, F1 Score: 0.75845,0.36854,0.49605, Avg. Loss: 6.12407
2024-01-12 17:50:28,149 - INFO: Epoch: 9  train. loss: 6.123734763893625
2024-01-12 17:50:29,125 - INFO: Acc: 0.43128, F1 Score: 0.79948,0.36033,0.49676, Avg. Loss: 6.12400
2024-01-12 17:50:33,461 - INFO: Epoch: 10  train. loss: 6.119662035458575
2024-01-12 17:50:34,404 - INFO: Acc: 0.43240, F1 Score: 0.84298,0.35915,0.50370, Avg. Loss: 6.12405
2024-01-12 17:50:39,254 - INFO: Epoch: 11  train. loss: 6.117145547434368
2024-01-12 17:50:40,208 - INFO: Acc: 0.43575, F1 Score: 0.81510,0.36737,0.50647, Avg. Loss: 6.12094
2024-01-12 17:50:44,759 - INFO: Epoch: 12  train. loss: 6.118967487427549
2024-01-12 17:50:45,670 - INFO: Acc: 0.43352, F1 Score: 0.79494,0.36854,0.50361, Avg. Loss: 6.11919
2024-01-12 17:50:50,570 - INFO: Epoch: 13  train. loss: 6.116515593036141
2024-01-12 17:50:51,576 - INFO: Acc: 0.37877, F1 Score: 0.77288,0.26761,0.39756, Avg. Loss: 6.17884
2024-01-12 17:50:56,408 - INFO: Epoch: 14  train. loss: 6.124316106588817
2024-01-12 17:50:57,295 - INFO: Acc: 0.44246, F1 Score: 0.79284,0.36385,0.49879, Avg. Loss: 6.11684
2024-01-12 17:51:01,700 - INFO: Epoch: 15  train. loss: 6.116935784606206
2024-01-12 17:51:02,653 - INFO: Acc: 0.42346, F1 Score: 0.80332,0.34038,0.47815, Avg. Loss: 6.12710
2024-01-12 17:51:06,996 - INFO: Epoch: 16  train. loss: 6.119572137103648
2024-01-12 17:51:07,944 - INFO: Acc: 0.43464, F1 Score: 0.80263,0.35798,0.49513, Avg. Loss: 6.12072
2024-01-12 17:51:12,345 - INFO: Epoch: 17  train. loss: 6.118224327693488
2024-01-12 17:51:13,275 - INFO: Acc: 0.43017, F1 Score: 0.77525,0.36033,0.49199, Avg. Loss: 6.11963
2024-01-12 17:51:19,186 - INFO: Epoch: 18  train. loss: 6.104186866050119
2024-01-12 17:51:20,061 - INFO: Acc: 0.48827, F1 Score: 0.81522,0.44014,0.57165, Avg. Loss: 6.10685
2024-01-12 17:51:24,382 - INFO: Epoch: 19  train. loss: 6.091202879943744
2024-01-12 17:51:25,246 - INFO: Acc: 0.47598, F1 Score: 0.74645,0.43192,0.54721, Avg. Loss: 6.10933
2024-01-12 17:51:29,620 - INFO: Epoch: 20  train. loss: 6.081216837495738
2024-01-12 17:51:30,499 - INFO: Acc: 0.47151, F1 Score: 0.77447,0.42723,0.55068, Avg. Loss: 6.10830
2024-01-12 17:51:34,794 - INFO: Epoch: 21  train. loss: 6.070399734699966
2024-01-12 17:51:35,749 - INFO: Acc: 0.48156, F1 Score: 0.77963,0.44014,0.56264, Avg. Loss: 6.10436
2024-01-12 17:51:41,901 - INFO: Epoch: 22  train. loss: 6.065336792533242
2024-01-12 17:51:42,820 - INFO: Acc: 0.48156, F1 Score: 0.78782,0.44014,0.56476, Avg. Loss: 6.10330
2024-01-12 17:51:47,188 - INFO: Epoch: 23  train. loss: 6.062045846829185
2024-01-12 17:51:48,102 - INFO: Acc: 0.48492, F1 Score: 0.79079,0.44366,0.56842, Avg. Loss: 6.10297
2024-01-12 17:51:52,417 - INFO: Epoch: 24  train. loss: 6.059701830463689
2024-01-12 17:51:53,372 - INFO: Acc: 0.48045, F1 Score: 0.78814,0.43662,0.56193, Avg. Loss: 6.10357
2024-01-12 17:51:57,654 - INFO: Epoch: 25  train. loss: 6.057294552292874
2024-01-12 17:51:58,602 - INFO: Acc: 0.47821, F1 Score: 0.78723,0.43427,0.55976, Avg. Loss: 6.10257
2024-01-12 17:52:03,038 - INFO: Epoch: 26  train. loss: 6.054895931000682
2024-01-12 17:52:03,885 - INFO: Acc: 0.47933, F1 Score: 0.78270,0.43545,0.55958, Avg. Loss: 6.10104
2024-01-12 17:52:08,191 - INFO: Epoch: 27  train. loss: 6.052934149122059
2024-01-12 17:52:09,135 - INFO: Acc: 0.48268, F1 Score: 0.79355,0.43310,0.56036, Avg. Loss: 6.10088
2024-01-12 17:52:13,400 - INFO: Epoch: 28  train. loss: 6.050921757799181
2024-01-12 17:52:14,331 - INFO: Acc: 0.49050, F1 Score: 0.79622,0.44484,0.57078, Avg. Loss: 6.09742
2024-01-12 17:52:18,596 - INFO: Epoch: 29  train. loss: 6.0490292309495395
2024-01-12 17:52:19,521 - INFO: Acc: 0.49050, F1 Score: 0.80860,0.44131,0.57099, Avg. Loss: 6.09848
2024-01-12 17:52:23,780 - INFO: Epoch: 30  train. loss: 6.047185315802932
2024-01-12 17:52:24,707 - INFO: Acc: 0.49050, F1 Score: 0.78631,0.44484,0.56822, Avg. Loss: 6.09584
2024-01-12 17:52:28,962 - INFO: Epoch: 31  train. loss: 6.045744278469145
2024-01-12 17:52:29,903 - INFO: Acc: 0.49609, F1 Score: 0.81739,0.44131,0.57317, Avg. Loss: 6.09687
2024-01-12 17:52:34,196 - INFO: Epoch: 32  train. loss: 6.044506344826116
2024-01-12 17:52:35,121 - INFO: Acc: 0.49721, F1 Score: 0.80380,0.44718,0.57466, Avg. Loss: 6.09570
2024-01-12 17:52:39,410 - INFO: Epoch: 33  train. loss: 6.043481503579952
2024-01-12 17:52:40,342 - INFO: Acc: 0.49274, F1 Score: 0.79245,0.44366,0.56885, Avg. Loss: 6.09665
2024-01-12 17:52:44,589 - INFO: Epoch: 34  train. loss: 6.0422628814353905
2024-01-12 17:52:45,629 - INFO: Acc: 0.49609, F1 Score: 0.78807,0.44953,0.57250, Avg. Loss: 6.09459
2024-01-12 17:52:50,097 - INFO: Epoch: 35  train. loss: 6.0410642367030345
2024-01-12 17:52:51,049 - INFO: Acc: 0.49050, F1 Score: 0.79785,0.43545,0.56340, Avg. Loss: 6.09663
2024-01-12 17:52:55,495 - INFO: Epoch: 36  train. loss: 6.04017524185987
2024-01-12 17:52:56,455 - INFO: Acc: 0.49274, F1 Score: 0.78992,0.44131,0.56627, Avg. Loss: 6.09549
2024-01-12 17:53:00,728 - INFO: Epoch: 37  train. loss: 6.038870716842823
2024-01-12 17:53:01,671 - INFO: Acc: 0.49274, F1 Score: 0.79060,0.43427,0.56061, Avg. Loss: 6.09728
2024-01-12 17:53:06,283 - INFO: Epoch: 38  train. loss: 6.037836552804296
2024-01-12 17:53:07,310 - INFO: Acc: 0.49385, F1 Score: 0.79915,0.43897,0.56667, Avg. Loss: 6.09562
2024-01-12 17:53:11,588 - INFO: Epoch: 39  train. loss: 6.037318471914422
2024-01-12 17:53:12,552 - INFO: Acc: 0.49274, F1 Score: 0.79060,0.43427,0.56061, Avg. Loss: 6.09688
2024-01-12 17:53:16,872 - INFO: Epoch: 40  train. loss: 6.03660527829867
2024-01-12 17:53:17,814 - INFO: Acc: 0.50056, F1 Score: 0.80294,0.44953,0.57637, Avg. Loss: 6.09360
2024-01-12 17:53:22,431 - INFO: Epoch: 41  train. loss: 6.035975323900443
2024-01-12 17:53:23,482 - INFO: Acc: 0.49832, F1 Score: 0.81075,0.44249,0.57251, Avg. Loss: 6.09340
2024-01-12 17:53:28,363 - INFO: Epoch: 42  train. loss: 6.035577107483805
2024-01-12 17:53:29,244 - INFO: Acc: 0.49497, F1 Score: 0.79830,0.44131,0.56841, Avg. Loss: 6.09345
2024-01-12 17:53:33,597 - INFO: Epoch: 43  train. loss: 6.035200866220594
2024-01-12 17:53:34,562 - INFO: Acc: 0.48939, F1 Score: 0.79521,0.42840,0.55683, Avg. Loss: 6.09594
2024-01-12 17:53:38,906 - INFO: Epoch: 44  train. loss: 6.035077672178657
2024-01-12 17:53:39,850 - INFO: Acc: 0.49497, F1 Score: 0.79873,0.44249,0.56949, Avg. Loss: 6.09569
2024-01-12 17:53:44,146 - INFO: Epoch: 45  train. loss: 6.034706092311627
2024-01-12 17:53:45,084 - INFO: Acc: 0.49832, F1 Score: 0.79665,0.44601,0.57186, Avg. Loss: 6.09557
2024-01-12 17:53:49,428 - INFO: Epoch: 46  train. loss: 6.03428190525912
2024-01-12 17:53:50,380 - INFO: Acc: 0.49721, F1 Score: 0.79536,0.44249,0.56863, Avg. Loss: 6.09621
2024-01-12 17:53:54,653 - INFO: Epoch: 47  train. loss: 6.033828418002046
2024-01-12 17:53:55,589 - INFO: Acc: 0.49609, F1 Score: 0.79704,0.44249,0.56906, Avg. Loss: 6.09450
2024-01-12 17:53:59,899 - INFO: Epoch: 48  train. loss: 6.033468158668598
2024-01-12 17:54:00,835 - INFO: Acc: 0.49832, F1 Score: 0.80778,0.43897,0.56882, Avg. Loss: 6.09447
2024-01-12 17:54:05,150 - INFO: Epoch: 49  train. loss: 6.033297018837368
2024-01-12 17:54:06,075 - INFO: Acc: 0.49944, F1 Score: 0.79830,0.44131,0.56841, Avg. Loss: 6.09345
2024-01-12 17:54:10,987 - INFO: Epoch: 50  train. loss: 6.033055292149676
2024-01-12 17:54:11,943 - INFO: Acc: 0.49944, F1 Score: 0.80514,0.44131,0.57013, Avg. Loss: 6.09416
2024-01-12 17:54:16,619 - INFO: Epoch: 51  train. loss: 6.032820890513126
2024-01-12 17:54:17,860 - INFO: Acc: 0.49944, F1 Score: 0.80892,0.44718,0.57596, Avg. Loss: 6.09389
2024-01-12 17:54:22,447 - INFO: Epoch: 52  train. loss: 6.032507245141494
2024-01-12 17:54:23,407 - INFO: Acc: 0.49721, F1 Score: 0.79747,0.44366,0.57014, Avg. Loss: 6.09441
2024-01-12 17:54:27,755 - INFO: Epoch: 53  train. loss: 6.032517233847597
2024-01-12 17:54:28,685 - INFO: Acc: 0.50056, F1 Score: 0.80085,0.44366,0.57100, Avg. Loss: 6.09336
2024-01-12 17:54:32,972 - INFO: Epoch: 54  train. loss: 6.032838204270371
2024-01-12 17:54:33,886 - INFO: Acc: 0.50056, F1 Score: 0.79668,0.45070,0.57571, Avg. Loss: 6.09523
2024-01-12 17:54:38,398 - INFO: Epoch: 55  train. loss: 6.032313464243096
2024-01-12 17:54:39,329 - INFO: Acc: 0.49944, F1 Score: 0.80426,0.44366,0.57186, Avg. Loss: 6.09569
2024-01-12 17:54:43,595 - INFO: Epoch: 56  train. loss: 6.031939886634845
2024-01-12 17:54:44,618 - INFO: Acc: 0.49497, F1 Score: 0.78750,0.44366,0.56757, Avg. Loss: 6.09651
2024-01-12 17:54:49,560 - INFO: Epoch: 57  train. loss: 6.031711478221957
2024-01-12 17:54:50,612 - INFO: Acc: 0.49609, F1 Score: 0.79541,0.44718,0.57250, Avg. Loss: 6.09509
2024-01-12 17:54:55,062 - INFO: Epoch: 58  train. loss: 6.031380519093079
2024-01-12 17:54:56,835 - INFO: Acc: 0.49385, F1 Score: 0.78914,0.44366,0.56799, Avg. Loss: 6.09495
2024-01-12 17:55:02,236 - INFO: Epoch: 59  train. loss: 6.03121803614047
2024-01-12 17:55:03,297 - INFO: Acc: 0.49832, F1 Score: 0.80591,0.44836,0.57617, Avg. Loss: 6.09463
2024-01-12 17:55:07,821 - INFO: Epoch: 60  train. loss: 6.030953002471872
2024-01-12 17:55:08,708 - INFO: Acc: 0.49944, F1 Score: 0.80713,0.45188,0.57938, Avg. Loss: 6.09473
2024-01-12 17:55:13,131 - INFO: Epoch: 61  train. loss: 6.03091104990624
2024-01-12 17:55:14,096 - INFO: Acc: 0.49944, F1 Score: 0.80467,0.44484,0.57294, Avg. Loss: 6.09411
2024-01-12 17:55:18,555 - INFO: Epoch: 62  train. loss: 6.030722596317763
2024-01-12 17:55:19,526 - INFO: Acc: 0.49721, F1 Score: 0.80000,0.44601,0.57272, Avg. Loss: 6.09415
2024-01-12 17:55:23,965 - INFO: Epoch: 63  train. loss: 6.030494187904876
2024-01-12 17:55:24,905 - INFO: Acc: 0.49385, F1 Score: 0.80952,0.43897,0.56925, Avg. Loss: 6.09583
2024-01-12 17:55:29,308 - INFO: Epoch: 64  train. loss: 6.030398296326287
2024-01-12 17:55:30,269 - INFO: Acc: 0.49832, F1 Score: 0.80249,0.45305,0.57914, Avg. Loss: 6.09365
2024-01-12 17:55:34,792 - INFO: Epoch: 65  train. loss: 6.030446242115581
2024-01-12 17:55:35,676 - INFO: Acc: 0.49721, F1 Score: 0.78850,0.45070,0.57356, Avg. Loss: 6.09290
2024-01-12 17:55:40,164 - INFO: Epoch: 66  train. loss: 6.030353014191953
2024-01-12 17:55:41,044 - INFO: Acc: 0.49944, F1 Score: 0.80882,0.45188,0.57982, Avg. Loss: 6.09192
2024-01-12 17:55:45,502 - INFO: Epoch: 67  train. loss: 6.030570767984998
2024-01-12 17:55:46,443 - INFO: Acc: 0.50056, F1 Score: 0.78427,0.45657,0.57715, Avg. Loss: 6.09575
2024-01-12 17:55:50,963 - INFO: Epoch: 68  train. loss: 6.031238013552676
2024-01-12 17:55:51,925 - INFO: Acc: 0.49274, F1 Score: 0.77459,0.44366,0.56418, Avg. Loss: 6.09527
2024-01-12 17:55:56,495 - INFO: Epoch: 69  train. loss: 6.030705282560518
2024-01-12 17:55:57,439 - INFO: Acc: 0.49944, F1 Score: 0.79406,0.43897,0.56538, Avg. Loss: 6.09520
