2024-01-11 21:35:03,082 - INFO: +---------------+--------------------+
| Parameter     | Value              |
+---------------+--------------------+
| dataroot      | ./data             |
+---------------+--------------------+
| word2vec_path | ./word2vec-768.txt |
+---------------+--------------------+
| seed          | 999                |
+---------------+--------------------+
| device        | 0                  |
+---------------+--------------------+
| testing       | False              |
+---------------+--------------------+
| batch_size    | 32                 |
+---------------+--------------------+
| lr            | 0.001              |
+---------------+--------------------+
| max_epoch     | 100                |
+---------------+--------------------+
| encoder_cell  | GRU                |
+---------------+--------------------+
| dropout       | 0.100              |
+---------------+--------------------+
| embed_size    | 768                |
+---------------+--------------------+
| hidden_size   | 512                |
+---------------+--------------------+
| num_layer     | 2                  |
+---------------+--------------------+
| vocab_size    | 1741               |
+---------------+--------------------+
| pad_idx       | 0                  |
+---------------+--------------------+
| num_tags      | 74                 |
+---------------+--------------------+
| tag_pad_idx   | 0                  |
+---------------+--------------------+
2024-01-11 21:35:03,084 - INFO: Total training steps: 16000
2024-01-11 21:35:03,085 - INFO: =================Start training =================================
2024-01-11 21:35:14,041 - INFO: Training: 	Epoch: 0	Time: 10.9564	Training Loss: 0.8041
2024-01-11 21:35:14,500 - INFO: Evaluation: 	Epoch: 0	Time: 0.3910	Dev acc: 69.39	Dev fscore(p/r/f): (75.70/72.78/74.22)
2024-01-11 21:35:14,600 - INFO: FINAL BEST RESULT: 	Epoch: 0	Dev loss: 0.5915	Dev acc: 69.3855	Dev fscore(p/r/f): (75.7050/72.7842/74.2158)
2024-01-11 21:35:24,519 - INFO: Training: 	Epoch: 1	Time: 9.9196	Training Loss: 0.3869
2024-01-11 21:35:24,948 - INFO: Evaluation: 	Epoch: 1	Time: 0.3551	Dev acc: 69.16	Dev fscore(p/r/f): (78.23/71.95/74.96)
2024-01-11 21:35:24,949 - INFO: FINAL BEST RESULT: 	Epoch: 0	Dev loss: 0.5915	Dev acc: 69.3855	Dev fscore(p/r/f): (75.7050/72.7842/74.2158)
2024-01-11 21:35:34,771 - INFO: Training: 	Epoch: 2	Time: 9.8217	Training Loss: 0.2900
2024-01-11 21:35:35,197 - INFO: Evaluation: 	Epoch: 2	Time: 0.3560	Dev acc: 70.50	Dev fscore(p/r/f): (77.06/74.24/75.62)
2024-01-11 21:35:35,258 - INFO: FINAL BEST RESULT: 	Epoch: 2	Dev loss: 0.6535	Dev acc: 70.5028	Dev fscore(p/r/f): (77.0563/74.2440/75.6240)
2024-01-11 21:35:45,120 - INFO: Training: 	Epoch: 3	Time: 9.8609	Training Loss: 0.2275
2024-01-11 21:35:45,547 - INFO: Evaluation: 	Epoch: 3	Time: 0.3581	Dev acc: 69.27	Dev fscore(p/r/f): (80.35/72.05/75.98)
2024-01-11 21:35:45,548 - INFO: FINAL BEST RESULT: 	Epoch: 2	Dev loss: 0.6535	Dev acc: 70.5028	Dev fscore(p/r/f): (77.0563/74.2440/75.6240)
2024-01-11 21:35:55,508 - INFO: Training: 	Epoch: 4	Time: 9.9601	Training Loss: 0.1693
2024-01-11 21:35:55,935 - INFO: Evaluation: 	Epoch: 4	Time: 0.3596	Dev acc: 69.39	Dev fscore(p/r/f): (80.05/72.78/76.24)
2024-01-11 21:35:55,936 - INFO: FINAL BEST RESULT: 	Epoch: 2	Dev loss: 0.6535	Dev acc: 70.5028	Dev fscore(p/r/f): (77.0563/74.2440/75.6240)
2024-01-11 21:36:05,789 - INFO: Training: 	Epoch: 5	Time: 9.8524	Training Loss: 0.1292
2024-01-11 21:36:06,223 - INFO: Evaluation: 	Epoch: 5	Time: 0.3575	Dev acc: 68.83	Dev fscore(p/r/f): (79.49/71.95/75.53)
2024-01-11 21:36:06,224 - INFO: FINAL BEST RESULT: 	Epoch: 2	Dev loss: 0.6535	Dev acc: 70.5028	Dev fscore(p/r/f): (77.0563/74.2440/75.6240)
2024-01-11 21:36:16,145 - INFO: Training: 	Epoch: 6	Time: 9.9204	Training Loss: 0.1025
2024-01-11 21:36:16,571 - INFO: Evaluation: 	Epoch: 6	Time: 0.3550	Dev acc: 69.05	Dev fscore(p/r/f): (79.93/71.85/75.67)
2024-01-11 21:36:16,572 - INFO: FINAL BEST RESULT: 	Epoch: 2	Dev loss: 0.6535	Dev acc: 70.5028	Dev fscore(p/r/f): (77.0563/74.2440/75.6240)
2024-01-11 21:36:26,391 - INFO: Training: 	Epoch: 7	Time: 9.8177	Training Loss: 0.0806
2024-01-11 21:36:26,851 - INFO: Evaluation: 	Epoch: 7	Time: 0.3872	Dev acc: 71.96	Dev fscore(p/r/f): (81.38/75.18/78.16)
2024-01-11 21:36:26,921 - INFO: FINAL BEST RESULT: 	Epoch: 7	Dev loss: 0.8618	Dev acc: 71.9553	Dev fscore(p/r/f): (81.3770/75.1825/78.1572)
2024-01-11 21:36:36,845 - INFO: Training: 	Epoch: 8	Time: 9.9231	Training Loss: 0.0651
2024-01-11 21:36:37,273 - INFO: Evaluation: 	Epoch: 8	Time: 0.3570	Dev acc: 69.05	Dev fscore(p/r/f): (80.00/72.58/76.11)
2024-01-11 21:36:37,273 - INFO: FINAL BEST RESULT: 	Epoch: 7	Dev loss: 0.8618	Dev acc: 71.9553	Dev fscore(p/r/f): (81.3770/75.1825/78.1572)
2024-01-11 21:36:47,161 - INFO: Training: 	Epoch: 9	Time: 9.8877	Training Loss: 0.0575
2024-01-11 21:36:47,593 - INFO: Evaluation: 	Epoch: 9	Time: 0.3580	Dev acc: 69.39	Dev fscore(p/r/f): (79.05/73.20/76.02)
2024-01-11 21:36:47,594 - INFO: FINAL BEST RESULT: 	Epoch: 7	Dev loss: 0.8618	Dev acc: 71.9553	Dev fscore(p/r/f): (81.3770/75.1825/78.1572)
2024-01-11 21:36:57,459 - INFO: Training: 	Epoch: 10	Time: 9.8651	Training Loss: 0.0446
2024-01-11 21:36:57,900 - INFO: Evaluation: 	Epoch: 10	Time: 0.3681	Dev acc: 70.39	Dev fscore(p/r/f): (80.25/73.72/76.85)
2024-01-11 21:36:57,901 - INFO: FINAL BEST RESULT: 	Epoch: 7	Dev loss: 0.8618	Dev acc: 71.9553	Dev fscore(p/r/f): (81.3770/75.1825/78.1572)
2024-01-11 21:37:07,792 - INFO: Training: 	Epoch: 11	Time: 9.8907	Training Loss: 0.0370
2024-01-11 21:37:08,225 - INFO: Evaluation: 	Epoch: 11	Time: 0.3601	Dev acc: 68.60	Dev fscore(p/r/f): (80.33/71.95/75.91)
2024-01-11 21:37:08,226 - INFO: FINAL BEST RESULT: 	Epoch: 7	Dev loss: 0.8618	Dev acc: 71.9553	Dev fscore(p/r/f): (81.3770/75.1825/78.1572)
2024-01-11 21:37:18,145 - INFO: Training: 	Epoch: 12	Time: 9.9189	Training Loss: 0.0333
2024-01-11 21:37:18,598 - INFO: Evaluation: 	Epoch: 12	Time: 0.3591	Dev acc: 69.61	Dev fscore(p/r/f): (79.50/73.62/76.45)
2024-01-11 21:37:18,598 - INFO: FINAL BEST RESULT: 	Epoch: 7	Dev loss: 0.8618	Dev acc: 71.9553	Dev fscore(p/r/f): (81.3770/75.1825/78.1572)
2024-01-11 21:37:28,467 - INFO: Training: 	Epoch: 13	Time: 9.8698	Training Loss: 0.0305
2024-01-11 21:37:28,907 - INFO: Evaluation: 	Epoch: 13	Time: 0.3630	Dev acc: 69.16	Dev fscore(p/r/f): (80.48/72.68/76.38)
2024-01-11 21:37:28,908 - INFO: FINAL BEST RESULT: 	Epoch: 7	Dev loss: 0.8618	Dev acc: 71.9553	Dev fscore(p/r/f): (81.3770/75.1825/78.1572)
2024-01-11 21:37:38,754 - INFO: Training: 	Epoch: 14	Time: 9.8463	Training Loss: 0.0299
2024-01-11 21:37:39,196 - INFO: Evaluation: 	Epoch: 14	Time: 0.3670	Dev acc: 69.72	Dev fscore(p/r/f): (81.00/72.89/76.73)
2024-01-11 21:37:39,196 - INFO: FINAL BEST RESULT: 	Epoch: 7	Dev loss: 0.8618	Dev acc: 71.9553	Dev fscore(p/r/f): (81.3770/75.1825/78.1572)
2024-01-11 21:37:49,065 - INFO: Training: 	Epoch: 15	Time: 9.8681	Training Loss: 0.0286
2024-01-11 21:37:49,523 - INFO: Evaluation: 	Epoch: 15	Time: 0.3870	Dev acc: 70.28	Dev fscore(p/r/f): (80.52/74.14/77.20)
2024-01-11 21:37:49,524 - INFO: FINAL BEST RESULT: 	Epoch: 7	Dev loss: 0.8618	Dev acc: 71.9553	Dev fscore(p/r/f): (81.3770/75.1825/78.1572)
2024-01-11 21:37:59,292 - INFO: Training: 	Epoch: 16	Time: 9.7679	Training Loss: 0.0273
2024-01-11 21:37:59,737 - INFO: Evaluation: 	Epoch: 16	Time: 0.3732	Dev acc: 70.28	Dev fscore(p/r/f): (79.86/73.62/76.61)
2024-01-11 21:37:59,737 - INFO: FINAL BEST RESULT: 	Epoch: 7	Dev loss: 0.8618	Dev acc: 71.9553	Dev fscore(p/r/f): (81.3770/75.1825/78.1572)
2024-01-11 21:38:09,773 - INFO: Training: 	Epoch: 17	Time: 10.0346	Training Loss: 0.0277
2024-01-11 21:38:10,233 - INFO: Evaluation: 	Epoch: 17	Time: 0.3890	Dev acc: 70.28	Dev fscore(p/r/f): (80.71/73.72/77.06)
2024-01-11 21:38:10,234 - INFO: FINAL BEST RESULT: 	Epoch: 7	Dev loss: 0.8618	Dev acc: 71.9553	Dev fscore(p/r/f): (81.3770/75.1825/78.1572)
2024-01-11 21:38:20,097 - INFO: Training: 	Epoch: 18	Time: 9.8620	Training Loss: 0.0635
2024-01-11 21:38:20,530 - INFO: Evaluation: 	Epoch: 18	Time: 0.3641	Dev acc: 66.15	Dev fscore(p/r/f): (76.75/69.86/73.14)
2024-01-11 21:38:20,531 - INFO: FINAL BEST RESULT: 	Epoch: 7	Dev loss: 0.8618	Dev acc: 71.9553	Dev fscore(p/r/f): (81.3770/75.1825/78.1572)
2024-01-11 21:38:30,395 - INFO: Training: 	Epoch: 19	Time: 9.8633	Training Loss: 0.1021
2024-01-11 21:38:30,830 - INFO: Evaluation: 	Epoch: 19	Time: 0.3581	Dev acc: 68.94	Dev fscore(p/r/f): (80.73/71.22/75.68)
2024-01-11 21:38:30,831 - INFO: FINAL BEST RESULT: 	Epoch: 7	Dev loss: 0.8618	Dev acc: 71.9553	Dev fscore(p/r/f): (81.3770/75.1825/78.1572)
2024-01-11 21:38:40,753 - INFO: Training: 	Epoch: 20	Time: 9.9215	Training Loss: 0.0478
2024-01-11 21:38:41,195 - INFO: Evaluation: 	Epoch: 20	Time: 0.3670	Dev acc: 69.50	Dev fscore(p/r/f): (80.12/71.85/75.76)
2024-01-11 21:38:41,196 - INFO: FINAL BEST RESULT: 	Epoch: 7	Dev loss: 0.8618	Dev acc: 71.9553	Dev fscore(p/r/f): (81.3770/75.1825/78.1572)
2024-01-11 21:38:51,150 - INFO: Training: 	Epoch: 21	Time: 9.9545	Training Loss: 0.0320
2024-01-11 21:38:51,580 - INFO: Evaluation: 	Epoch: 21	Time: 0.3600	Dev acc: 68.94	Dev fscore(p/r/f): (80.26/71.64/75.70)
2024-01-11 21:38:51,580 - INFO: FINAL BEST RESULT: 	Epoch: 7	Dev loss: 0.8618	Dev acc: 71.9553	Dev fscore(p/r/f): (81.3770/75.1825/78.1572)
2024-01-11 21:39:01,419 - INFO: Training: 	Epoch: 22	Time: 9.8374	Training Loss: 0.0253
2024-01-11 21:39:01,886 - INFO: Evaluation: 	Epoch: 22	Time: 0.3820	Dev acc: 68.49	Dev fscore(p/r/f): (79.88/70.39/74.83)
2024-01-11 21:39:01,887 - INFO: FINAL BEST RESULT: 	Epoch: 7	Dev loss: 0.8618	Dev acc: 71.9553	Dev fscore(p/r/f): (81.3770/75.1825/78.1572)
2024-01-11 21:39:11,781 - INFO: Training: 	Epoch: 23	Time: 9.8942	Training Loss: 0.0251
2024-01-11 21:39:12,230 - INFO: Evaluation: 	Epoch: 23	Time: 0.3631	Dev acc: 69.72	Dev fscore(p/r/f): (80.58/72.68/76.43)
2024-01-11 21:39:12,231 - INFO: FINAL BEST RESULT: 	Epoch: 7	Dev loss: 0.8618	Dev acc: 71.9553	Dev fscore(p/r/f): (81.3770/75.1825/78.1572)
2024-01-11 21:39:22,158 - INFO: Training: 	Epoch: 24	Time: 9.9265	Training Loss: 0.0241
2024-01-11 21:39:22,604 - INFO: Evaluation: 	Epoch: 24	Time: 0.3700	Dev acc: 69.61	Dev fscore(p/r/f): (80.28/72.58/76.23)
2024-01-11 21:39:22,604 - INFO: FINAL BEST RESULT: 	Epoch: 7	Dev loss: 0.8618	Dev acc: 71.9553	Dev fscore(p/r/f): (81.3770/75.1825/78.1572)
2024-01-11 21:39:32,526 - INFO: Training: 	Epoch: 25	Time: 9.9217	Training Loss: 0.0235
2024-01-11 21:39:32,965 - INFO: Evaluation: 	Epoch: 25	Time: 0.3580	Dev acc: 69.83	Dev fscore(p/r/f): (80.79/72.78/76.58)
2024-01-11 21:39:32,966 - INFO: FINAL BEST RESULT: 	Epoch: 7	Dev loss: 0.8618	Dev acc: 71.9553	Dev fscore(p/r/f): (81.3770/75.1825/78.1572)
2024-01-11 21:39:43,085 - INFO: Training: 	Epoch: 26	Time: 10.1187	Training Loss: 0.0221
2024-01-11 21:39:43,536 - INFO: Evaluation: 	Epoch: 26	Time: 0.3680	Dev acc: 69.61	Dev fscore(p/r/f): (80.65/72.58/76.40)
2024-01-11 21:39:43,537 - INFO: FINAL BEST RESULT: 	Epoch: 7	Dev loss: 0.8618	Dev acc: 71.9553	Dev fscore(p/r/f): (81.3770/75.1825/78.1572)
2024-01-11 21:39:53,372 - INFO: Training: 	Epoch: 27	Time: 9.8343	Training Loss: 0.0222
2024-01-11 21:39:53,800 - INFO: Evaluation: 	Epoch: 27	Time: 0.3602	Dev acc: 69.39	Dev fscore(p/r/f): (80.72/72.47/76.37)
2024-01-11 21:39:53,800 - INFO: FINAL BEST RESULT: 	Epoch: 7	Dev loss: 0.8618	Dev acc: 71.9553	Dev fscore(p/r/f): (81.3770/75.1825/78.1572)
2024-01-11 21:40:03,811 - INFO: Training: 	Epoch: 28	Time: 10.0112	Training Loss: 0.0228
2024-01-11 21:40:04,238 - INFO: Evaluation: 	Epoch: 28	Time: 0.3541	Dev acc: 69.72	Dev fscore(p/r/f): (81.09/72.89/76.77)
2024-01-11 21:40:04,239 - INFO: FINAL BEST RESULT: 	Epoch: 7	Dev loss: 0.8618	Dev acc: 71.9553	Dev fscore(p/r/f): (81.3770/75.1825/78.1572)
2024-01-11 21:40:14,056 - INFO: Training: 	Epoch: 29	Time: 9.8165	Training Loss: 0.0225
2024-01-11 21:40:14,495 - INFO: Evaluation: 	Epoch: 29	Time: 0.3590	Dev acc: 69.39	Dev fscore(p/r/f): (80.89/72.37/76.39)
2024-01-11 21:40:14,495 - INFO: FINAL BEST RESULT: 	Epoch: 7	Dev loss: 0.8618	Dev acc: 71.9553	Dev fscore(p/r/f): (81.3770/75.1825/78.1572)
2024-01-11 21:40:24,330 - INFO: Training: 	Epoch: 30	Time: 9.8339	Training Loss: 0.0224
2024-01-11 21:40:24,773 - INFO: Evaluation: 	Epoch: 30	Time: 0.3610	Dev acc: 69.94	Dev fscore(p/r/f): (81.09/72.89/76.77)
2024-01-11 21:40:24,773 - INFO: FINAL BEST RESULT: 	Epoch: 7	Dev loss: 0.8618	Dev acc: 71.9553	Dev fscore(p/r/f): (81.3770/75.1825/78.1572)
2024-01-11 21:40:34,695 - INFO: Training: 	Epoch: 31	Time: 9.9218	Training Loss: 0.0231
2024-01-11 21:40:35,130 - INFO: Evaluation: 	Epoch: 31	Time: 0.3650	Dev acc: 70.17	Dev fscore(p/r/f): (80.97/73.20/76.89)
2024-01-11 21:40:35,130 - INFO: FINAL BEST RESULT: 	Epoch: 7	Dev loss: 0.8618	Dev acc: 71.9553	Dev fscore(p/r/f): (81.3770/75.1825/78.1572)
2024-01-11 21:40:44,926 - INFO: Training: 	Epoch: 32	Time: 9.7948	Training Loss: 0.0221
2024-01-11 21:40:45,365 - INFO: Evaluation: 	Epoch: 32	Time: 0.3720	Dev acc: 69.94	Dev fscore(p/r/f): (80.92/72.99/76.75)
2024-01-11 21:40:45,366 - INFO: FINAL BEST RESULT: 	Epoch: 7	Dev loss: 0.8618	Dev acc: 71.9553	Dev fscore(p/r/f): (81.3770/75.1825/78.1572)
2024-01-11 21:40:55,168 - INFO: Training: 	Epoch: 33	Time: 9.8014	Training Loss: 0.0224
2024-01-11 21:40:55,601 - INFO: Evaluation: 	Epoch: 33	Time: 0.3580	Dev acc: 69.39	Dev fscore(p/r/f): (81.84/72.37/76.81)
2024-01-11 21:40:55,602 - INFO: FINAL BEST RESULT: 	Epoch: 7	Dev loss: 0.8618	Dev acc: 71.9553	Dev fscore(p/r/f): (81.3770/75.1825/78.1572)
2024-01-11 21:41:05,530 - INFO: Training: 	Epoch: 34	Time: 9.9271	Training Loss: 0.0219
2024-01-11 21:41:05,967 - INFO: Evaluation: 	Epoch: 34	Time: 0.3620	Dev acc: 70.50	Dev fscore(p/r/f): (80.43/73.72/76.93)
2024-01-11 21:41:05,968 - INFO: FINAL BEST RESULT: 	Epoch: 7	Dev loss: 0.8618	Dev acc: 71.9553	Dev fscore(p/r/f): (81.3770/75.1825/78.1572)
2024-01-11 21:41:15,910 - INFO: Training: 	Epoch: 35	Time: 9.9424	Training Loss: 0.0228
2024-01-11 21:41:16,368 - INFO: Evaluation: 	Epoch: 35	Time: 0.3641	Dev acc: 68.72	Dev fscore(p/r/f): (80.19/71.74/75.73)
2024-01-11 21:41:16,369 - INFO: FINAL BEST RESULT: 	Epoch: 7	Dev loss: 0.8618	Dev acc: 71.9553	Dev fscore(p/r/f): (81.3770/75.1825/78.1572)
2024-01-11 21:41:26,343 - INFO: Training: 	Epoch: 36	Time: 9.9746	Training Loss: 0.0232
2024-01-11 21:41:26,815 - INFO: Evaluation: 	Epoch: 36	Time: 0.3890	Dev acc: 69.05	Dev fscore(p/r/f): (80.44/72.05/76.02)
2024-01-11 21:41:26,816 - INFO: FINAL BEST RESULT: 	Epoch: 7	Dev loss: 0.8618	Dev acc: 71.9553	Dev fscore(p/r/f): (81.3770/75.1825/78.1572)
2024-01-11 21:41:36,738 - INFO: Training: 	Epoch: 37	Time: 9.9216	Training Loss: 0.0231
2024-01-11 21:41:37,172 - INFO: Evaluation: 	Epoch: 37	Time: 0.3600	Dev acc: 69.27	Dev fscore(p/r/f): (80.86/72.26/76.32)
2024-01-11 21:41:37,173 - INFO: FINAL BEST RESULT: 	Epoch: 7	Dev loss: 0.8618	Dev acc: 71.9553	Dev fscore(p/r/f): (81.3770/75.1825/78.1572)
2024-01-11 21:41:47,212 - INFO: Training: 	Epoch: 38	Time: 10.0381	Training Loss: 0.0219
2024-01-11 21:41:47,669 - INFO: Evaluation: 	Epoch: 38	Time: 0.3820	Dev acc: 70.06	Dev fscore(p/r/f): (80.46/73.41/76.77)
2024-01-11 21:41:47,670 - INFO: FINAL BEST RESULT: 	Epoch: 7	Dev loss: 0.8618	Dev acc: 71.9553	Dev fscore(p/r/f): (81.3770/75.1825/78.1572)
2024-01-11 21:41:57,479 - INFO: Training: 	Epoch: 39	Time: 9.8085	Training Loss: 0.0244
2024-01-11 21:41:57,929 - INFO: Evaluation: 	Epoch: 39	Time: 0.3690	Dev acc: 70.06	Dev fscore(p/r/f): (79.14/73.20/76.06)
2024-01-11 21:41:57,930 - INFO: FINAL BEST RESULT: 	Epoch: 7	Dev loss: 0.8618	Dev acc: 71.9553	Dev fscore(p/r/f): (81.3770/75.1825/78.1572)
2024-01-11 21:42:08,014 - INFO: Training: 	Epoch: 40	Time: 10.0844	Training Loss: 0.0401
2024-01-11 21:42:08,508 - INFO: Evaluation: 	Epoch: 40	Time: 0.3929	Dev acc: 67.37	Dev fscore(p/r/f): (79.02/70.28/74.39)
2024-01-11 21:42:08,508 - INFO: FINAL BEST RESULT: 	Epoch: 7	Dev loss: 0.8618	Dev acc: 71.9553	Dev fscore(p/r/f): (81.3770/75.1825/78.1572)
2024-01-11 21:42:18,362 - INFO: Training: 	Epoch: 41	Time: 9.8528	Training Loss: 0.1166
2024-01-11 21:42:18,813 - INFO: Evaluation: 	Epoch: 41	Time: 0.3786	Dev acc: 67.26	Dev fscore(p/r/f): (77.93/69.97/73.74)
2024-01-11 21:42:18,814 - INFO: FINAL BEST RESULT: 	Epoch: 7	Dev loss: 0.8618	Dev acc: 71.9553	Dev fscore(p/r/f): (81.3770/75.1825/78.1572)
2024-01-11 21:42:28,675 - INFO: Training: 	Epoch: 42	Time: 9.8607	Training Loss: 0.0597
2024-01-11 21:42:29,126 - INFO: Evaluation: 	Epoch: 42	Time: 0.3624	Dev acc: 70.61	Dev fscore(p/r/f): (78.74/74.14/76.37)
2024-01-11 21:42:29,126 - INFO: FINAL BEST RESULT: 	Epoch: 7	Dev loss: 0.8618	Dev acc: 71.9553	Dev fscore(p/r/f): (81.3770/75.1825/78.1572)
2024-01-11 21:42:38,932 - INFO: Training: 	Epoch: 43	Time: 9.8048	Training Loss: 0.0334
2024-01-11 21:42:39,410 - INFO: Evaluation: 	Epoch: 43	Time: 0.3959	Dev acc: 69.05	Dev fscore(p/r/f): (77.75/72.16/74.85)
2024-01-11 21:42:39,410 - INFO: FINAL BEST RESULT: 	Epoch: 7	Dev loss: 0.8618	Dev acc: 71.9553	Dev fscore(p/r/f): (81.3770/75.1825/78.1572)
2024-01-11 21:42:49,347 - INFO: Training: 	Epoch: 44	Time: 9.9366	Training Loss: 0.0251
2024-01-11 21:42:49,783 - INFO: Evaluation: 	Epoch: 44	Time: 0.3620	Dev acc: 70.06	Dev fscore(p/r/f): (78.37/73.31/75.75)
2024-01-11 21:42:49,783 - INFO: FINAL BEST RESULT: 	Epoch: 7	Dev loss: 0.8618	Dev acc: 71.9553	Dev fscore(p/r/f): (81.3770/75.1825/78.1572)
2024-01-11 21:42:59,802 - INFO: Training: 	Epoch: 45	Time: 10.0176	Training Loss: 0.0225
2024-01-11 21:43:00,321 - INFO: Evaluation: 	Epoch: 45	Time: 0.4408	Dev acc: 70.28	Dev fscore(p/r/f): (78.86/73.51/76.09)
2024-01-11 21:43:00,322 - INFO: FINAL BEST RESULT: 	Epoch: 7	Dev loss: 0.8618	Dev acc: 71.9553	Dev fscore(p/r/f): (81.3770/75.1825/78.1572)
2024-01-11 21:43:10,195 - INFO: Training: 	Epoch: 46	Time: 9.8731	Training Loss: 0.0226
2024-01-11 21:43:10,629 - INFO: Evaluation: 	Epoch: 46	Time: 0.3612	Dev acc: 70.17	Dev fscore(p/r/f): (78.68/73.10/75.78)
2024-01-11 21:43:10,630 - INFO: FINAL BEST RESULT: 	Epoch: 7	Dev loss: 0.8618	Dev acc: 71.9553	Dev fscore(p/r/f): (81.3770/75.1825/78.1572)
2024-01-11 21:43:20,729 - INFO: Training: 	Epoch: 47	Time: 10.0977	Training Loss: 0.0235
2024-01-11 21:43:21,166 - INFO: Evaluation: 	Epoch: 47	Time: 0.3640	Dev acc: 70.28	Dev fscore(p/r/f): (78.71/73.62/76.08)
2024-01-11 21:43:21,167 - INFO: FINAL BEST RESULT: 	Epoch: 7	Dev loss: 0.8618	Dev acc: 71.9553	Dev fscore(p/r/f): (81.3770/75.1825/78.1572)
2024-01-11 21:43:30,948 - INFO: Training: 	Epoch: 48	Time: 9.7808	Training Loss: 0.0210
2024-01-11 21:43:31,381 - INFO: Evaluation: 	Epoch: 48	Time: 0.3610	Dev acc: 70.17	Dev fscore(p/r/f): (78.46/73.31/75.80)
2024-01-11 21:43:31,382 - INFO: FINAL BEST RESULT: 	Epoch: 7	Dev loss: 0.8618	Dev acc: 71.9553	Dev fscore(p/r/f): (81.3770/75.1825/78.1572)
2024-01-11 21:43:41,145 - INFO: Training: 	Epoch: 49	Time: 9.7636	Training Loss: 0.0212
2024-01-11 21:43:41,611 - INFO: Evaluation: 	Epoch: 49	Time: 0.3860	Dev acc: 65.59	Dev fscore(p/r/f): (75.76/70.07/72.81)
2024-01-11 21:43:41,611 - INFO: FINAL BEST RESULT: 	Epoch: 7	Dev loss: 0.8618	Dev acc: 71.9553	Dev fscore(p/r/f): (81.3770/75.1825/78.1572)
2024-01-11 21:43:51,539 - INFO: Training: 	Epoch: 50	Time: 9.9268	Training Loss: 0.0221
2024-01-11 21:43:51,978 - INFO: Evaluation: 	Epoch: 50	Time: 0.3686	Dev acc: 70.28	Dev fscore(p/r/f): (79.12/73.51/76.22)
2024-01-11 21:43:51,979 - INFO: FINAL BEST RESULT: 	Epoch: 7	Dev loss: 0.8618	Dev acc: 71.9553	Dev fscore(p/r/f): (81.3770/75.1825/78.1572)
2024-01-11 21:44:01,842 - INFO: Training: 	Epoch: 51	Time: 9.8636	Training Loss: 0.0213
2024-01-11 21:44:02,291 - INFO: Evaluation: 	Epoch: 51	Time: 0.3731	Dev acc: 70.06	Dev fscore(p/r/f): (79.41/73.20/76.18)
2024-01-11 21:44:02,291 - INFO: FINAL BEST RESULT: 	Epoch: 7	Dev loss: 0.8618	Dev acc: 71.9553	Dev fscore(p/r/f): (81.3770/75.1825/78.1572)
2024-01-11 21:44:12,147 - INFO: Training: 	Epoch: 52	Time: 9.8560	Training Loss: 0.0209
2024-01-11 21:44:12,615 - INFO: Evaluation: 	Epoch: 52	Time: 0.3892	Dev acc: 70.06	Dev fscore(p/r/f): (78.88/73.20/75.93)
2024-01-11 21:44:12,616 - INFO: FINAL BEST RESULT: 	Epoch: 7	Dev loss: 0.8618	Dev acc: 71.9553	Dev fscore(p/r/f): (81.3770/75.1825/78.1572)
2024-01-11 21:44:22,599 - INFO: Training: 	Epoch: 53	Time: 9.9817	Training Loss: 0.0214
2024-01-11 21:44:23,041 - INFO: Evaluation: 	Epoch: 53	Time: 0.3660	Dev acc: 70.06	Dev fscore(p/r/f): (78.57/73.41/75.90)
2024-01-11 21:44:23,042 - INFO: FINAL BEST RESULT: 	Epoch: 7	Dev loss: 0.8618	Dev acc: 71.9553	Dev fscore(p/r/f): (81.3770/75.1825/78.1572)
2024-01-11 21:44:32,949 - INFO: Training: 	Epoch: 54	Time: 9.9070	Training Loss: 0.0224
2024-01-11 21:44:33,397 - INFO: Evaluation: 	Epoch: 54	Time: 0.3609	Dev acc: 69.83	Dev fscore(p/r/f): (79.28/72.99/76.00)
2024-01-11 21:44:33,398 - INFO: FINAL BEST RESULT: 	Epoch: 7	Dev loss: 0.8618	Dev acc: 71.9553	Dev fscore(p/r/f): (81.3770/75.1825/78.1572)
2024-01-11 21:44:43,237 - INFO: Training: 	Epoch: 55	Time: 9.8393	Training Loss: 0.0213
2024-01-11 21:44:43,687 - INFO: Evaluation: 	Epoch: 55	Time: 0.3730	Dev acc: 70.50	Dev fscore(p/r/f): (79.44/73.72/76.47)
2024-01-11 21:44:43,687 - INFO: FINAL BEST RESULT: 	Epoch: 7	Dev loss: 0.8618	Dev acc: 71.9553	Dev fscore(p/r/f): (81.3770/75.1825/78.1572)
2024-01-11 21:44:53,698 - INFO: Training: 	Epoch: 56	Time: 10.0113	Training Loss: 0.0215
2024-01-11 21:44:54,133 - INFO: Evaluation: 	Epoch: 56	Time: 0.3621	Dev acc: 69.50	Dev fscore(p/r/f): (79.00/72.58/75.65)
2024-01-11 21:44:54,134 - INFO: FINAL BEST RESULT: 	Epoch: 7	Dev loss: 0.8618	Dev acc: 71.9553	Dev fscore(p/r/f): (81.3770/75.1825/78.1572)
2024-01-11 21:45:04,007 - INFO: Training: 	Epoch: 57	Time: 9.8731	Training Loss: 0.0217
2024-01-11 21:45:04,548 - INFO: Evaluation: 	Epoch: 57	Time: 0.4629	Dev acc: 70.50	Dev fscore(p/r/f): (78.73/73.72/76.14)
2024-01-11 21:45:04,549 - INFO: FINAL BEST RESULT: 	Epoch: 7	Dev loss: 0.8618	Dev acc: 71.9553	Dev fscore(p/r/f): (81.3770/75.1825/78.1572)
2024-01-11 21:45:14,424 - INFO: Training: 	Epoch: 58	Time: 9.8745	Training Loss: 0.0215
2024-01-11 21:45:14,847 - INFO: Evaluation: 	Epoch: 58	Time: 0.3551	Dev acc: 70.06	Dev fscore(p/r/f): (79.68/73.20/76.30)
2024-01-11 21:45:14,847 - INFO: FINAL BEST RESULT: 	Epoch: 7	Dev loss: 0.8618	Dev acc: 71.9553	Dev fscore(p/r/f): (81.3770/75.1825/78.1572)
2024-01-11 21:45:24,750 - INFO: Training: 	Epoch: 59	Time: 9.9037	Training Loss: 0.0218
2024-01-11 21:45:25,192 - INFO: Evaluation: 	Epoch: 59	Time: 0.3678	Dev acc: 70.50	Dev fscore(p/r/f): (79.19/73.83/76.42)
2024-01-11 21:45:25,193 - INFO: FINAL BEST RESULT: 	Epoch: 7	Dev loss: 0.8618	Dev acc: 71.9553	Dev fscore(p/r/f): (81.3770/75.1825/78.1572)
2024-01-11 21:45:35,262 - INFO: Training: 	Epoch: 60	Time: 10.0693	Training Loss: 0.0212
2024-01-11 21:45:35,746 - INFO: Evaluation: 	Epoch: 60	Time: 0.4019	Dev acc: 69.83	Dev fscore(p/r/f): (79.32/72.78/75.91)
2024-01-11 21:45:35,746 - INFO: FINAL BEST RESULT: 	Epoch: 7	Dev loss: 0.8618	Dev acc: 71.9553	Dev fscore(p/r/f): (81.3770/75.1825/78.1572)
2024-01-11 21:45:45,621 - INFO: Training: 	Epoch: 61	Time: 9.8735	Training Loss: 0.0215
2024-01-11 21:45:46,113 - INFO: Evaluation: 	Epoch: 61	Time: 0.4040	Dev acc: 69.83	Dev fscore(p/r/f): (79.66/73.10/76.24)
2024-01-11 21:45:46,114 - INFO: FINAL BEST RESULT: 	Epoch: 7	Dev loss: 0.8618	Dev acc: 71.9553	Dev fscore(p/r/f): (81.3770/75.1825/78.1572)
2024-01-11 21:45:55,922 - INFO: Training: 	Epoch: 62	Time: 9.8081	Training Loss: 0.0217
2024-01-11 21:45:56,364 - INFO: Evaluation: 	Epoch: 62	Time: 0.3680	Dev acc: 70.95	Dev fscore(p/r/f): (79.60/74.45/76.94)
2024-01-11 21:45:56,365 - INFO: FINAL BEST RESULT: 	Epoch: 7	Dev loss: 0.8618	Dev acc: 71.9553	Dev fscore(p/r/f): (81.3770/75.1825/78.1572)
2024-01-11 21:46:06,336 - INFO: Training: 	Epoch: 63	Time: 9.9712	Training Loss: 0.0210
2024-01-11 21:46:06,770 - INFO: Evaluation: 	Epoch: 63	Time: 0.3640	Dev acc: 70.17	Dev fscore(p/r/f): (79.75/73.10/76.28)
2024-01-11 21:46:06,771 - INFO: FINAL BEST RESULT: 	Epoch: 7	Dev loss: 0.8618	Dev acc: 71.9553	Dev fscore(p/r/f): (81.3770/75.1825/78.1572)
2024-01-11 21:46:16,631 - INFO: Training: 	Epoch: 64	Time: 9.8599	Training Loss: 0.0209
2024-01-11 21:46:17,109 - INFO: Evaluation: 	Epoch: 64	Time: 0.3820	Dev acc: 70.50	Dev fscore(p/r/f): (79.40/73.93/76.57)
2024-01-11 21:46:17,109 - INFO: FINAL BEST RESULT: 	Epoch: 7	Dev loss: 0.8618	Dev acc: 71.9553	Dev fscore(p/r/f): (81.3770/75.1825/78.1572)
2024-01-11 21:46:27,002 - INFO: Training: 	Epoch: 65	Time: 9.8918	Training Loss: 0.0214
2024-01-11 21:46:27,446 - INFO: Evaluation: 	Epoch: 65	Time: 0.3650	Dev acc: 69.61	Dev fscore(p/r/f): (79.25/72.47/75.71)
2024-01-11 21:46:27,446 - INFO: FINAL BEST RESULT: 	Epoch: 7	Dev loss: 0.8618	Dev acc: 71.9553	Dev fscore(p/r/f): (81.3770/75.1825/78.1572)
2024-01-11 21:46:37,341 - INFO: Training: 	Epoch: 66	Time: 9.8952	Training Loss: 0.0221
2024-01-11 21:46:37,785 - INFO: Evaluation: 	Epoch: 66	Time: 0.3620	Dev acc: 70.50	Dev fscore(p/r/f): (79.73/73.83/76.66)
2024-01-11 21:46:37,786 - INFO: FINAL BEST RESULT: 	Epoch: 7	Dev loss: 0.8618	Dev acc: 71.9553	Dev fscore(p/r/f): (81.3770/75.1825/78.1572)
2024-01-11 21:46:47,856 - INFO: Training: 	Epoch: 67	Time: 10.0698	Training Loss: 0.0215
2024-01-11 21:46:48,319 - INFO: Evaluation: 	Epoch: 67	Time: 0.3720	Dev acc: 70.39	Dev fscore(p/r/f): (79.32/73.20/76.14)
2024-01-11 21:46:48,321 - INFO: FINAL BEST RESULT: 	Epoch: 7	Dev loss: 0.8618	Dev acc: 71.9553	Dev fscore(p/r/f): (81.3770/75.1825/78.1572)
2024-01-11 21:46:58,233 - INFO: Training: 	Epoch: 68	Time: 9.9123	Training Loss: 0.0217
2024-01-11 21:46:58,720 - INFO: Evaluation: 	Epoch: 68	Time: 0.3840	Dev acc: 70.61	Dev fscore(p/r/f): (79.93/73.93/76.81)
2024-01-11 21:46:58,720 - INFO: FINAL BEST RESULT: 	Epoch: 7	Dev loss: 0.8618	Dev acc: 71.9553	Dev fscore(p/r/f): (81.3770/75.1825/78.1572)
2024-01-11 21:47:08,790 - INFO: Training: 	Epoch: 69	Time: 10.0695	Training Loss: 0.0214
2024-01-11 21:47:09,248 - INFO: Evaluation: 	Epoch: 69	Time: 0.3620	Dev acc: 70.73	Dev fscore(p/r/f): (79.37/73.83/76.50)
2024-01-11 21:47:09,248 - INFO: FINAL BEST RESULT: 	Epoch: 7	Dev loss: 0.8618	Dev acc: 71.9553	Dev fscore(p/r/f): (81.3770/75.1825/78.1572)
2024-01-11 21:47:19,220 - INFO: Training: 	Epoch: 70	Time: 9.9713	Training Loss: 0.0216
2024-01-11 21:47:19,661 - INFO: Evaluation: 	Epoch: 70	Time: 0.3590	Dev acc: 69.83	Dev fscore(p/r/f): (78.79/73.20/75.89)
2024-01-11 21:47:19,661 - INFO: FINAL BEST RESULT: 	Epoch: 7	Dev loss: 0.8618	Dev acc: 71.9553	Dev fscore(p/r/f): (81.3770/75.1825/78.1572)
2024-01-11 21:47:29,700 - INFO: Training: 	Epoch: 71	Time: 10.0375	Training Loss: 0.0242
2024-01-11 21:47:30,149 - INFO: Evaluation: 	Epoch: 71	Time: 0.3748	Dev acc: 69.16	Dev fscore(p/r/f): (77.95/71.53/74.61)
2024-01-11 21:47:30,149 - INFO: FINAL BEST RESULT: 	Epoch: 7	Dev loss: 0.8618	Dev acc: 71.9553	Dev fscore(p/r/f): (81.3770/75.1825/78.1572)
2024-01-11 21:47:40,116 - INFO: Training: 	Epoch: 72	Time: 9.9655	Training Loss: 0.0755
2024-01-11 21:47:40,539 - INFO: Evaluation: 	Epoch: 72	Time: 0.3580	Dev acc: 69.50	Dev fscore(p/r/f): (76.98/72.89/74.88)
2024-01-11 21:47:40,540 - INFO: FINAL BEST RESULT: 	Epoch: 7	Dev loss: 0.8618	Dev acc: 71.9553	Dev fscore(p/r/f): (81.3770/75.1825/78.1572)
2024-01-11 21:47:50,581 - INFO: Training: 	Epoch: 73	Time: 10.0409	Training Loss: 0.0723
2024-01-11 21:47:51,054 - INFO: Evaluation: 	Epoch: 73	Time: 0.3900	Dev acc: 68.38	Dev fscore(p/r/f): (77.04/71.74/74.30)
2024-01-11 21:47:51,055 - INFO: FINAL BEST RESULT: 	Epoch: 7	Dev loss: 0.8618	Dev acc: 71.9553	Dev fscore(p/r/f): (81.3770/75.1825/78.1572)
2024-01-11 21:48:01,171 - INFO: Training: 	Epoch: 74	Time: 10.1159	Training Loss: 0.0331
2024-01-11 21:48:01,616 - INFO: Evaluation: 	Epoch: 74	Time: 0.3671	Dev acc: 68.60	Dev fscore(p/r/f): (76.74/72.26/74.44)
2024-01-11 21:48:01,617 - INFO: FINAL BEST RESULT: 	Epoch: 7	Dev loss: 0.8618	Dev acc: 71.9553	Dev fscore(p/r/f): (81.3770/75.1825/78.1572)
2024-01-11 21:48:11,530 - INFO: Training: 	Epoch: 75	Time: 9.9135	Training Loss: 0.0248
2024-01-11 21:48:11,990 - INFO: Evaluation: 	Epoch: 75	Time: 0.3641	Dev acc: 69.27	Dev fscore(p/r/f): (78.03/72.58/75.20)
2024-01-11 21:48:11,991 - INFO: FINAL BEST RESULT: 	Epoch: 7	Dev loss: 0.8618	Dev acc: 71.9553	Dev fscore(p/r/f): (81.3770/75.1825/78.1572)
2024-01-11 21:48:21,909 - INFO: Training: 	Epoch: 76	Time: 9.9181	Training Loss: 0.0233
2024-01-11 21:48:22,350 - INFO: Evaluation: 	Epoch: 76	Time: 0.3700	Dev acc: 68.94	Dev fscore(p/r/f): (78.52/72.05/75.15)
2024-01-11 21:48:22,350 - INFO: FINAL BEST RESULT: 	Epoch: 7	Dev loss: 0.8618	Dev acc: 71.9553	Dev fscore(p/r/f): (81.3770/75.1825/78.1572)
2024-01-11 21:48:32,202 - INFO: Training: 	Epoch: 77	Time: 9.8507	Training Loss: 0.0215
2024-01-11 21:48:32,640 - INFO: Evaluation: 	Epoch: 77	Time: 0.3650	Dev acc: 69.50	Dev fscore(p/r/f): (77.67/72.89/75.20)
2024-01-11 21:48:32,641 - INFO: FINAL BEST RESULT: 	Epoch: 7	Dev loss: 0.8618	Dev acc: 71.9553	Dev fscore(p/r/f): (81.3770/75.1825/78.1572)
2024-01-11 21:48:42,562 - INFO: Training: 	Epoch: 78	Time: 9.9205	Training Loss: 0.0215
2024-01-11 21:48:43,041 - INFO: Evaluation: 	Epoch: 78	Time: 0.3959	Dev acc: 68.83	Dev fscore(p/r/f): (78.76/71.53/74.97)
2024-01-11 21:48:43,042 - INFO: FINAL BEST RESULT: 	Epoch: 7	Dev loss: 0.8618	Dev acc: 71.9553	Dev fscore(p/r/f): (81.3770/75.1825/78.1572)
2024-01-11 21:48:52,965 - INFO: Training: 	Epoch: 79	Time: 9.9234	Training Loss: 0.0216
2024-01-11 21:48:53,411 - INFO: Evaluation: 	Epoch: 79	Time: 0.3631	Dev acc: 69.05	Dev fscore(p/r/f): (78.05/71.95/74.88)
2024-01-11 21:48:53,412 - INFO: FINAL BEST RESULT: 	Epoch: 7	Dev loss: 0.8618	Dev acc: 71.9553	Dev fscore(p/r/f): (81.3770/75.1825/78.1572)
2024-01-11 21:49:03,268 - INFO: Training: 	Epoch: 80	Time: 9.8564	Training Loss: 0.0214
2024-01-11 21:49:03,697 - INFO: Evaluation: 	Epoch: 80	Time: 0.3580	Dev acc: 69.39	Dev fscore(p/r/f): (78.31/72.68/75.39)
2024-01-11 21:49:03,697 - INFO: FINAL BEST RESULT: 	Epoch: 7	Dev loss: 0.8618	Dev acc: 71.9553	Dev fscore(p/r/f): (81.3770/75.1825/78.1572)
2024-01-11 21:49:13,536 - INFO: Training: 	Epoch: 81	Time: 9.8377	Training Loss: 0.0213
2024-01-11 21:49:14,044 - INFO: Evaluation: 	Epoch: 81	Time: 0.4149	Dev acc: 69.05	Dev fscore(p/r/f): (78.79/72.05/75.27)
2024-01-11 21:49:14,045 - INFO: FINAL BEST RESULT: 	Epoch: 7	Dev loss: 0.8618	Dev acc: 71.9553	Dev fscore(p/r/f): (81.3770/75.1825/78.1572)
2024-01-11 21:49:24,057 - INFO: Training: 	Epoch: 82	Time: 10.0126	Training Loss: 0.0216
2024-01-11 21:49:24,489 - INFO: Evaluation: 	Epoch: 82	Time: 0.3591	Dev acc: 69.05	Dev fscore(p/r/f): (78.77/71.95/75.20)
2024-01-11 21:49:24,490 - INFO: FINAL BEST RESULT: 	Epoch: 7	Dev loss: 0.8618	Dev acc: 71.9553	Dev fscore(p/r/f): (81.3770/75.1825/78.1572)
2024-01-11 21:49:34,402 - INFO: Training: 	Epoch: 83	Time: 9.9117	Training Loss: 0.0215
2024-01-11 21:49:34,849 - INFO: Evaluation: 	Epoch: 83	Time: 0.3730	Dev acc: 69.50	Dev fscore(p/r/f): (79.66/72.26/75.78)
2024-01-11 21:49:34,849 - INFO: FINAL BEST RESULT: 	Epoch: 7	Dev loss: 0.8618	Dev acc: 71.9553	Dev fscore(p/r/f): (81.3770/75.1825/78.1572)
2024-01-11 21:49:44,746 - INFO: Training: 	Epoch: 84	Time: 9.8962	Training Loss: 0.0208
2024-01-11 21:49:45,217 - INFO: Evaluation: 	Epoch: 84	Time: 0.3830	Dev acc: 69.61	Dev fscore(p/r/f): (78.63/72.89/75.65)
2024-01-11 21:49:45,217 - INFO: FINAL BEST RESULT: 	Epoch: 7	Dev loss: 0.8618	Dev acc: 71.9553	Dev fscore(p/r/f): (81.3770/75.1825/78.1572)
2024-01-11 21:49:55,137 - INFO: Training: 	Epoch: 85	Time: 9.9207	Training Loss: 0.0209
2024-01-11 21:49:55,594 - INFO: Evaluation: 	Epoch: 85	Time: 0.3810	Dev acc: 69.39	Dev fscore(p/r/f): (78.68/72.37/75.39)
2024-01-11 21:49:55,594 - INFO: FINAL BEST RESULT: 	Epoch: 7	Dev loss: 0.8618	Dev acc: 71.9553	Dev fscore(p/r/f): (81.3770/75.1825/78.1572)
2024-01-11 21:50:05,470 - INFO: Training: 	Epoch: 86	Time: 9.8745	Training Loss: 0.0208
2024-01-11 21:50:05,934 - INFO: Evaluation: 	Epoch: 86	Time: 0.3810	Dev acc: 69.50	Dev fscore(p/r/f): (77.90/72.78/75.26)
2024-01-11 21:50:05,934 - INFO: FINAL BEST RESULT: 	Epoch: 7	Dev loss: 0.8618	Dev acc: 71.9553	Dev fscore(p/r/f): (81.3770/75.1825/78.1572)
2024-01-11 21:50:15,781 - INFO: Training: 	Epoch: 87	Time: 9.8466	Training Loss: 0.0207
2024-01-11 21:50:16,218 - INFO: Evaluation: 	Epoch: 87	Time: 0.3618	Dev acc: 69.50	Dev fscore(p/r/f): (78.47/72.58/75.41)
2024-01-11 21:50:16,219 - INFO: FINAL BEST RESULT: 	Epoch: 7	Dev loss: 0.8618	Dev acc: 71.9553	Dev fscore(p/r/f): (81.3770/75.1825/78.1572)
2024-01-11 21:50:26,102 - INFO: Training: 	Epoch: 88	Time: 9.8833	Training Loss: 0.0209
2024-01-11 21:50:26,540 - INFO: Evaluation: 	Epoch: 88	Time: 0.3650	Dev acc: 68.94	Dev fscore(p/r/f): (78.74/71.85/75.14)
2024-01-11 21:50:26,541 - INFO: FINAL BEST RESULT: 	Epoch: 7	Dev loss: 0.8618	Dev acc: 71.9553	Dev fscore(p/r/f): (81.3770/75.1825/78.1572)
2024-01-11 21:50:36,430 - INFO: Training: 	Epoch: 89	Time: 9.8886	Training Loss: 0.0214
2024-01-11 21:50:36,871 - INFO: Evaluation: 	Epoch: 89	Time: 0.3650	Dev acc: 69.39	Dev fscore(p/r/f): (78.31/72.68/75.39)
2024-01-11 21:50:36,872 - INFO: FINAL BEST RESULT: 	Epoch: 7	Dev loss: 0.8618	Dev acc: 71.9553	Dev fscore(p/r/f): (81.3770/75.1825/78.1572)
2024-01-11 21:50:46,817 - INFO: Training: 	Epoch: 90	Time: 9.9450	Training Loss: 0.0220
2024-01-11 21:50:47,250 - INFO: Evaluation: 	Epoch: 90	Time: 0.3606	Dev acc: 69.27	Dev fscore(p/r/f): (78.35/72.47/75.30)
2024-01-11 21:50:47,250 - INFO: FINAL BEST RESULT: 	Epoch: 7	Dev loss: 0.8618	Dev acc: 71.9553	Dev fscore(p/r/f): (81.3770/75.1825/78.1572)
2024-01-11 21:50:57,105 - INFO: Training: 	Epoch: 91	Time: 9.8545	Training Loss: 0.0212
2024-01-11 21:50:57,550 - INFO: Evaluation: 	Epoch: 91	Time: 0.3658	Dev acc: 69.39	Dev fscore(p/r/f): (77.90/72.78/75.26)
2024-01-11 21:50:57,551 - INFO: FINAL BEST RESULT: 	Epoch: 7	Dev loss: 0.8618	Dev acc: 71.9553	Dev fscore(p/r/f): (81.3770/75.1825/78.1572)
2024-01-11 21:51:07,482 - INFO: Training: 	Epoch: 92	Time: 9.9308	Training Loss: 0.0212
2024-01-11 21:51:07,987 - INFO: Evaluation: 	Epoch: 92	Time: 0.4209	Dev acc: 69.61	Dev fscore(p/r/f): (77.86/72.99/75.35)
2024-01-11 21:51:07,988 - INFO: FINAL BEST RESULT: 	Epoch: 7	Dev loss: 0.8618	Dev acc: 71.9553	Dev fscore(p/r/f): (81.3770/75.1825/78.1572)
2024-01-11 21:51:18,059 - INFO: Training: 	Epoch: 93	Time: 10.0711	Training Loss: 0.0213
2024-01-11 21:51:18,513 - INFO: Evaluation: 	Epoch: 93	Time: 0.3786	Dev acc: 69.05	Dev fscore(p/r/f): (78.42/72.37/75.27)
2024-01-11 21:51:18,513 - INFO: FINAL BEST RESULT: 	Epoch: 7	Dev loss: 0.8618	Dev acc: 71.9553	Dev fscore(p/r/f): (81.3770/75.1825/78.1572)
