2024-01-13 00:36:53,133 - INFO: +---------------+--------------------+
| Parameter     | Value              |
+---------------+--------------------+
| dataroot      | ./data             |
+---------------+--------------------+
| word2vec_path | ./word2vec-768.txt |
+---------------+--------------------+
| seed          | 999                |
+---------------+--------------------+
| device        | 0                  |
+---------------+--------------------+
| testing       | False              |
+---------------+--------------------+
| noise         | 1                  |
+---------------+--------------------+
| anti_noise    | True               |
+---------------+--------------------+
| batch_size    | 32                 |
+---------------+--------------------+
| lr            | 0.001              |
+---------------+--------------------+
| max_epoch     | 100                |
+---------------+--------------------+
| encoder_cell  | GRU                |
+---------------+--------------------+
| rnn           | GRU                |
+---------------+--------------------+
| dropout       | 0.200              |
+---------------+--------------------+
| embed_size    | 768                |
+---------------+--------------------+
| hidden_size   | 512                |
+---------------+--------------------+
| num_layer     | 1                  |
+---------------+--------------------+
| num_head      | 8                  |
+---------------+--------------------+
| use_crf       | True               |
+---------------+--------------------+
| model         | transformer        |
+---------------+--------------------+
| vocab_size    | 1741               |
+---------------+--------------------+
| pad_idx       | 0                  |
+---------------+--------------------+
| num_tags      | 74                 |
+---------------+--------------------+
| tag_pad_idx   | 0                  |
+---------------+--------------------+
2024-01-13 00:36:53,136 - INFO: Total training steps: 16000
2024-01-13 00:36:53,137 - INFO: =================Start training =================================
2024-01-13 00:36:56,626 - INFO: Training: 	Epoch: 0	Time: 3.4888	Training Loss: 0.0971
2024-01-13 00:36:57,046 - INFO: Evaluation: 	Epoch: 0	Time: 0.3550	Dev acc: 87.26	Dev fscore(p/r/f): (99.65/88.11/93.53)
2024-01-13 00:36:57,185 - INFO: FINAL BEST RESULT: 	Epoch: 0	Dev loss: 0.0058	Dev acc: 87.2626	Dev fscore(p/r/f): (99.6462/88.1126/93.5252)
2024-01-13 00:37:00,077 - INFO: Training: 	Epoch: 1	Time: 2.8913	Training Loss: 0.0021
2024-01-13 00:37:00,477 - INFO: Evaluation: 	Epoch: 1	Time: 0.3311	Dev acc: 87.49	Dev fscore(p/r/f): (99.88/88.32/93.75)
2024-01-13 00:37:00,622 - INFO: FINAL BEST RESULT: 	Epoch: 1	Dev loss: 0.0008	Dev acc: 87.4860	Dev fscore(p/r/f): (99.8821/88.3212/93.7465)
