2024-01-12 12:28:06,184 - INFO: +---------------+--------------------+
| Parameter     | Value              |
+---------------+--------------------+
| dataroot      | ./data             |
+---------------+--------------------+
| word2vec_path | ./word2vec-768.txt |
+---------------+--------------------+
| seed          | 999                |
+---------------+--------------------+
| device        | 0                  |
+---------------+--------------------+
| testing       | False              |
+---------------+--------------------+
| batch_size    | 32                 |
+---------------+--------------------+
| lr            | 0.001              |
+---------------+--------------------+
| max_epoch     | 100                |
+---------------+--------------------+
| encoder_cell  | LSTM               |
+---------------+--------------------+
| dropout       | 0                  |
+---------------+--------------------+
| embed_size    | 768                |
+---------------+--------------------+
| hidden_size   | 512                |
+---------------+--------------------+
| num_layer     | 2                  |
+---------------+--------------------+
| noise         | 1                  |
+---------------+--------------------+
2024-01-12 12:28:19,012 - INFO: train. loss: 6.511109438927719
2024-01-12 12:28:20,231 - INFO: Acc: 0.26145, F1 Score: 0.00000, Avg. Loss: 6.45053
2024-01-12 12:28:20,232 - INFO: New best!
2024-01-12 12:28:31,276 - INFO: train. loss: 6.45942188032731
2024-01-12 12:28:32,628 - INFO: Acc: 0.26145, F1 Score: 0.00000, Avg. Loss: 6.45053
2024-01-12 12:28:43,324 - INFO: train. loss: 6.459411891621207
2024-01-12 12:28:44,565 - INFO: Acc: 0.26145, F1 Score: 0.00000, Avg. Loss: 6.45053
